Component: ARM Compiler 6.16 Tool: armlink [5dfeaa00]

==============================================================================

Section Cross References

    startup_stm32f103xb.o(RESET) refers to startup_stm32f103xb.o(STACK) for __initial_sp
    startup_stm32f103xb.o(RESET) refers to startup_stm32f103xb.o(.text) for Reset_Handler
    startup_stm32f103xb.o(RESET) refers to stm32f1xx_it.o(.text.NMI_Handler) for NMI_Handler
    startup_stm32f103xb.o(RESET) refers to stm32f1xx_it.o(.text.HardFault_Handler) for HardFault_Handler
    startup_stm32f103xb.o(RESET) refers to stm32f1xx_it.o(.text.MemManage_Handler) for MemManage_Handler
    startup_stm32f103xb.o(RESET) refers to stm32f1xx_it.o(.text.BusFault_Handler) for BusFault_Handler
    startup_stm32f103xb.o(RESET) refers to stm32f1xx_it.o(.text.UsageFault_Handler) for UsageFault_Handler
    startup_stm32f103xb.o(RESET) refers to stm32f1xx_it.o(.text.SVC_Handler) for SVC_Handler
    startup_stm32f103xb.o(RESET) refers to stm32f1xx_it.o(.text.DebugMon_Handler) for DebugMon_Handler
    startup_stm32f103xb.o(RESET) refers to stm32f1xx_it.o(.text.PendSV_Handler) for PendSV_Handler
    startup_stm32f103xb.o(RESET) refers to stm32f1xx_it.o(.text.SysTick_Handler) for SysTick_Handler
    startup_stm32f103xb.o(RESET) refers to stm32f1xx_it.o(.text.DMA1_Channel3_IRQHandler) for DMA1_Channel3_IRQHandler
    startup_stm32f103xb.o(RESET) refers to stm32f1xx_it.o(.text.USART1_IRQHandler) for USART1_IRQHandler
    startup_stm32f103xb.o(RESET) refers to stm32f1xx_it.o(.text.USART2_IRQHandler) for USART2_IRQHandler
    startup_stm32f103xb.o(RESET) refers to stm32f1xx_it.o(.text.USART3_IRQHandler) for USART3_IRQHandler
    startup_stm32f103xb.o(.text) refers to system_stm32f1xx.o(.text.SystemInit) for SystemInit
    startup_stm32f103xb.o(.text) refers to entry.o(.ARM.Collect$$$$00000000) for __main
    main.o(.text.Send_Onenet_Data) refers to main.o(.bss.Send_Time) for Send_Time
    main.o(.text.Send_Onenet_Data) refers to main.o(.bss.feed_time) for feed_time
    main.o(.text.Send_Onenet_Data) refers to onenet.o(.text.Get_Send_Pack) for Get_Send_Pack
    main.o(.text.Send_Onenet_Data) refers to onenet.o(.bss.app_data) for app_data
    main.o(.text.Send_Onenet_Data) refers to main.o(.rodata.str1.1) for .L.str.1
    main.o(.text.Send_Onenet_Data) refers to main.o(.bss.Cat_weight) for Cat_weight
    main.o(.text.Send_Onenet_Data) refers to main.o(.bss.Dog_weight) for Dog_weight
    main.o(.text.Send_Onenet_Data) refers to onenet.o(.text.SendData_Onenet) for SendData_Onenet
    main.o(.text.Send_Onenet_Data) refers to stm32f1xx_hal.o(.text.HAL_Delay) for HAL_Delay
    main.o(.text.Send_Onenet_Data) refers to main.o(.bss.water_data) for water_data
    main.o(.text.Send_Onenet_Data) refers to dht11.o(.bss.Data) for Data
    main.o(.ARM.exidx.text.Send_Onenet_Data) refers to main.o(.text.Send_Onenet_Data) for [Anonymous Symbol]
    main.o(.text.main) refers to stm32f1xx_hal.o(.text.HAL_Init) for HAL_Init
    main.o(.text.main) refers to main.o(.text.SystemClock_Config) for SystemClock_Config
    main.o(.text.main) refers to gpio.o(.text.MX_GPIO_Init) for MX_GPIO_Init
    main.o(.text.main) refers to dma.o(.text.MX_DMA_Init) for MX_DMA_Init
    main.o(.text.main) refers to adc.o(.text.MX_ADC2_Init) for MX_ADC2_Init
    main.o(.text.main) refers to i2c.o(.text.MX_I2C1_Init) for MX_I2C1_Init
    main.o(.text.main) refers to usart.o(.text.MX_USART1_UART_Init) for MX_USART1_UART_Init
    main.o(.text.main) refers to tim.o(.text.MX_TIM1_Init) for MX_TIM1_Init
    main.o(.text.main) refers to usart.o(.text.MX_USART3_UART_Init) for MX_USART3_UART_Init
    main.o(.text.main) refers to tim.o(.text.MX_TIM4_Init) for MX_TIM4_Init
    main.o(.text.main) refers to tim.o(.text.MX_TIM3_Init) for MX_TIM3_Init
    main.o(.text.main) refers to usart.o(.text.MX_USART2_UART_Init) for MX_USART2_UART_Init
    main.o(.text.main) refers to usart.o(.bss.huart2) for huart2
    main.o(.text.main) refers to main.o(.bss.k210_str) for k210_str
    main.o(.text.main) refers to stm32f1xx_hal_uart.o(.text.HAL_UART_Receive_IT) for HAL_UART_Receive_IT
    main.o(.text.main) refers to hx711.o(.text.Get_Weight_l) for Get_Weight_l
    main.o(.text.main) refers to main.o(.bss.Cat_First_weight) for Cat_First_weight
    main.o(.text.main) refers to hx711.o(.text.Get_Weight) for Get_Weight
    main.o(.text.main) refers to main.o(.bss.Dog_First_weight) for Dog_First_weight
    main.o(.text.main) refers to oled.o(.text.OLED_Init) for OLED_Init
    main.o(.text.main) refers to oled.o(.text.OLED_Clear) for OLED_Clear
    main.o(.text.main) refers to oled.o(.text.OLED_ShowString) for OLED_ShowString
    main.o(.text.main) refers to onenet.o(.text.APP_Data_Init) for APP_Data_Init
    main.o(.text.main) refers to onenet.o(.text.Onenet_Init) for Onenet_Init
    main.o(.text.main) refers to main.o(.bss.Send_Time) for Send_Time
    main.o(.text.main) refers to main.o(.bss.Cat_weight) for Cat_weight
[...]
    [Anonymous Symbol]                       0x080030a0   Section        0  stm32f1xx_hal_i2c.o(.text.I2C_WaitOnBTFFlagUntilTimeout)
    I2C_WaitOnFlagUntilTimeout               0x0800310d   Thumb Code   148  stm32f1xx_hal_i2c.o(.text.I2C_WaitOnFlagUntilTimeout)
    [Anonymous Symbol]                       0x0800310c   Section        0  stm32f1xx_hal_i2c.o(.text.I2C_WaitOnFlagUntilTimeout)
    I2C_WaitOnMasterAddressFlagUntilTimeout  0x080031a1   Thumb Code   150  stm32f1xx_hal_i2c.o(.text.I2C_WaitOnMasterAddressFlagUntilTimeout)
    [Anonymous Symbol]                       0x080031a0   Section        0  stm32f1xx_hal_i2c.o(.text.I2C_WaitOnMasterAddressFlagUntilTimeout)
    I2C_WaitOnTXEFlagUntilTimeout            0x08003239   Thumb Code   106  stm32f1xx_hal_i2c.o(.text.I2C_WaitOnTXEFlagUntilTimeout)
    [Anonymous Symbol]                       0x08003238   Section        0  stm32f1xx_hal_i2c.o(.text.I2C_WaitOnTXEFlagUntilTimeout)
    [Anonymous Symbol]                       0x080032a4   Section        0  bujin.o(.text.MOTOR_CONTROL)
    [Anonymous Symbol]                       0x08003360   Section        0  adc.o(.text.MX_ADC2_Init)
    [Anonymous Symbol]                       0x080033c0   Section        0  dma.o(.text.MX_DMA_Init)
    [Anonymous Symbol]                       0x080033f4   Section        0  gpio.o(.text.MX_GPIO_Init)
    [Anonymous Symbol]                       0x080034dc   Section        0  i2c.o(.text.MX_I2C1_Init)
    [Anonymous Symbol]                       0x0800351c   Section        0  tim.o(.text.MX_TIM1_Init)
    [Anonymous Symbol]                       0x0800359c   Section        0  tim.o(.text.MX_TIM3_Init)
    [Anonymous Symbol]                       0x0800366c   Section        0  tim.o(.text.MX_TIM4_Init)
    [Anonymous Symbol]                       0x0800373c   Section        0  usart.o(.text.MX_USART1_UART_Init)
    [Anonymous Symbol]                       0x08003774   Section        0  usart.o(.text.MX_USART2_UART_Init)
    [Anonymous Symbol]                       0x080037ac   Section        0  usart.o(.text.MX_USART3_UART_Init)
    [Anonymous Symbol]                       0x080037e4   Section        0  stm32f1xx_it.o(.text.MemManage_Handler)
    [Anonymous Symbol]                       0x080037e8   Section        0  stm32f1xx_it.o(.text.NMI_Handler)
    NVIC_EncodePriority                      0x080037ed   Thumb Code    44  stm32f1xx_hal_cortex.o(.text.NVIC_EncodePriority)
    [Anonymous Symbol]                       0x080037ec   Section        0  stm32f1xx_hal_cortex.o(.text.NVIC_EncodePriority)
    [Anonymous Symbol]                       0x08003818   Section        0  oled.o(.text.OLED_Clear)
    [Anonymous Symbol]                       0x08003854   Section        0  oled.o(.text.OLED_Init)
    [Anonymous Symbol]                       0x08003930   Section        0  oled.o(.text.OLED_Set_Pos)
    [Anonymous Symbol]                       0x08003954   Section        0  oled.o(.text.OLED_ShowCHinese)
    [Anonymous Symbol]                       0x080039a4   Section        0  oled.o(.text.OLED_ShowChar)
    [Anonymous Symbol]                       0x08003a34   Section        0  oled.o(.text.OLED_ShowNum)
    [Anonymous Symbol]                       0x08003ac8   Section        0  oled.o(.text.OLED_ShowString)
    [Anonymous Symbol]                       0x08003b08   Section        0  oled.o(.text.OLED_WR_Byte)
    [Anonymous Symbol]                       0x08003b1c   Section        0  onenet.o(.text.Onenet_Init)
    [Anonymous Symbol]                       0x08003b6c   Section        0  stm32f1xx_it.o(.text.PendSV_Handler)
    RCC_Delay                                0x08003b71   Thumb Code    44  stm32f1xx_hal_rcc.o(.text.RCC_Delay)
    [Anonymous Symbol]                       0x08003b70   Section        0  stm32f1xx_hal_rcc.o(.text.RCC_Delay)
    [Anonymous Symbol]                       0x08003b9c   Section        0  onenet.o(.text.RecvData_Dispose)
    [Anonymous Symbol]                       0x08003d10   Section        0  onenet.o(.text.RecvData_Onenet)
    [Anonymous Symbol]                       0x08003d64   Section        0  stm32f1xx_it.o(.text.SVC_Handler)
    [Anonymous Symbol]                       0x08003d68   Section        0  onenet.o(.text.SendData_Onenet)
    [Anonymous Symbol]                       0x08003df0   Section        0  main.o(.text.Send_Onenet_Data)
    [Anonymous Symbol]                       0x08003f1c   Section        0  bujin.o(.text.Step_MOTOR_Start)
    [Anonymous Symbol]                       0x08003f58   Section        0  bujin.o(.text.Step_MOTOR_Stop)
    SysTick_Config                           0x08003f8d   Thumb Code    46  stm32f1xx_hal_cortex.o(.text.SysTick_Config)
    [Anonymous Symbol]                       0x08003f8c   Section        0  stm32f1xx_hal_cortex.o(.text.SysTick_Config)
    [Anonymous Symbol]                       0x08003fbc   Section        0  stm32f1xx_it.o(.text.SysTick_Handler)
    [Anonymous Symbol]                       0x08003fc4   Section        0  main.o(.text.SystemClock_Config)
    [Anonymous Symbol]                       0x08004040   Section        0  system_stm32f1xx.o(.text.SystemInit)
    [Anonymous Symbol]                       0x08004044   Section        0  stm32f1xx_hal_tim.o(.text.TIM_Base_SetConfig)
    [Anonymous Symbol]                       0x080040e0   Section        0  stm32f1xx_hal_tim.o(.text.TIM_CCxChannelCmd)
    [Anonymous Symbol]                       0x08004104   Section        0  stm32f1xx_hal_tim.o(.text.TIM_ETR_SetConfig)
    TIM_ITRx_SetConfig                       0x0800411d   Thumb Code    16  stm32f1xx_hal_tim.o(.text.TIM_ITRx_SetConfig)
    [Anonymous Symbol]                       0x0800411c   Section        0  stm32f1xx_hal_tim.o(.text.TIM_ITRx_SetConfig)
    TIM_OC1_SetConfig                        0x0800412d   Thumb Code    96  stm32f1xx_hal_tim.o(.text.TIM_OC1_SetConfig)
    [Anonymous Symbol]                       0x0800412c   Section        0  stm32f1xx_hal_tim.o(.text.TIM_OC1_SetConfig)
    [Anonymous Symbol]                       0x0800418c   Section        0  stm32f1xx_hal_tim.o(.text.TIM_OC2_SetConfig)
    TIM_OC3_SetConfig                        0x080041f5   Thumb Code   100  stm32f1xx_hal_tim.o(.text.TIM_OC3_SetConfig)
    [Anonymous Symbol]                       0x080041f4   Section        0  stm32f1xx_hal_tim.o(.text.TIM_OC3_SetConfig)
    TIM_OC4_SetConfig                        0x08004259   Thumb Code    74  stm32f1xx_hal_tim.o(.text.TIM_OC4_SetConfig)
    [Anonymous Symbol]                       0x08004258   Section        0  stm32f1xx_hal_tim.o(.text.TIM_OC4_SetConfig)
    TIM_TI1_ConfigInputStage                 0x080042a5   Thumb Code    34  stm32f1xx_hal_tim.o(.text.TIM_TI1_ConfigInputStage)
    [Anonymous Symbol]                       0x080042a4   Section        0  stm32f1xx_hal_tim.o(.text.TIM_TI1_ConfigInputStage)
    TIM_TI2_ConfigInputStage                 0x080042c9   Thumb Code    36  stm32f1xx_hal_tim.o(.text.TIM_TI2_ConfigInputStage)
    [Anonymous Symbol]                       0x080042c8   Section        0  stm32f1xx_hal_tim.o(.text.TIM_TI2_ConfigInputStage)
    UART_DMAAbortOnError                     0x080042ed   Thumb Code    16  stm32f1xx_hal_uart.o(.text.UART_DMAAbortOnError)
    [Anonymous Symbol]                       0x080042ec   Section        0  stm32f1xx_hal_uart.o(.text.UART_DMAAbortOnError)
    UART_DMAError                            0x080042fd   Thumb Code    76  stm32f1xx_hal_uart.o(.text.UART_DMAError)
    [Anonymous Symbol]                       0x080042fc   Section        0  stm32f1xx_hal_uart.o(.text.UART_DMAError)
    UART_DMAReceiveCplt                      0x08004349   Thumb Code   132  stm32f1xx_hal_uart.o(.text.UART_DMAReceiveCplt)
    [Anonymous Symbol]                       0x08004348   Section        0  stm32f1xx_hal_uart.o(.text.UART_DMAReceiveCplt)
    UART_DMARxHalfCplt                       0x080043cd   Thumb Code    30  stm32f1xx_hal_uart.o(.text.UART_DMARxHalfCplt)
    [Anonymous Symbol]                       0x080043cc   Section        0  stm32f1xx_hal_uart.o(.text.UART_DMARxHalfCplt)
    UART_EndRxTransfer                       0x080043ed   Thumb Code    80  stm32f1xx_hal_uart.o(.text.UART_EndRxTransfer)
    [Anonymous Symbol]                       0x080043ec   Section        0  stm32f1xx_hal_uart.o(.text.UART_EndRxTransfer)
    UART_EndTransmit_IT                      0x0800443d   Thumb Code    24  stm32f1xx_hal_uart.o(.text.UART_EndTransmit_IT)
    [Anonymous Symbol]                       0x0800443c   Section        0  stm32f1xx_hal_uart.o(.text.UART_EndTransmit_IT)
    UART_EndTxTransfer                       0x08004455   Thumb Code    28  stm32f1xx_hal_uart.o(.text.UART_EndTxTransfer)
    [Anonymous Symbol]                       0x08004454   Section        0  stm32f1xx_hal_uart.o(.text.UART_EndTxTransfer)
    UART_Receive_IT                          0x08004471   Thumb Code   200  stm32f1xx_hal_uart.o(.text.UART_Receive_IT)
    [Anonymous Symbol]                       0x08004470   Section        0  stm32f1xx_hal_uart.o(.text.UART_Receive_IT)
    UART_SetConfig                           0x08004539   Thumb Code   142  stm32f1xx_hal_uart.o(.text.UART_SetConfig)
    [Anonymous Symbol]                       0x08004538   Section        0  stm32f1xx_hal_uart.o(.text.UART_SetConfig)
    [Anonymous Symbol]                       0x080045c8   Section        0  stm32f1xx_hal_uart.o(.text.UART_Start_Receive_DMA)
    [Anonymous Symbol]                       0x08004660   Section        0  stm32f1xx_hal_uart.o(.text.UART_Start_Receive_IT)
    UART_Transmit_IT                         0x08004695   Thumb Code    82  stm32f1xx_hal_uart.o(.text.UART_Transmit_IT)
    [Anonymous Symbol]                       0x08004694   Section        0  stm32f1xx_hal_uart.o(.text.UART_Transmit_IT)
    UART_WaitOnFlagUntilTimeout              0x080046e9   Thumb Code   136  stm32f1xx_hal_uart.o(.text.UART_WaitOnFlagUntilTimeout)
    [Anonymous Symbol]                       0x080046e8   Section        0  stm32f1xx_hal_uart.o(.text.UART_WaitOnFlagUntilTimeout)
    [Anonymous Symbol]                       0x08004770   Section        0  stm32f1xx_it.o(.text.USART1_IRQHandler)
    [Anonymous Symbol]                       0x08004780   Section        0  stm32f1xx_it.o(.text.USART2_IRQHandler)
    [Anonymous Symbol]                       0x08004790   Section        0  stm32f1xx_it.o(.text.USART3_IRQHandler)
    [Anonymous Symbol]                       0x080047a4   Section        0  stm32f1xx_it.o(.text.UsageFault_Handler)
    [Anonymous Symbol]                       0x080047a8   Section        0  onenet.o(.text.Wifi_At)
    [Anonymous Symbol]                       0x080048f4   Section        0  onenet.o(.text.Wifi_Connet_Device)
    [Anonymous Symbol]                       0x080049e4   Section        0  onenet.o(.text.Wifi_Connet_Hotspot)
    [Anonymous Symbol]                       0x08004ab4   Section        0  onenet.o(.text.Wifi_Connet_Server)
    [Anonymous Symbol]                       0x08004b90   Section        0  onenet.o(.text.Wifi_Internet)
    [Anonymous Symbol]                       0x08004c60   Section        0  onenet.o(.text.Wifi_Mode)
    [Anonymous Symbol]                       0x08004d2c   Section        0  onenet.o(.text.Wifi_Rst)
    [Anonymous Symbol]                       0x08004dec   Section        0  onenet.o(.text.Wifi_Set_RecvData)
    [Anonymous Symbol]                       0x08004ec8   Section        0  onenet.o(.text.Wifi_Set_SendData)
    [Anonymous Symbol]                       0x08004fbc   Section        0  oled.o(.text.Write_IIC_Command)
    [Anonymous Symbol]                       0x08004fec   Section        0  oled.o(.text.Write_IIC_Data)
    __NVIC_EnableIRQ                         0x0800501d   Thumb Code    32  stm32f1xx_hal_cortex.o(.text.__NVIC_EnableIRQ)
    [Anonymous Symbol]                       0x0800501c   Section        0  stm32f1xx_hal_cortex.o(.text.__NVIC_EnableIRQ)
    __NVIC_GetPriorityGrouping               0x0800503d   Thumb Code    16  stm32f1xx_hal_cortex.o(.text.__NVIC_GetPriorityGrouping)
    [Anonymous Symbol]                       0x0800503c   Section        0  stm32f1xx_hal_cortex.o(.text.__NVIC_GetPriorityGrouping)
    __NVIC_SetPriority                       0x0800504d   Thumb Code    34  stm32f1xx_hal_cortex.o(.text.__NVIC_SetPriority)
    [Anonymous Symbol]                       0x0800504c   Section        0  stm32f1xx_hal_cortex.o(.text.__NVIC_SetPriority)
    __NVIC_SetPriorityGrouping               0x08005071   Thumb Code    32  stm32f1xx_hal_cortex.o(.text.__NVIC_SetPriorityGrouping)
    [Anonymous Symbol]                       0x08005070   Section        0  stm32f1xx_hal_cortex.o(.text.__NVIC_SetPriorityGrouping)
    [Anonymous Symbol]                       0x08005090   Section        0  main.o(.text.main)
    [Anonymous Symbol]                       0x080053a4   Section        0  oled.o(.text.oled_pow)
    [Anonymous Symbol]                       0x080053bc   Section        0  bujin.o(.text.r_MOTOR_CONTROL)
    [Anonymous Symbol]                       0x08005480   Section        0  bujin.o(.text.r_Step_MOTOR_Start)
    [Anonymous Symbol]                       0x080054bc   Section        0  bujin.o(.text.r_Step_MOTOR_Stop)
    [Anonymous Symbol]                       0x080054f8   Section        0  show.o(.text.show_str)
    i.__0sprintf                             0x08005600   Section        0  printfa.o(i.__0sprintf)
    i.__aeabi_errno_addr                     0x08005628   Section        0  errno.o(i.__aeabi_errno_addr)
    i.__scatterload_copy                     0x08005630   Section       14  handlers.o(i.__scatterload_copy)
    i.__scatterload_null                     0x0800563e   Section        2  handlers.o(i.__scatterload_null)
    i.__scatterload_zeroinit                 0x08005640   Section       14  handlers.o(i.__scatterload_zeroinit)
    _fp_digits                               0x08005651   Thumb Code   366  printfa.o(i._fp_digits)
    i._fp_digits                             0x08005650   Section        0  printfa.o(i._fp_digits)
    _printf_core                             0x080057d5   Thumb Code  1744  printfa.o(i._printf_core)
    i._printf_core                           0x080057d4   Section        0  printfa.o(i._printf_core)
    _printf_post_padding                     0x08005eb1   Thumb Code    36  printfa.o(i._printf_post_padding)
    i._printf_post_padding                   0x08005eb0   Section        0  printfa.o(i._printf_post_padding)
    _printf_pre_padding                      0x08005ed5   Thumb Code    46  printfa.o(i._printf_pre_padding)
    i._printf_pre_padding                    0x08005ed4   Section        0  printfa.o(i._printf_pre_padding)
    _sputc                                   0x08005f03   Thumb Code    10  printfa.o(i._sputc)
    i._sputc                                 0x08005f02   Section        0  printfa.o(i._sputc)
    .constdata                               0x08005f0c   Section      129  ctype_o.o(.constdata)
    table                                    0x08005f90   Data           4  ctype_o.o(.constdata)
    .constdata                               0x08005f90   Section        4  ctype_o.o(.constdata)
    .L.str.4                                 0x080067c4   Data           4  main.o(.rodata.str1.1)
    [Anonymous Symbol]                       0x080067c4   Section        0  main.o(.rodata.str1.1)
    .L.str.1                                 0x080067c8   Data           4  main.o(.rodata.str1.1)
    .L.str.25                                0x080067cc   Data           9  onenet.o(.rodata.str1.1)
    [Anonymous Symbol]                       0x080067cc   Section        0  onenet.o(.rodata.str1.1)
    .L.str.23                                0x080067d5   Data         126  onenet.o(.rodata.str1.1)
    .L.str.15                                0x08006853   Data          11  onenet.o(.rodata.str1.1)
    .L.str.19                                0x0800685e   Data           3  onenet.o(.rodata.str1.1)
    .L.str.16                                0x08006861   Data           6  onenet.o(.rodata.str1.1)
    .L.str.14                                0x08006867   Data          75  onenet.o(.rodata.str1.1)
    .L.str.21                                0x080068b4   Data          39  onenet.o(.rodata.str1.4)
    [Anonymous Symbol]                       0x080068b4   Section        0  onenet.o(.rodata.str1.4)
    _errno                                   0x20000000   Data           4  errno.o(.data)
    .data                                    0x20000000   Section        4  errno.o(.data)
    MOTOR_CONTROL.step                       0x2000070c   Data           1  bujin.o(.bss.MOTOR_CONTROL.step)
    [Anonymous Symbol]                       0x2000070c   Section        0  bujin.o(.bss.MOTOR_CONTROL.step)
    r_MOTOR_CONTROL.step                     0x20000dae   Data           1  bujin.o(.bss.r_MOTOR_CONTROL.step)
    [Anonymous Symbol]                       0x20000dae   Section        0  bujin.o(.bss.r_MOTOR_CONTROL.step)
    STACK                                    0x20000e88   Section     1024  startup_stm32f103xb.o(STACK)

    Global Symbols

    Symbol Name                              Value     Ov Type        Size  Object(Section)

    BuildAttributes$$THM_ISAv4$P$D$K$B$S$PE$A:L22UL41UL21$X:L11$S22US41US21$IEEE1$IW$~IW$USESV6$~STKCKD$USESV7$~SHL$OTIME$ROPI$EBA8$MICROLIB$REQ8$PRES8$EABIv2 0x00000000   Number         0  anon$$obj.o ABSOLUTE
    _printf_a                                0x00000000   Number         0  printfstubs.o ABSOLUTE
    _printf_c                                0x00000000   Number         0  printfstubs.o ABSOLUTE
    _printf_charcount                        0x00000000   Number         0  printfstubs.o ABSOLUTE
    _printf_d                                0x00000000   Number         0  printfstubs.o ABSOLUTE
    _printf_e                                0x00000000   Number         0  printfstubs.o ABSOLUTE
    _printf_f                                0x00000000   Number         0  printfstubs.o ABSOLUTE
    _printf_flags                            0x00000000   Number         0  printfstubs.o ABSOLUTE
    _printf_fp_dec                           0x00000000   Number         0  printfstubs.o ABSOLUTE
    _printf_fp_hex                           0x00000000   Number         0  printfstubs.o ABSOLUTE
    _printf_g                                0x00000000   Number         0  printfstubs.o ABSOLUTE
    _printf_i                                0x00000000   Number         0  printfstubs.o ABSOLUTE
    _printf_int_dec                          0x00000000   Number         0  printfstubs.o ABSOLUTE
    _printf_l                                0x00000000   Number         0  printfstubs.o ABSOLUTE
    _printf_lc                               0x00000000   Number         0  printfstubs.o ABSOLUTE
    _printf_ll                               0x00000000   Number         0  printfstubs.o ABSOLUTE
    _printf_lld                              0x00000000   Number         0  printfstubs.o ABSOLUTE
    _printf_lli                              0x00000000   Number         0  printfstubs.o ABSOLUTE
    _printf_llo                              0x00000000   Number         0  printfstubs.o ABSOLUTE
    _printf_llu                              0x00000000   Number         0  printfstubs.o ABSOLUTE
    _printf_llx                              0x00000000   Number         0  printfstubs.o ABSOLUTE
    _printf_longlong_dec                     0x00000000   Number         0  printfstubs.o ABSOLUTE
    _printf_longlong_hex                     0x00000000   Number         0  printfstubs.o ABSOLUTE
    _printf_longlong_oct                     0x00000000   Number         0  printfstubs.o ABSOLUTE
    _printf_ls                               0x00000000   Number         0  printfstubs.o ABSOLUTE
    _printf_mbtowc                           0x00000000   Number         0  printfstubs.o ABSOLUTE
    _printf_n                                0x00000000   Number         0  printfstubs.o ABSOLUTE
    _printf_o                                0x00000000   Number         0  printfstubs.o ABSOLUTE
    _printf_p                                0x00000000   Number         0  printfstubs.o ABSOLUTE
    _printf_percent                          0x00000000   Number         0  printfstubs.o ABSOLUTE
    _printf_pre_padding                      0x00000000   Number         0  printfstubs.o ABSOLUTE
    _printf_return_value                     0x00000000   Number         0  printfstubs.o ABSOLUTE
    _printf_s                                0x00000000   Number         0  printfstubs.o ABSOLUTE
    _printf_sizespec                         0x00000000   Number         0  printfstubs.o ABSOLUTE
    _printf_str                              0x00000000   Number         0  printfstubs.o ABSOLUTE
    _printf_truncate_signed                  0x00000000   Number         0  printfstubs.o ABSOLUTE
    _printf_truncate_unsigned                0x00000000   Number         0  printfstubs.o ABSOLUTE
    _printf_u                                0x00000000   Number         0  printfstubs.o ABSOLUTE
    _printf_wc                               0x00000000   Number         0  printfstubs.o ABSOLUTE
    _printf_wctomb                           0x00000000   Number         0  printfstubs.o ABSOLUTE
    _printf_widthprec                        0x00000000   Number         0  printfstubs.o ABSOLUTE
    _printf_x                                0x00000000   Number         0  printfstubs.o ABSOLUTE
    __cpp_initialize__aeabi_                  - Undefined Weak Reference
    __cxa_finalize                            - Undefined Weak Reference
    _clock_init                               - Undefined Weak Reference
    _microlib_exit                            - Undefined Weak Reference
    __Vectors_Size                           0x000000ec   Number         0  startup_stm32f103xb.o ABSOLUTE
    __Vectors                                0x08000000   Data           4  startup_stm32f103xb.o(RESET)
    __Vectors_End                            0x080000ec   Data           0  startup_stm32f103xb.o(RESET)
    __main                                   0x080000ed   Thumb Code     0  entry.o(.ARM.Collect$$$$00000000)
    _main_stk                                0x080000ed   Thumb Code     0  entry2.o(.ARM.Collect$$$$00000001)
    _main_scatterload                        0x080000f1   Thumb Code     0  entry5.o(.ARM.Collect$$$$00000004)
    __main_after_scatterload                 0x080000f5   Thumb Code     0  entry5.o(.ARM.Collect$$$$00000004)
    _main_clock                              0x080000f5   Thumb Code     0  entry7b.o(.ARM.Collect$$$$00000008)
    _main_cpp_init                           0x080000f5   Thumb Code     0  entry8b.o(.ARM.Collect$$$$0000000A)
    _main_init                               0x080000f5   Thumb Code     0  entry9a.o(.ARM.Collect$$$$0000000B)
    __rt_final_cpp                           0x080000fd   Thumb Code     0  entry10a.o(.ARM.Collect$$$$0000000D)
    __rt_final_exit                          0x080000fd   Thumb Code     0  entry11a.o(.ARM.Collect$$$$0000000F)
    Reset_Handler                            0x08000101   Thumb Code     8  startup_stm32f103xb.o(.text)
    ADC1_2_IRQHandler                        0x0800011b   Thumb Code     0  startup_stm32f103xb.o(.text)
    CAN1_RX1_IRQHandler                      0x0800011b   Thumb Code     0  startup_stm32f103xb.o(.text)
    CAN1_SCE_IRQHandler                      0x0800011b   Thumb Code     0  startup_stm32f103xb.o(.text)
    DMA1_Channel1_IRQHandler                 0x0800011b   Thumb Code     0  startup_stm32f103xb.o(.text)
    DMA1_Channel2_IRQHandler                 0x0800011b   Thumb Code     0  startup_stm32f103xb.o(.text)
    DMA1_Channel4_IRQHandler                 0x0800011b   Thumb Code     0  startup_stm32f103xb.o(.text)
    DMA1_Channel5_IRQHandler                 0x0800011b   Thumb Code     0  startup_stm32f103xb.o(.text)
    DMA1_Channel6_IRQHandler                 0x0800011b   Thumb Code     0  startup_stm32f103xb.o(.text)
    DMA1_Channel7_IRQHandler                 0x0800011b   Thumb Code     0  startup_stm32f103xb.o(.text)
    EXTI0_IRQHandler                         0x0800011b   Thumb Code     0  startup_stm32f103xb.o(.text)
    EXTI15_10_IRQHandler                     0x0800011b   Thumb Code     0  startup_stm32f103xb.o(.text)
    EXTI1_IRQHandler                         0x0800011b   Thumb Code     0  startup_stm32f103xb.o(.text)
    EXTI2_IRQHandler                         0x0800011b   Thumb Code     0  startup_stm32f103xb.o(.text)
    EXTI3_IRQHandler                         0x0800011b   Thumb Code     0  startup_stm32f103xb.o(.text)
    EXTI4_IRQHandler                         0x0800011b   Thumb Code     0  startup_stm32f103xb.o(.text)
    EXTI9_5_IRQHandler                       0x0800011b   Thumb Code     0  startup_stm32f103xb.o(.text)
    FLASH_IRQHandler                         0x0800011b   Thumb Code     0  startup_stm32f103xb.o(.text)
    I2C1_ER_IRQHandler                       0x0800011b   Thumb Code     0  startup_stm32f103xb.o(.text)
    I2C1_EV_IRQHandler                       0x0800011b   Thumb Code     0  startup_stm32f103xb.o(.text)
    I2C2_ER_IRQHandler                       0x0800011b   Thumb Code     0  startup_stm32f103xb.o(.text)
    I2C2_EV_IRQHandler                       0x0800011b   Thumb Code     0  startup_stm32f103xb.o(.text)
    PVD_IRQHandler                           0x0800011b   Thumb Code     0  startup_stm32f103xb.o(.text)
    RCC_IRQHandler                           0x0800011b   Thumb Code     0  startup_stm32f103xb.o(.text)
    RTC_Alarm_IRQHandler                     0x0800011b   Thumb Code     0  startup_stm32f103xb.o(.text)
    RTC_IRQHandler                           0x0800011b   Thumb Code     0  startup_stm32f103xb.o(.text)
    SPI1_IRQHandler                          0x0800011b   Thumb Code     0  startup_stm32f103xb.o(.text)
    SPI2_IRQHandler                          0x0800011b   Thumb Code     0  startup_stm32f103xb.o(.text)
    TAMPER_IRQHandler                        0x0800011b   Thumb Code     0  startup_stm32f103xb.o(.text)
    TIM1_BRK_IRQHandler                      0x0800011b   Thumb Code     0  startup_stm32f103xb.o(.text)
    TIM1_CC_IRQHandler                       0x0800011b   Thumb Code     0  startup_stm32f103xb.o(.text)
    TIM1_TRG_COM_IRQHandler                  0x0800011b   Thumb Code     0  startup_stm32f103xb.o(.text)
    TIM1_UP_IRQHandler                       0x0800011b   Thumb Code     0  startup_stm32f103xb.o(.text)
    TIM2_IRQHandler                          0x0800011b   Thumb Code     0  startup_stm32f103xb.o(.text)
    TIM3_IRQHandler                          0x0800011b   Thumb Code     0  startup_stm32f103xb.o(.text)
    TIM4_IRQHandler                          0x0800011b   Thumb Code     0  startup_stm32f103xb.o(.text)
    USBWakeUp_IRQHandler                     0x0800011b   Thumb Code     0  startup_stm32f103xb.o(.text)
    USB_HP_CAN1_TX_IRQHandler                0x0800011b   Thumb Code     0  startup_stm32f103xb.o(.text)
    USB_LP_CAN1_RX0_IRQHandler               0x0800011b   Thumb Code     0  startup_stm32f103xb.o(.text)
    WWDG_IRQHandler                          0x0800011b   Thumb Code     0  startup_stm32f103xb.o(.text)
    __aeabi_memset                           0x08000125   Thumb Code    14  memseta.o(.text)
    __aeabi_memset4                          0x08000125   Thumb Code     0  memseta.o(.text)
    __aeabi_memset8                          0x08000125   Thumb Code     0  memseta.o(.text)
    __aeabi_memclr                           0x08000133   Thumb Code     4  memseta.o(.text)
    __aeabi_memclr4                          0x08000133   Thumb Code     0  memseta.o(.text)
    __aeabi_memclr8                          0x08000133   Thumb Code     0  memseta.o(.text)
    _memset$wrapper                          0x08000137   Thumb Code    18  memseta.o(.text)
    strcat                                   0x08000149   Thumb Code    24  strcat.o(.text)
    strstr                                   0x08000161   Thumb Code    36  strstr.o(.text)
    strchr                                   0x08000185   Thumb Code    20  strchr.o(.text)
    strlen                                   0x08000199   Thumb Code    14  strlen.o(.text)
    atoi                                     0x080001a7   Thumb Code    26  atoi.o(.text)
    __aeabi_fdiv                             0x080001c1   Thumb Code   124  fdiv.o(.text)
    __aeabi_ddiv                             0x0800023d   Thumb Code   222  ddiv.o(.text)
    __aeabi_i2f                              0x0800031b   Thumb Code    18  fflti.o(.text)
    __aeabi_i2d                              0x0800032d   Thumb Code    34  dflti.o(.text)
    __aeabi_f2iz                             0x0800034f   Thumb Code    50  ffixi.o(.text)
    __aeabi_d2f                              0x08000381   Thumb Code    56  d2f.o(.text)
    __aeabi_uidiv                            0x080003b9   Thumb Code     0  uidiv.o(.text)
    __aeabi_uidivmod                         0x080003b9   Thumb Code    44  uidiv.o(.text)
    __aeabi_uldivmod                         0x080003e5   Thumb Code    98  uldiv.o(.text)
    strtol                                   0x08000447   Thumb Code   112  strtol.o(.text)
    __I$use$fp                               0x080004b7   Thumb Code     0  iusefp.o(.text)
    _float_round                             0x080004b7   Thumb Code    18  fepilogue.o(.text)
    _float_epilogue                          0x080004c9   Thumb Code    92  fepilogue.o(.text)
    _double_round                            0x08000525   Thumb Code    30  depilogue.o(.text)
    _double_epilogue                         0x08000543   Thumb Code   156  depilogue.o(.text)
    __aeabi_dadd                             0x080005df   Thumb Code   322  dadd.o(.text)
    __aeabi_dsub                             0x08000721   Thumb Code     6  dadd.o(.text)
    __aeabi_drsub                            0x08000727   Thumb Code     6  dadd.o(.text)
    __aeabi_dmul                             0x0800072d   Thumb Code   228  dmul.o(.text)
    __aeabi_d2ulz                            0x08000811   Thumb Code    48  dfixul.o(.text)
    __aeabi_cdrcmple                         0x08000841   Thumb Code    48  cdrcmple.o(.text)
    __scatterload                            0x08000871   Thumb Code    28  init.o(.text)
    __scatterload_rt2                        0x08000871   Thumb Code     0  init.o(.text)
    __aeabi_llsl                             0x08000895   Thumb Code    30  llshl.o(.text)
    _ll_shift_l                              0x08000895   Thumb Code     0  llshl.o(.text)
    __aeabi_llsr                             0x080008b3   Thumb Code    32  llushr.o(.text)
    _ll_ushift_r                             0x080008b3   Thumb Code     0  llushr.o(.text)
    __aeabi_lasr                             0x080008d3   Thumb Code    36  llsshr.o(.text)
    _ll_sshift_r                             0x080008d3   Thumb Code     0  llsshr.o(.text)
    __rt_ctype_table                         0x080008f9   Thumb Code     4  ctype_o.o(.text)
    _strtoul                                 0x08000901   Thumb Code   158  _strtoul.o(.text)
    _chval                                   0x0800099f   Thumb Code    28  _chval.o(.text)
    __decompress                             0x080009bb   Thumb Code     0  __dczerorl.o(.text)
    __decompress0                            0x080009bb   Thumb Code    58  __dczerorl.o(.text)
    ADC_ConversionStop_Disable               0x080009f5   Thumb Code    86  stm32f1xx_hal_adc.o(.text.ADC_ConversionStop_Disable)
    ADC_Enable                               0x08000a4d   Thumb Code   146  stm32f1xx_hal_adc.o(.text.ADC_Enable)
    APP_Data_Init                            0x08000ae1   Thumb Code    38  onenet.o(.text.APP_Data_Init)
    AT_Dispose                               0x08000b09   Thumb Code    14  onenet.o(.text.AT_Dispose)
    BusFault_Handler                         0x08000b19   Thumb Code     2  stm32f1xx_it.o(.text.BusFault_Handler)
    DHT_GPIO_SET_INPUT                       0x08000b1d   Thumb Code    34  dht11.o(.text.DHT_GPIO_SET_INPUT)
    DHT_GPIO_SET_OUTPUT                      0x08000b41   Thumb Code    32  dht11.o(.text.DHT_GPIO_SET_OUTPUT)
    DHT_Read                                 0x08000b61   Thumb Code   206  dht11.o(.text.DHT_Read)
    DHT_Read_Byte                            0x08000c31   Thumb Code   150  dht11.o(.text.DHT_Read_Byte)
    DMA1_Channel3_IRQHandler                 0x08000cc9   Thumb Code    16  stm32f1xx_it.o(.text.DMA1_Channel3_IRQHandler)
    DebugMon_Handler                         0x08000d05   Thumb Code     2  stm32f1xx_it.o(.text.DebugMon_Handler)
    Delay_us                                 0x08000d09   Thumb Code    58  dht11.o(.text.Delay_us)
    Error_Handler                            0x08000d45   Thumb Code    10  main.o(.text.Error_Handler)
    Get_Send_Pack                            0x08000d51   Thumb Code    60  onenet.o(.text.Get_Send_Pack)
    Get_Weight                               0x08000dc1   Thumb Code    46  hx711.o(.text.Get_Weight)
    Get_Weight_l                             0x08000df1   Thumb Code    46  hx711.o(.text.Get_Weight_l)
    Get_number                               0x08000e21   Thumb Code   160  hx711.o(.text.Get_number)
    Get_number_l                             0x08000ec1   Thumb Code   178  hx711.o(.text.Get_number_l)
    HAL_ADC_ConfigChannel                    0x08000f75   Thumb Code   270  stm32f1xx_hal_adc.o(.text.HAL_ADC_ConfigChannel)
    HAL_ADC_GetValue                         0x08001085   Thumb Code     6  stm32f1xx_hal_adc.o(.text.HAL_ADC_GetValue)
    HAL_ADC_Init                             0x0800108d   Thumb Code   280  stm32f1xx_hal_adc.o(.text.HAL_ADC_Init)
    HAL_ADC_MspInit                          0x080011a5   Thumb Code   102  adc.o(.text.HAL_ADC_MspInit)
    HAL_ADC_Start                            0x0800120d   Thumb Code   222  stm32f1xx_hal_adc.o(.text.HAL_ADC_Start)
    HAL_DMA_Abort                            0x080012ed   Thumb Code    64  stm32f1xx_hal_dma.o(.text.HAL_DMA_Abort)
    HAL_DMA_Abort_IT                         0x0800132d   Thumb Code   174  stm32f1xx_hal_dma.o(.text.HAL_DMA_Abort_IT)
    HAL_DMA_IRQHandler                       0x080013dd   Thumb Code   382  stm32f1xx_hal_dma.o(.text.HAL_DMA_IRQHandler)
    HAL_DMA_Init                             0x0800155d   Thumb Code   136  stm32f1xx_hal_dma.o(.text.HAL_DMA_Init)
    HAL_DMA_Start_IT                         0x080015e5   Thumb Code   110  stm32f1xx_hal_dma.o(.text.HAL_DMA_Start_IT)
    HAL_Delay                                0x08001655   Thumb Code    40  stm32f1xx_hal.o(.text.HAL_Delay)
    HAL_GPIO_Init                            0x0800167d   Thumb Code   506  stm32f1xx_hal_gpio.o(.text.HAL_GPIO_Init)
    HAL_GPIO_ReadPin                         0x08001879   Thumb Code    10  stm32f1xx_hal_gpio.o(.text.HAL_GPIO_ReadPin)
    HAL_GPIO_WritePin                        0x08001885   Thumb Code    10  stm32f1xx_hal_gpio.o(.text.HAL_GPIO_WritePin)
    HAL_GetTick                              0x08001891   Thumb Code    12  stm32f1xx_hal.o(.text.HAL_GetTick)
    HAL_I2C_Init                             0x0800189d   Thumb Code   408  stm32f1xx_hal_i2c.o(.text.HAL_I2C_Init)
    HAL_I2C_Master_Transmit                  0x08001a35   Thumb Code   312  stm32f1xx_hal_i2c.o(.text.HAL_I2C_Master_Transmit)
    HAL_I2C_MspInit                          0x08001b6d   Thumb Code   104  i2c.o(.text.HAL_I2C_MspInit)
    HAL_IncTick                              0x08001bd5   Thumb Code    26  stm32f1xx_hal.o(.text.HAL_IncTick)
    HAL_Init                                 0x08001bf1   Thumb Code    38  stm32f1xx_hal.o(.text.HAL_Init)
    HAL_InitTick                             0x08001c19   Thumb Code    80  stm32f1xx_hal.o(.text.HAL_InitTick)
    HAL_MspInit                              0x08001c69   Thumb Code    66  stm32f1xx_hal_msp.o(.text.HAL_MspInit)
    HAL_NVIC_EnableIRQ                       0x08001cad   Thumb Code     8  stm32f1xx_hal_cortex.o(.text.HAL_NVIC_EnableIRQ)
    HAL_NVIC_SetPriority                     0x08001cb5   Thumb Code    30  stm32f1xx_hal_cortex.o(.text.HAL_NVIC_SetPriority)
    HAL_NVIC_SetPriorityGrouping             0x08001cd5   Thumb Code     8  stm32f1xx_hal_cortex.o(.text.HAL_NVIC_SetPriorityGrouping)
    HAL_RCCEx_PeriphCLKConfig                0x08001cdd   Thumb Code   262  stm32f1xx_hal_rcc_ex.o(.text.HAL_RCCEx_PeriphCLKConfig)
    HAL_RCC_ClockConfig                      0x08001de5   Thumb Code   372  stm32f1xx_hal_rcc.o(.text.HAL_RCC_ClockConfig)
    HAL_RCC_GetHCLKFreq                      0x08001f59   Thumb Code    12  stm32f1xx_hal_rcc.o(.text.HAL_RCC_GetHCLKFreq)
    HAL_RCC_GetPCLK1Freq                     0x08001f65   Thumb Code    34  stm32f1xx_hal_rcc.o(.text.HAL_RCC_GetPCLK1Freq)
    HAL_RCC_GetPCLK2Freq                     0x08001f89   Thumb Code    34  stm32f1xx_hal_rcc.o(.text.HAL_RCC_GetPCLK2Freq)
    HAL_RCC_GetSysClockFreq                  0x08001fad   Thumb Code    76  stm32f1xx_hal_rcc.o(.text.HAL_RCC_GetSysClockFreq)
    HAL_RCC_OscConfig                        0x0800200d   Thumb Code   780  stm32f1xx_hal_rcc.o(.text.HAL_RCC_OscConfig)
    HAL_SYSTICK_Config                       0x08002319   Thumb Code     8  stm32f1xx_hal_cortex.o(.text.HAL_SYSTICK_Config)
    HAL_TIMEx_MasterConfigSynchronization    0x08002321   Thumb Code   118  stm32f1xx_hal_tim_ex.o(.text.HAL_TIMEx_MasterConfigSynchronization)
    HAL_TIM_Base_Init                        0x08002399   Thumb Code    90  stm32f1xx_hal_tim.o(.text.HAL_TIM_Base_Init)
    HAL_TIM_Base_MspInit                     0x080023f5   Thumb Code   136  tim.o(.text.HAL_TIM_Base_MspInit)
    HAL_TIM_Base_Start                       0x0800247d   Thumb Code    94  stm32f1xx_hal_tim.o(.text.HAL_TIM_Base_Start)
    HAL_TIM_Base_Stop                        0x080024dd   Thumb Code    42  stm32f1xx_hal_tim.o(.text.HAL_TIM_Base_Stop)
    HAL_TIM_ConfigClockSource                0x08002509   Thumb Code   222  stm32f1xx_hal_tim.o(.text.HAL_TIM_ConfigClockSource)
    HAL_TIM_MspPostInit                      0x080025e9   Thumb Code   180  tim.o(.text.HAL_TIM_MspPostInit)
    HAL_TIM_PWM_ConfigChannel                0x0800269d   Thumb Code   152  stm32f1xx_hal_tim.o(.text.HAL_TIM_PWM_ConfigChannel)
    HAL_TIM_PWM_Init                         0x08002735   Thumb Code    90  stm32f1xx_hal_tim.o(.text.HAL_TIM_PWM_Init)
    HAL_TIM_PWM_MspInit                      0x08002791   Thumb Code     2  stm32f1xx_hal_tim.o(.text.HAL_TIM_PWM_MspInit)
    HAL_TIM_PWM_Start                        0x08002795   Thumb Code   184  stm32f1xx_hal_tim.o(.text.HAL_TIM_PWM_Start)
    HAL_TIM_PWM_Stop                         0x0800284d   Thumb Code   126  stm32f1xx_hal_tim.o(.text.HAL_TIM_PWM_Stop)
    HAL_UARTEx_RxEventCallback               0x080028cd   Thumb Code     2  stm32f1xx_hal_uart.o(.text.HAL_UARTEx_RxEventCallback)
    HAL_UART_DMAStop                         0x080028d1   Thumb Code   120  stm32f1xx_hal_uart.o(.text.HAL_UART_DMAStop)
    HAL_UART_ErrorCallback                   0x08002949   Thumb Code     2  stm32f1xx_hal_uart.o(.text.HAL_UART_ErrorCallback)
    HAL_UART_IRQHandler                      0x0800294d   Thumb Code   578  stm32f1xx_hal_uart.o(.text.HAL_UART_IRQHandler)
    HAL_UART_Init                            0x08002b91   Thumb Code    96  stm32f1xx_hal_uart.o(.text.HAL_UART_Init)
    HAL_UART_MspInit                         0x08002bf1   Thumb Code   422  usart.o(.text.HAL_UART_MspInit)
    HAL_UART_Receive                         0x08002d99   Thumb Code   194  stm32f1xx_hal_uart.o(.text.HAL_UART_Receive)
    HAL_UART_Receive_DMA                     0x08002e5d   Thumb Code    42  stm32f1xx_hal_uart.o(.text.HAL_UART_Receive_DMA)
    HAL_UART_Receive_IT                      0x08002e89   Thumb Code    42  stm32f1xx_hal_uart.o(.text.HAL_UART_Receive_IT)
    HAL_UART_RxCpltCallback                  0x08002eb5   Thumb Code    76  main.o(.text.HAL_UART_RxCpltCallback)
    HAL_UART_RxHalfCpltCallback              0x08002f01   Thumb Code     2  stm32f1xx_hal_uart.o(.text.HAL_UART_RxHalfCpltCallback)
    HAL_UART_Transmit                        0x08002f05   Thumb Code   180  stm32f1xx_hal_uart.o(.text.HAL_UART_Transmit)
    HAL_UART_TxCpltCallback                  0x08002fb9   Thumb Code     2  stm32f1xx_hal_uart.o(.text.HAL_UART_TxCpltCallback)
    HardFault_Handler                        0x08002fbd   Thumb Code     2  stm32f1xx_it.o(.text.HardFault_Handler)
    MOTOR_CONTROL                            0x080032a5   Thumb Code   188  bujin.o(.text.MOTOR_CONTROL)
    MX_ADC2_Init                             0x08003361   Thumb Code    94  adc.o(.text.MX_ADC2_Init)
    MX_DMA_Init                              0x080033c1   Thumb Code    50  dma.o(.text.MX_DMA_Init)
    MX_GPIO_Init                             0x080033f5   Thumb Code   230  gpio.o(.text.MX_GPIO_Init)
    MX_I2C1_Init                             0x080034dd   Thumb Code    62  i2c.o(.text.MX_I2C1_Init)
    MX_TIM1_Init                             0x0800351d   Thumb Code   126  tim.o(.text.MX_TIM1_Init)
    MX_TIM3_Init                             0x0800359d   Thumb Code   206  tim.o(.text.MX_TIM3_Init)
    MX_TIM4_Init                             0x0800366d   Thumb Code   206  tim.o(.text.MX_TIM4_Init)
    MX_USART1_UART_Init                      0x0800373d   Thumb Code    56  usart.o(.text.MX_USART1_UART_Init)
    MX_USART2_UART_Init                      0x08003775   Thumb Code    56  usart.o(.text.MX_USART2_UART_Init)
    MX_USART3_UART_Init                      0x080037ad   Thumb Code    56  usart.o(.text.MX_USART3_UART_Init)
    MemManage_Handler                        0x080037e5   Thumb Code     2  stm32f1xx_it.o(.text.MemManage_Handler)
    NMI_Handler                              0x080037e9   Thumb Code     2  stm32f1xx_it.o(.text.NMI_Handler)
    OLED_Clear                               0x08003819   Thumb Code    60  oled.o(.text.OLED_Clear)
    OLED_Init                                0x08003855   Thumb Code   220  oled.o(.text.OLED_Init)
    OLED_Set_Pos                             0x08003931   Thumb Code    36  oled.o(.text.OLED_Set_Pos)
    OLED_ShowCHinese                         0x08003955   Thumb Code    80  oled.o(.text.OLED_ShowCHinese)
    OLED_ShowChar                            0x080039a5   Thumb Code   144  oled.o(.text.OLED_ShowChar)
    OLED_ShowNum                             0x08003a35   Thumb Code   148  oled.o(.text.OLED_ShowNum)
    OLED_ShowString                          0x08003ac9   Thumb Code    64  oled.o(.text.OLED_ShowString)
    OLED_WR_Byte                             0x08003b09   Thumb Code    18  oled.o(.text.OLED_WR_Byte)
    Onenet_Init                              0x08003b1d   Thumb Code    78  onenet.o(.text.Onenet_Init)
    PendSV_Handler                           0x08003b6d   Thumb Code     2  stm32f1xx_it.o(.text.PendSV_Handler)
    RecvData_Dispose                         0x08003b9d   Thumb Code   280  onenet.o(.text.RecvData_Dispose)
    RecvData_Onenet                          0x08003d11   Thumb Code    84  onenet.o(.text.RecvData_Onenet)
    SVC_Handler                              0x08003d65   Thumb Code     2  stm32f1xx_it.o(.text.SVC_Handler)
    SendData_Onenet                          0x08003d69   Thumb Code   134  onenet.o(.text.SendData_Onenet)
    Send_Onenet_Data                         0x08003df1   Thumb Code   220  main.o(.text.Send_Onenet_Data)
    Step_MOTOR_Start                         0x08003f1d   Thumb Code    58  bujin.o(.text.Step_MOTOR_Start)
    Step_MOTOR_Stop                          0x08003f59   Thumb Code    52  bujin.o(.text.Step_MOTOR_Stop)
    SysTick_Handler                          0x08003fbd   Thumb Code     8  stm32f1xx_it.o(.text.SysTick_Handler)
    SystemClock_Config                       0x08003fc5   Thumb Code   122  main.o(.text.SystemClock_Config)
    SystemInit                               0x08004041   Thumb Code     2  system_stm32f1xx.o(.text.SystemInit)
    TIM_Base_SetConfig                       0x08004045   Thumb Code   154  stm32f1xx_hal_tim.o(.text.TIM_Base_SetConfig)
    TIM_CCxChannelCmd                        0x080040e1   Thumb Code    36  stm32f1xx_hal_tim.o(.text.TIM_CCxChannelCmd)
    TIM_ETR_SetConfig                        0x08004105   Thumb Code    22  stm32f1xx_hal_tim.o(.text.TIM_ETR_SetConfig)
    TIM_OC2_SetConfig                        0x0800418d   Thumb Code   102  stm32f1xx_hal_tim.o(.text.TIM_OC2_SetConfig)
    UART_Start_Receive_DMA                   0x080045c9   Thumb Code   150  stm32f1xx_hal_uart.o(.text.UART_Start_Receive_DMA)
    UART_Start_Receive_IT                    0x08004661   Thumb Code    52  stm32f1xx_hal_uart.o(.text.UART_Start_Receive_IT)
    USART1_IRQHandler                        0x08004771   Thumb Code    16  stm32f1xx_it.o(.text.USART1_IRQHandler)
    USART2_IRQHandler                        0x08004781   Thumb Code    16  stm32f1xx_it.o(.text.USART2_IRQHandler)
    USART3_IRQHandler                        0x08004791   Thumb Code    20  stm32f1xx_it.o(.text.USART3_IRQHandler)
    UsageFault_Handler                       0x080047a5   Thumb Code     2  stm32f1xx_it.o(.text.UsageFault_Handler)
    Wifi_At                                  0x080047a9   Thumb Code   330  onenet.o(.text.Wifi_At)
    Wifi_Connet_Device                       0x080048f5   Thumb Code   196  onenet.o(.text.Wifi_Connet_Device)
    Wifi_Connet_Hotspot                      0x080049e5   Thumb Code   184  onenet.o(.text.Wifi_Connet_Hotspot)
    Wifi_Connet_Server                       0x08004ab5   Thumb Code   218  onenet.o(.text.Wifi_Connet_Server)
    Wifi_Internet                            0x08004b91   Thumb Code   206  onenet.o(.text.Wifi_Internet)
    Wifi_Mode                                0x08004c61   Thumb Code   202  onenet.o(.text.Wifi_Mode)
    Wifi_Rst                                 0x08004d2d   Thumb Code   190  onenet.o(.text.Wifi_Rst)
    Wifi_Set_RecvData                        0x08004ded   Thumb Code   188  onenet.o(.text.Wifi_Set_RecvData)
    Wifi_Set_SendData                        0x08004ec9   Thumb Code   188  onenet.o(.text.Wifi_Set_SendData)
    Write_IIC_Command                        0x08004fbd   Thumb Code    46  oled.o(.text.Write_IIC_Command)
    Write_IIC_Data                           0x08004fed   Thumb Code    46  oled.o(.text.Write_IIC_Data)
    main                                     0x08005091   Thumb Code   776  main.o(.text.main)
    oled_pow                                 0x080053a5   Thumb Code    24  oled.o(.text.oled_pow)
    r_MOTOR_CONTROL                          0x080053bd   Thumb Code   196  bujin.o(.text.r_MOTOR_CONTROL)
    r_Step_MOTOR_Start                       0x08005481   Thumb Code    58  bujin.o(.text.r_Step_MOTOR_Start)
    r_Step_MOTOR_Stop                        0x080054bd   Thumb Code    60  bujin.o(.text.r_Step_MOTOR_Stop)
    show_str                                 0x080054f9   Thumb Code   236  show.o(.text.show_str)
    __0sprintf                               0x08005601   Thumb Code    34  printfa.o(i.__0sprintf)
    __1sprintf                               0x08005601   Thumb Code     0  printfa.o(i.__0sprintf)
    __2sprintf                               0x08005601   Thumb Code     0  printfa.o(i.__0sprintf)
    __c89sprintf                             0x08005601   Thumb Code     0  printfa.o(i.__0sprintf)
    sprintf                                  0x08005601   Thumb Code     0  printfa.o(i.__0sprintf)
    __aeabi_errno_addr                       0x08005629   Thumb Code     4  errno.o(i.__aeabi_errno_addr)
    __rt_errno_addr                          0x08005629   Thumb Code     0  errno.o(i.__aeabi_errno_addr)
    __scatterload_copy                       0x08005631   Thumb Code    14  handlers.o(i.__scatterload_copy)
    __scatterload_null                       0x0800563f   Thumb Code     2  handlers.o(i.__scatterload_null)
    __scatterload_zeroinit                   0x08005641   Thumb Code    14  handlers.o(i.__scatterload_zeroinit)
    __ctype_table                            0x08005f0c   Data         129  ctype_o.o(.constdata)
    AHBPrescTable                            0x08005f94   Data          16  system_stm32f1xx.o(.rodata.AHBPrescTable)
    APBPrescTable                            0x08005fa4   Data           8  system_stm32f1xx.o(.rodata.APBPrescTable)
    F6x8                                     0x08005fac   Data         552  oled.o(.rodata.F6x8)
    F8X16                                    0x080061d4   Data        1520  oled.o(.rodata.F8X16)
    Region$$Table$$Base                      0x080068dc   Number         0  anon$$obj.o(Region$$Table)
    Region$$Table$$Limit                     0x080068fc   Number         0  anon$$obj.o(Region$$Table)
    Hzk                                      0x20000004   Data        1344  oled.o(.data.Hzk)
    SystemCoreClock                          0x20000544   Data           4  system_stm32f1xx.o(.data.SystemCoreClock)
    animals_flag                             0x20000548   Data           4  main.o(.data.animals_flag)
    uwTickFreq                               0x2000054c   Data           1  stm32f1xx_hal.o(.data.uwTickFreq)
    uwTickPrio                               0x20000550   Data           4  stm32f1xx_hal.o(.data.uwTickPrio)
    Cat_First_weight                         0x20000558   Data           4  main.o(.bss.Cat_First_weight)
    Cat_weight                               0x2000055c   Data           4  main.o(.bss.Cat_weight)
    Data                                     0x20000560   Data           5  dht11.o(.bss.Data)
    Dog_First_weight                         0x20000568   Data           4  main.o(.bss.Dog_First_weight)
    Dog_weight                               0x2000056c   Data           4  main.o(.bss.Dog_weight)
    Error_Num                                0x20000570   Data           1  onenet.o(.bss.Error_Num)
    Get_Pack                                 0x20000574   Data         400  onenet.o(.bss.Get_Pack)
    HX711_Buffer                             0x20000704   Data           4  hx711.o(.bss.HX711_Buffer)
    LED_flag                                 0x20000708   Data           4  main.o(.bss.LED_flag)
    Recv_APP_Buf                             0x20000710   Data         200  onenet.o(.bss.Recv_APP_Buf)
    Recv_AT_Data                             0x200007d8   Data         400  onenet.o(.bss.Recv_AT_Data)
    Send_AT_Data                             0x20000968   Data         400  onenet.o(.bss.Send_AT_Data)
    Send_Time                                0x20000af8   Data           1  main.o(.bss.Send_Time)
    Weight                                   0x20000afc   Data           4  hx711.o(.bss.Weight)
    app_data                                 0x20000b00   Data          36  onenet.o(.bss.app_data)
    feed_flag                                0x20000b24   Data           1  main.o(.bss.feed_flag)
    feed_time                                0x20000b28   Data           4  main.o(.bss.feed_time)
    hadc2                                    0x20000b2c   Data          48  adc.o(.bss.hadc2)
    hdma_usart3_rx                           0x20000b5c   Data          68  usart.o(.bss.hdma_usart3_rx)
    hi2c1                                    0x20000ba0   Data          84  i2c.o(.bss.hi2c1)
    htim1                                    0x20000bf4   Data          72  tim.o(.bss.htim1)
    htim3                                    0x20000c3c   Data          72  tim.o(.bss.htim3)
    htim4                                    0x20000c84   Data          72  tim.o(.bss.htim4)
    huart1                                   0x20000ccc   Data          72  usart.o(.bss.huart1)
    huart2                                   0x20000d14   Data          72  usart.o(.bss.huart2)
    huart3                                   0x20000d5c   Data          72  usart.o(.bss.huart3)
    k210_str                                 0x20000da4   Data          10  main.o(.bss.k210_str)
    str2                                     0x20000daf   Data         100  show.o(.bss.str2)
    str3                                     0x20000e13   Data         100  show.o(.bss.str3)
    uwTick                                   0x20000e78   Data           4  stm32f1xx_hal.o(.bss.uwTick)
    val                                      0x20000e7c   Data           4  hx711.o(.bss.val)
    water_data                               0x20000e80   Data           4  main.o(.bss.water_data)
    __initial_sp                             0x20001288   Data           0  startup_stm32f103xb.o(STACK)



==============================================================================

Memory Map of the image

  Image Entry point : 0x080000ed

  Load Region LR_IROM1 (Base: 0x08000000, Size: 0x00006e58, Max: 0x00010000, ABSOLUTE, COMPRESSED[0x00006b20])

    Execution Region ER_IROM1 (Exec base: 0x08000000, Load base: 0x08000000, Size: 0x000068fc, Max: 0x00010000, ABSOLUTE)

    Exec Addr    Load Addr    Size         Type   Attr      Idx    E Section Name        Object

    0x08000000   0x08000000   0x000000ec   Data   RO            3    RESET               startup_stm32f103xb.o
    0x080000ec   0x080000ec   0x00000000   Code   RO         1510  * .ARM.Collect$$$$00000000  mc_w.l(entry.o)
    0x080000ec   0x080000ec   0x00000004   Code   RO         1800    .ARM.Collect$$$$00000001  mc_w.l(entry2.o)
    0x080000f0   0x080000f0   0x00000004   Code   RO         1803    .ARM.Collect$$$$00000004  mc_w.l(entry5.o)
    0x080000f4   0x080000f4   0x00000000   Code   RO         1805    .ARM.Collect$$$$00000008  mc_w.l(entry7b.o)
    0x080000f4   0x080000f4   0x00000000   Code   RO         1807    .ARM.Collect$$$$0000000A  mc_w.l(entry8b.o)
    0x080000f4   0x080000f4   0x00000008   Code   RO         1808    .ARM.Collect$$$$0000000B  mc_w.l(entry9a.o)
    0x080000fc   0x080000fc   0x00000000   Code   RO         1810    .ARM.Collect$$$$0000000D  mc_w.l(entry10a.o)
    0x080000fc   0x080000fc   0x00000000   Code   RO         1812    .ARM.Collect$$$$0000000F  mc_w.l(entry11a.o)
    0x080000fc   0x080000fc   0x00000004   Code   RO         1801    .ARM.Collect$$$$00002712  mc_w.l(entry2.o)
    0x08000100   0x08000100   0x00000024   Code   RO            4    .text               startup_stm32f103xb.o
    0x08000124   0x08000124   0x00000024   Code   RO         1513    .text               mc_w.l(memseta.o)
    0x08000148   0x08000148   0x00000018   Code   RO         1515    .text               mc_w.l(strcat.o)
    0x08000160   0x08000160   0x00000024   Code   RO         1517    .text               mc_w.l(strstr.o)
    0x08000184   0x08000184   0x00000014   Code   RO         1519    .text               mc_w.l(strchr.o)
    0x08000198   0x08000198   0x0000000e   Code   RO         1521    .text               mc_w.l(strlen.o)
    0x080001a6   0x080001a6   0x0000001a   Code   RO         1784    .text               mc_w.l(atoi.o)
    0x080001c0   0x080001c0   0x0000007c   Code   RO         1786    .text               mf_w.l(fdiv.o)
    0x0800023c   0x0800023c   0x000000de   Code   RO         1788    .text               mf_w.l(ddiv.o)
    0x0800031a   0x0800031a   0x00000012   Code   RO         1790    .text               mf_w.l(fflti.o)
    0x0800032c   0x0800032c   0x00000022   Code   RO         1792    .text               mf_w.l(dflti.o)
    0x0800034e   0x0800034e   0x00000032   Code   RO         1794    .text               mf_w.l(ffixi.o)
    0x08000380   0x08000380   0x00000038   Code   RO         1798    .text               mf_w.l(d2f.o)
    0x080003b8   0x080003b8   0x0000002c   Code   RO         1824    .text               mc_w.l(uidiv.o)
    0x080003e4   0x080003e4   0x00000062   Code   RO         1826    .text               mc_w.l(uldiv.o)
    0x08000446   0x08000446   0x00000070   Code   RO         1835    .text               mc_w.l(strtol.o)
    0x080004b6   0x080004b6   0x00000000   Code   RO         1837    .text               mc_w.l(iusefp.o)
    0x080004b6   0x080004b6   0x0000006e   Code   RO         1838    .text               mf_w.l(fepilogue.o)
    0x08000524   0x08000524   0x000000ba   Code   RO         1840    .text               mf_w.l(depilogue.o)
    0x080005de   0x080005de   0x0000014e   Code   RO         1842    .text               mf_w.l(dadd.o)
    0x0800072c   0x0800072c   0x000000e4   Code   RO         1844    .text               mf_w.l(dmul.o)
    0x08000810   0x08000810   0x00000030   Code   RO         1846    .text               mf_w.l(dfixul.o)
    0x08000840   0x08000840   0x00000030   Code   RO         1848    .text               mf_w.l(cdrcmple.o)
    0x08000870   0x08000870   0x00000024   Code   RO         1850    .text               mc_w.l(init.o)
    0x08000894   0x08000894   0x0000001e   Code   RO         1852    .text               mc_w.l(llshl.o)
    0x080008b2   0x080008b2   0x00000020   Code   RO         1854    .text               mc_w.l(llushr.o)
    0x080008d2   0x080008d2   0x00000024   Code   RO         1856    .text               mc_w.l(llsshr.o)
    0x080008f6   0x080008f6   0x00000002   PAD
    0x080008f8   0x080008f8   0x00000008   Code   RO         1858    .text               mc_w.l(ctype_o.o)
    0x08000900   0x08000900   0x0000009e   Code   RO         1886    .text               mc_w.l(_strtoul.o)
    0x0800099e   0x0800099e   0x0000001c   Code   RO         1888    .text               mc_w.l(_chval.o)
    0x080009ba   0x080009ba   0x0000003a   Code   RO         1898    .text               mc_w.l(__dczerorl.o)
    0x080009f4   0x080009f4   0x00000056   Code   RO          199    .text.ADC_ConversionStop_Disable  stm32f1xx_hal_adc.o
    0x08000a4a   0x08000a4a   0x00000002   PAD
    0x08000a4c   0x08000a4c   0x00000092   Code   RO          207    .text.ADC_Enable    stm32f1xx_hal_adc.o
    0x08000ade   0x08000ade   0x00000002   PAD
    0x08000ae0   0x08000ae0   0x00000026   Code   RO         1442    .text.APP_Data_Init  onenet.o
    0x08000b06   0x08000b06   0x00000002   PAD
    0x08000b08   0x08000b08   0x0000000e   Code   RO         1450    .text.AT_Dispose    onenet.o
    0x08000b16   0x08000b16   0x00000002   PAD
    0x08000b18   0x08000b18   0x00000002   Code   RO          145    .text.BusFault_Handler  stm32f1xx_it.o
    0x08000b1a   0x08000b1a   0x00000002   PAD
    0x08000b1c   0x08000b1c   0x00000022   Code   RO         1358    .text.DHT_GPIO_SET_INPUT  dht11.o
    0x08000b3e   0x08000b3e   0x00000002   PAD
    0x08000b40   0x08000b40   0x00000020   Code   RO         1356    .text.DHT_GPIO_SET_OUTPUT  dht11.o
    0x08000b60   0x08000b60   0x000000ce   Code   RO         1362    .text.DHT_Read      dht11.o
    0x08000c2e   0x08000c2e   0x00000002   PAD
    0x08000c30   0x08000c30   0x00000096   Code   RO         1360    .text.DHT_Read_Byte  dht11.o
    0x08000cc6   0x08000cc6   0x00000002   PAD
    0x08000cc8   0x08000cc8   0x00000010   Code   RO          157    .text.DMA1_Channel3_IRQHandler  stm32f1xx_it.o
    0x08000cd8   0x08000cd8   0x0000002c   Code   RO          434    .text.DMA_SetConfig  stm32f1xx_hal_dma.o
    0x08000d04   0x08000d04   0x00000002   Code   RO          151    .text.DebugMon_Handler  stm32f1xx_it.o
    0x08000d06   0x08000d06   0x00000002   PAD
    0x08000d08   0x08000d08   0x0000003a   Code   RO         1354    .text.Delay_us      dht11.o
    0x08000d42   0x08000d42   0x00000002   PAD
    0x08000d44   0x08000d44   0x0000000a   Code   RO           17    .text.Error_Handler  main.o
    0x08000d4e   0x08000d4e   0x00000002   PAD
    0x08000d50   0x08000d50   0x00000070   Code   RO         1444    .text.Get_Send_Pack  onenet.o
    0x08000dc0   0x08000dc0   0x0000002e   Code   RO         1492    .text.Get_Weight    hx711.o
    0x08000dee   0x08000dee   0x00000002   PAD
    0x08000df0   0x08000df0   0x0000002e   Code   RO         1496    .text.Get_Weight_l  hx711.o
    0x08000e1e   0x08000e1e   0x00000002   PAD
    0x08000e20   0x08000e20   0x000000a0   Code   RO         1494    .text.Get_number    hx711.o
    0x08000ec0   0x08000ec0   0x000000b2   Code   RO         1498    .text.Get_number_l  hx711.o
    0x08000f72   0x08000f72   0x00000002   PAD
    0x08000f74   0x08000f74   0x0000010e   Code   RO          241    .text.HAL_ADC_ConfigChannel  stm32f1xx_hal_adc.o
    0x08001082   0x08001082   0x00000002   PAD
    0x08001084   0x08001084   0x00000006   Code   RO          229    .text.HAL_ADC_GetValue  stm32f1xx_hal_adc.o
    0x0800108a   0x0800108a   0x00000002   PAD
    0x0800108c   0x0800108c   0x00000118   Code   RO          195    .text.HAL_ADC_Init  stm32f1xx_hal_adc.o
    0x080011a4   0x080011a4   0x00000066   Code   RO           53    .text.HAL_ADC_MspInit  adc.o
    0x0800120a   0x0800120a   0x00000002   PAD
    0x0800120c   0x0800120c   0x000000de   Code   RO          205    .text.HAL_ADC_Start  stm32f1xx_hal_adc.o
    0x080012ea   0x080012ea   0x00000002   PAD
    0x080012ec   0x080012ec   0x00000040   Code   RO          438    .text.HAL_DMA_Abort  stm32f1xx_hal_dma.o
    0x0800132c   0x0800132c   0x000000ae   Code   RO          440    .text.HAL_DMA_Abort_IT  stm32f1xx_hal_dma.o
    0x080013da   0x080013da   0x00000002   PAD
    0x080013dc   0x080013dc   0x0000017e   Code   RO          444    .text.HAL_DMA_IRQHandler  stm32f1xx_hal_dma.o
    0x0800155a   0x0800155a   0x00000002   PAD
    0x0800155c   0x0800155c   0x00000088   Code   RO          428    .text.HAL_DMA_Init  stm32f1xx_hal_dma.o
    0x080015e4   0x080015e4   0x0000006e   Code   RO          436    .text.HAL_DMA_Start_IT  stm32f1xx_hal_dma.o
    0x08001652   0x08001652   0x00000002   PAD
    0x08001654   0x08001654   0x00000028   Code   RO          311    .text.HAL_Delay     stm32f1xx_hal.o
    0x0800167c   0x0800167c   0x000001fa   Code   RO          404    .text.HAL_GPIO_Init  stm32f1xx_hal_gpio.o
    0x08001876   0x08001876   0x00000002   PAD
    0x08001878   0x08001878   0x0000000a   Code   RO          408    .text.HAL_GPIO_ReadPin  stm32f1xx_hal_gpio.o
    0x08001882   0x08001882   0x00000002   PAD
    0x08001884   0x08001884   0x0000000a   Code   RO          410    .text.HAL_GPIO_WritePin  stm32f1xx_hal_gpio.o
    0x0800188e   0x0800188e   0x00000002   PAD
    0x08001890   0x08001890   0x0000000c   Code   RO          303    .text.HAL_GetTick   stm32f1xx_hal.o
    0x0800189c   0x0800189c   0x00000198   Code   RO          675    .text.HAL_I2C_Init  stm32f1xx_hal_i2c.o
    0x08001a34   0x08001a34   0x00000138   Code   RO          683    .text.HAL_I2C_Master_Transmit  stm32f1xx_hal_i2c.o
    0x08001b6c   0x08001b6c   0x00000068   Code   RO           77    .text.HAL_I2C_MspInit  i2c.o
    0x08001bd4   0x08001bd4   0x0000001a   Code   RO          301    .text.HAL_IncTick   stm32f1xx_hal.o
    0x08001bee   0x08001bee   0x00000002   PAD
    0x08001bf0   0x08001bf0   0x00000026   Code   RO          291    .text.HAL_Init      stm32f1xx_hal.o
    0x08001c16   0x08001c16   0x00000002   PAD
    0x08001c18   0x08001c18   0x00000050   Code   RO          293    .text.HAL_InitTick  stm32f1xx_hal.o
    0x08001c68   0x08001c68   0x00000042   Code   RO          172    .text.HAL_MspInit   stm32f1xx_hal_msp.o
    0x08001caa   0x08001caa   0x00000002   PAD
    0x08001cac   0x08001cac   0x00000008   Code   RO          474    .text.HAL_NVIC_EnableIRQ  stm32f1xx_hal_cortex.o
    0x08001cb4   0x08001cb4   0x0000001e   Code   RO          466    .text.HAL_NVIC_SetPriority  stm32f1xx_hal_cortex.o
    0x08001cd2   0x08001cd2   0x00000002   PAD
    0x08001cd4   0x08001cd4   0x00000008   Code   RO          462    .text.HAL_NVIC_SetPriorityGrouping  stm32f1xx_hal_cortex.o
    0x08001cdc   0x08001cdc   0x00000106   Code   RO          390    .text.HAL_RCCEx_PeriphCLKConfig  stm32f1xx_hal_rcc_ex.o
    0x08001de2   0x08001de2   0x00000002   PAD
    0x08001de4   0x08001de4   0x00000174   Code   RO          358    .text.HAL_RCC_ClockConfig  stm32f1xx_hal_rcc.o
    0x08001f58   0x08001f58   0x0000000c   Code   RO          368    .text.HAL_RCC_GetHCLKFreq  stm32f1xx_hal_rcc.o
    0x08001f64   0x08001f64   0x00000022   Code   RO          370    .text.HAL_RCC_GetPCLK1Freq  stm32f1xx_hal_rcc.o
    0x08001f86   0x08001f86   0x00000002   PAD
    0x08001f88   0x08001f88   0x00000022   Code   RO          372    .text.HAL_RCC_GetPCLK2Freq  stm32f1xx_hal_rcc.o
    0x08001faa   0x08001faa   0x00000002   PAD
    0x08001fac   0x08001fac   0x00000060   Code   RO          360    .text.HAL_RCC_GetSysClockFreq  stm32f1xx_hal_rcc.o
    0x0800200c   0x0800200c   0x0000030c   Code   RO          354    .text.HAL_RCC_OscConfig  stm32f1xx_hal_rcc.o
    0x08002318   0x08002318   0x00000008   Code   RO          486    .text.HAL_SYSTICK_Config  stm32f1xx_hal_cortex.o
    0x08002320   0x08002320   0x00000076   Code   RO         1161    .text.HAL_TIMEx_MasterConfigSynchronization  stm32f1xx_hal_tim_ex.o
    0x08002396   0x08002396   0x00000002   PAD
    0x08002398   0x08002398   0x0000005a   Code   RO          847    .text.HAL_TIM_Base_Init  stm32f1xx_hal_tim.o
    0x080023f2   0x080023f2   0x00000002   PAD
    0x080023f4   0x080023f4   0x00000088   Code   RO           98    .text.HAL_TIM_Base_MspInit  tim.o
    0x0800247c   0x0800247c   0x0000005e   Code   RO          857    .text.HAL_TIM_Base_Start  stm32f1xx_hal_tim.o
    0x080024da   0x080024da   0x00000002   PAD
    0x080024dc   0x080024dc   0x0000002a   Code   RO          859    .text.HAL_TIM_Base_Stop  stm32f1xx_hal_tim.o
    0x08002506   0x08002506   0x00000002   PAD
    0x08002508   0x08002508   0x000000de   Code   RO         1039    .text.HAL_TIM_ConfigClockSource  stm32f1xx_hal_tim.o
    0x080025e6   0x080025e6   0x00000002   PAD
    0x080025e8   0x080025e8   0x000000b4   Code   RO           94    .text.HAL_TIM_MspPostInit  tim.o
    0x0800269c   0x0800269c   0x00000098   Code   RO         1013    .text.HAL_TIM_PWM_ConfigChannel  stm32f1xx_hal_tim.o
    0x08002734   0x08002734   0x0000005a   Code   RO          901    .text.HAL_TIM_PWM_Init  stm32f1xx_hal_tim.o
    0x0800278e   0x0800278e   0x00000002   PAD
    0x08002790   0x08002790   0x00000002   Code   RO          903    .text.HAL_TIM_PWM_MspInit  stm32f1xx_hal_tim.o
    0x08002792   0x08002792   0x00000002   PAD
    0x08002794   0x08002794   0x000000b8   Code   RO          909    .text.HAL_TIM_PWM_Start  stm32f1xx_hal_tim.o
    0x0800284c   0x0800284c   0x0000007e   Code   RO          911    .text.HAL_TIM_PWM_Stop  stm32f1xx_hal_tim.o
    0x080028ca   0x080028ca   0x00000002   PAD
    0x080028cc   0x080028cc   0x00000002   Code   RO         1277    .text.HAL_UARTEx_RxEventCallback  stm32f1xx_hal_uart.o
    0x080028ce   0x080028ce   0x00000002   PAD
    0x080028d0   0x080028d0   0x00000078   Code   RO         1229    .text.HAL_UART_DMAStop  stm32f1xx_hal_uart.o
    0x08002948   0x08002948   0x00000002   Code   RO         1275    .text.HAL_UART_ErrorCallback  stm32f1xx_hal_uart.o
    0x0800294a   0x0800294a   0x00000002   PAD
    0x0800294c   0x0800294c   0x00000242   Code   RO         1269    .text.HAL_UART_IRQHandler  stm32f1xx_hal_uart.o
    0x08002b8e   0x08002b8e   0x00000002   PAD
    0x08002b90   0x08002b90   0x00000060   Code   RO         1185    .text.HAL_UART_Init  stm32f1xx_hal_uart.o
    0x08002bf0   0x08002bf0   0x000001a6   Code   RO          119    .text.HAL_UART_MspInit  usart.o
    0x08002d96   0x08002d96   0x00000002   PAD
    0x08002d98   0x08002d98   0x000000c2   Code   RO         1205    .text.HAL_UART_Receive  stm32f1xx_hal_uart.o
    0x08002e5a   0x08002e5a   0x00000002   PAD
    0x08002e5c   0x08002e5c   0x0000002a   Code   RO         1221    .text.HAL_UART_Receive_DMA  stm32f1xx_hal_uart.o
    0x08002e86   0x08002e86   0x00000002   PAD
    0x08002e88   0x08002e88   0x0000002a   Code   RO         1209    .text.HAL_UART_Receive_IT  stm32f1xx_hal_uart.o
    0x08002eb2   0x08002eb2   0x00000002   PAD
    0x08002eb4   0x08002eb4   0x0000004c   Code   RO           19    .text.HAL_UART_RxCpltCallback  main.o
    0x08002f00   0x08002f00   0x00000002   Code   RO         1289    .text.HAL_UART_RxHalfCpltCallback  stm32f1xx_hal_uart.o
    0x08002f02   0x08002f02   0x00000002   PAD
    0x08002f04   0x08002f04   0x000000b4   Code   RO         1201    .text.HAL_UART_Transmit  stm32f1xx_hal_uart.o
    0x08002fb8   0x08002fb8   0x00000002   Code   RO         1283    .text.HAL_UART_TxCpltCallback  stm32f1xx_hal_uart.o
    0x08002fba   0x08002fba   0x00000002   PAD
    0x08002fbc   0x08002fbc   0x00000002   Code   RO          141    .text.HardFault_Handler  stm32f1xx_it.o
    0x08002fbe   0x08002fbe   0x00000002   PAD
    0x08002fc0   0x08002fc0   0x00000030   Code   RO          837    .text.I2C_IsAcknowledgeFailed  stm32f1xx_hal_i2c.o
    0x08002ff0   0x08002ff0   0x000000b0   Code   RO          687    .text.I2C_MasterRequestWrite  stm32f1xx_hal_i2c.o
    0x080030a0   0x080030a0   0x0000006a   Code   RO          691    .text.I2C_WaitOnBTFFlagUntilTimeout  stm32f1xx_hal_i2c.o
    0x0800310a   0x0800310a   0x00000002   PAD
    0x0800310c   0x0800310c   0x00000094   Code   RO          685    .text.I2C_WaitOnFlagUntilTimeout  stm32f1xx_hal_i2c.o
    0x080031a0   0x080031a0   0x00000096   Code   RO          835    .text.I2C_WaitOnMasterAddressFlagUntilTimeout  stm32f1xx_hal_i2c.o
    0x08003236   0x08003236   0x00000002   PAD
    0x08003238   0x08003238   0x0000006a   Code   RO          689    .text.I2C_WaitOnTXEFlagUntilTimeout  stm32f1xx_hal_i2c.o
    0x080032a2   0x080032a2   0x00000002   PAD
    0x080032a4   0x080032a4   0x000000bc   Code   RO         1332    .text.MOTOR_CONTROL  bujin.o
    0x08003360   0x08003360   0x0000005e   Code   RO           51    .text.MX_ADC2_Init  adc.o
    0x080033be   0x080033be   0x00000002   PAD
    0x080033c0   0x080033c0   0x00000032   Code   RO           66    .text.MX_DMA_Init   dma.o
    0x080033f2   0x080033f2   0x00000002   PAD
    0x080033f4   0x080033f4   0x000000e6   Code   RO           42    .text.MX_GPIO_Init  gpio.o
    0x080034da   0x080034da   0x00000002   PAD
    0x080034dc   0x080034dc   0x0000003e   Code   RO           75    .text.MX_I2C1_Init  i2c.o
    0x0800351a   0x0800351a   0x00000002   PAD
    0x0800351c   0x0800351c   0x0000007e   Code   RO           90    .text.MX_TIM1_Init  tim.o
    0x0800359a   0x0800359a   0x00000002   PAD
    0x0800359c   0x0800359c   0x000000ce   Code   RO           92    .text.MX_TIM3_Init  tim.o
    0x0800366a   0x0800366a   0x00000002   PAD
    0x0800366c   0x0800366c   0x000000ce   Code   RO           96    .text.MX_TIM4_Init  tim.o
    0x0800373a   0x0800373a   0x00000002   PAD
    0x0800373c   0x0800373c   0x00000038   Code   RO          113    .text.MX_USART1_UART_Init  usart.o
    0x08003774   0x08003774   0x00000038   Code   RO          115    .text.MX_USART2_UART_Init  usart.o
    0x080037ac   0x080037ac   0x00000038   Code   RO          117    .text.MX_USART3_UART_Init  usart.o
    0x080037e4   0x080037e4   0x00000002   Code   RO          143    .text.MemManage_Handler  stm32f1xx_it.o
    0x080037e6   0x080037e6   0x00000002   PAD
    0x080037e8   0x080037e8   0x00000002   Code   RO          139    .text.NMI_Handler   stm32f1xx_it.o
    0x080037ea   0x080037ea   0x00000002   PAD
    0x080037ec   0x080037ec   0x0000002c   Code   RO          472    .text.NVIC_EncodePriority  stm32f1xx_hal_cortex.o
    0x08003818   0x08003818   0x0000003c   Code   RO         1391    .text.OLED_Clear    oled.o
    0x08003854   0x08003854   0x000000dc   Code   RO         1407    .text.OLED_Init     oled.o
    0x08003930   0x08003930   0x00000024   Code   RO         1385    .text.OLED_Set_Pos  oled.o
    0x08003954   0x08003954   0x00000050   Code   RO         1403    .text.OLED_ShowCHinese  oled.o
    0x080039a4   0x080039a4   0x00000090   Code   RO         1395    .text.OLED_ShowChar  oled.o
    0x08003a34   0x08003a34   0x00000094   Code   RO         1399    .text.OLED_ShowNum  oled.o
    0x08003ac8   0x08003ac8   0x00000040   Code   RO         1401    .text.OLED_ShowString  oled.o
    0x08003b08   0x08003b08   0x00000012   Code   RO         1377    .text.OLED_WR_Byte  oled.o
    0x08003b1a   0x08003b1a   0x00000002   PAD
    0x08003b1c   0x08003b1c   0x0000004e   Code   RO         1474    .text.Onenet_Init   onenet.o
    0x08003b6a   0x08003b6a   0x00000002   PAD
    0x08003b6c   0x08003b6c   0x00000002   Code   RO          153    .text.PendSV_Handler  stm32f1xx_it.o
    0x08003b6e   0x08003b6e   0x00000002   PAD
    0x08003b70   0x08003b70   0x0000002c   Code   RO          356    .text.RCC_Delay     stm32f1xx_hal_rcc.o
    0x08003b9c   0x08003b9c   0x00000174   Code   RO         1448    .text.RecvData_Dispose  onenet.o
    0x08003d10   0x08003d10   0x00000054   Code   RO         1452    .text.RecvData_Onenet  onenet.o
    0x08003d64   0x08003d64   0x00000002   Code   RO          149    .text.SVC_Handler   stm32f1xx_it.o
    0x08003d66   0x08003d66   0x00000002   PAD
    0x08003d68   0x08003d68   0x00000086   Code   RO         1454    .text.SendData_Onenet  onenet.o
    0x08003dee   0x08003dee   0x00000002   PAD
    0x08003df0   0x08003df0   0x0000012c   Code   RO           11    .text.Send_Onenet_Data  main.o
    0x08003f1c   0x08003f1c   0x0000003a   Code   RO         1334    .text.Step_MOTOR_Start  bujin.o
    0x08003f56   0x08003f56   0x00000002   PAD
    0x08003f58   0x08003f58   0x00000034   Code   RO         1336    .text.Step_MOTOR_Stop  bujin.o
    0x08003f8c   0x08003f8c   0x0000002e   Code   RO          488    .text.SysTick_Config  stm32f1xx_hal_cortex.o
    0x08003fba   0x08003fba   0x00000002   PAD
    0x08003fbc   0x08003fbc   0x00000008   Code   RO          155    .text.SysTick_Handler  stm32f1xx_it.o
    0x08003fc4   0x08003fc4   0x0000007a   Code   RO           15    .text.SystemClock_Config  main.o
    0x0800403e   0x0800403e   0x00000002   PAD
    0x08004040   0x08004040   0x00000002   Code   RO         1317    .text.SystemInit    system_stm32f1xx.o
    0x08004042   0x08004042   0x00000002   PAD
    0x08004044   0x08004044   0x0000009a   Code   RO          851    .text.TIM_Base_SetConfig  stm32f1xx_hal_tim.o
    0x080040de   0x080040de   0x00000002   PAD
    0x080040e0   0x080040e0   0x00000024   Code   RO          885    .text.TIM_CCxChannelCmd  stm32f1xx_hal_tim.o
    0x08004104   0x08004104   0x00000016   Code   RO         1037    .text.TIM_ETR_SetConfig  stm32f1xx_hal_tim.o
    0x0800411a   0x0800411a   0x00000002   PAD
    0x0800411c   0x0800411c   0x00000010   Code   RO         1043    .text.TIM_ITRx_SetConfig  stm32f1xx_hal_tim.o
    0x0800412c   0x0800412c   0x00000060   Code   RO          995    .text.TIM_OC1_SetConfig  stm32f1xx_hal_tim.o
    0x0800418c   0x0800418c   0x00000066   Code   RO          997    .text.TIM_OC2_SetConfig  stm32f1xx_hal_tim.o
    0x080041f2   0x080041f2   0x00000002   PAD
    0x080041f4   0x080041f4   0x00000064   Code   RO          999    .text.TIM_OC3_SetConfig  stm32f1xx_hal_tim.o
    0x08004258   0x08004258   0x0000004a   Code   RO         1001    .text.TIM_OC4_SetConfig  stm32f1xx_hal_tim.o
    0x080042a2   0x080042a2   0x00000002   PAD
    0x080042a4   0x080042a4   0x00000022   Code   RO         1041    .text.TIM_TI1_ConfigInputStage  stm32f1xx_hal_tim.o
    0x080042c6   0x080042c6   0x00000002   PAD
    0x080042c8   0x080042c8   0x00000024   Code   RO         1045    .text.TIM_TI2_ConfigInputStage  stm32f1xx_hal_tim.o
    0x080042ec   0x080042ec   0x00000010   Code   RO         1273    .text.UART_DMAAbortOnError  stm32f1xx_hal_uart.o
    0x080042fc   0x080042fc   0x0000004c   Code   RO         1219    .text.UART_DMAError  stm32f1xx_hal_uart.o
    0x08004348   0x08004348   0x00000084   Code   RO         1305    .text.UART_DMAReceiveCplt  stm32f1xx_hal_uart.o
    0x080043cc   0x080043cc   0x0000001e   Code   RO         1307    .text.UART_DMARxHalfCplt  stm32f1xx_hal_uart.o
    0x080043ea   0x080043ea   0x00000002   PAD
    0x080043ec   0x080043ec   0x00000050   Code   RO         1233    .text.UART_EndRxTransfer  stm32f1xx_hal_uart.o
    0x0800443c   0x0800443c   0x00000018   Code   RO         1281    .text.UART_EndTransmit_IT  stm32f1xx_hal_uart.o
    0x08004454   0x08004454   0x0000001c   Code   RO         1231    .text.UART_EndTxTransfer  stm32f1xx_hal_uart.o
    0x08004470   0x08004470   0x000000c8   Code   RO         1271    .text.UART_Receive_IT  stm32f1xx_hal_uart.o
    0x08004538   0x08004538   0x0000008e   Code   RO         1189    .text.UART_SetConfig  stm32f1xx_hal_uart.o
    0x080045c6   0x080045c6   0x00000002   PAD
    0x080045c8   0x080045c8   0x00000096   Code   RO         1223    .text.UART_Start_Receive_DMA  stm32f1xx_hal_uart.o
    0x0800465e   0x0800465e   0x00000002   PAD
    0x08004660   0x08004660   0x00000034   Code   RO         1211    .text.UART_Start_Receive_IT  stm32f1xx_hal_uart.o
    0x08004694   0x08004694   0x00000052   Code   RO         1279    .text.UART_Transmit_IT  stm32f1xx_hal_uart.o
    0x080046e6   0x080046e6   0x00000002   PAD
    0x080046e8   0x080046e8   0x00000088   Code   RO         1203    .text.UART_WaitOnFlagUntilTimeout  stm32f1xx_hal_uart.o
    0x08004770   0x08004770   0x00000010   Code   RO          159    .text.USART1_IRQHandler  stm32f1xx_it.o
    0x08004780   0x08004780   0x00000010   Code   RO          161    .text.USART2_IRQHandler  stm32f1xx_it.o
    0x08004790   0x08004790   0x00000014   Code   RO          163    .text.USART3_IRQHandler  stm32f1xx_it.o
    0x080047a4   0x080047a4   0x00000002   Code   RO          147    .text.UsageFault_Handler  stm32f1xx_it.o
    0x080047a6   0x080047a6   0x00000002   PAD
    0x080047a8   0x080047a8   0x0000014a   Code   RO         1470    .text.Wifi_At       onenet.o
    0x080048f2   0x080048f2   0x00000002   PAD
    0x080048f4   0x080048f4   0x000000f0   Code   RO         1462    .text.Wifi_Connet_Device  onenet.o
    0x080049e4   0x080049e4   0x000000d0   Code   RO         1464    .text.Wifi_Connet_Hotspot  onenet.o
    0x08004ab4   0x08004ab4   0x000000da   Code   RO         1460    .text.Wifi_Connet_Server  onenet.o
    0x08004b8e   0x08004b8e   0x00000002   PAD
    0x08004b90   0x08004b90   0x000000ce   Code   RO         1466    .text.Wifi_Internet  onenet.o
    0x08004c5e   0x08004c5e   0x00000002   PAD
    0x08004c60   0x08004c60   0x000000ca   Code   RO         1468    .text.Wifi_Mode     onenet.o
    0x08004d2a   0x08004d2a   0x00000002   PAD
    0x08004d2c   0x08004d2c   0x000000be   Code   RO         1472    .text.Wifi_Rst      onenet.o
    0x08004dea   0x08004dea   0x00000002   PAD
    0x08004dec   0x08004dec   0x000000dc   Code   RO         1458    .text.Wifi_Set_RecvData  onenet.o
    0x08004ec8   0x08004ec8   0x000000f4   Code   RO         1456    .text.Wifi_Set_SendData  onenet.o
    0x08004fbc   0x08004fbc   0x0000002e   Code   RO         1373    .text.Write_IIC_Command  oled.o
    0x08004fea   0x08004fea   0x00000002   PAD
    0x08004fec   0x08004fec   0x0000002e   Code   RO         1375    .text.Write_IIC_Data  oled.o
    0x0800501a   0x0800501a   0x00000002   PAD
    0x0800501c   0x0800501c   0x00000020   Code   RO          476    .text.__NVIC_EnableIRQ  stm32f1xx_hal_cortex.o
    0x0800503c   0x0800503c   0x00000010   Code   RO          468    .text.__NVIC_GetPriorityGrouping  stm32f1xx_hal_cortex.o
    0x0800504c   0x0800504c   0x00000022   Code   RO          470    .text.__NVIC_SetPriority  stm32f1xx_hal_cortex.o
    0x0800506e   0x0800506e   0x00000002   PAD
    0x08005070   0x08005070   0x00000020   Code   RO          464    .text.__NVIC_SetPriorityGrouping  stm32f1xx_hal_cortex.o
    0x08005090   0x08005090   0x00000314   Code   RO           13    .text.main          main.o
    0x080053a4   0x080053a4   0x00000018   Code   RO         1397    .text.oled_pow      oled.o
    0x080053bc   0x080053bc   0x000000c4   Code   RO         1338    .text.r_MOTOR_CONTROL  bujin.o
    0x08005480   0x08005480   0x0000003a   Code   RO         1340    .text.r_Step_MOTOR_Start  bujin.o
    0x080054ba   0x080054ba   0x00000002   PAD
    0x080054bc   0x080054bc   0x0000003c   Code   RO         1342    .text.r_Step_MOTOR_Stop  bujin.o
    0x080054f8   0x080054f8   0x00000108   Code   RO         1430    .text.show_str      show.o
    0x08005600   0x08005600   0x00000028   Code   RO         1758    i.__0sprintf        mc_w.l(printfa.o)
    0x08005628   0x08005628   0x00000008   Code   RO         1828    i.__aeabi_errno_addr  mc_w.l(errno.o)
    0x08005630   0x08005630   0x0000000e   Code   RO         1892    i.__scatterload_copy  mc_w.l(handlers.o)
    0x0800563e   0x0800563e   0x00000002   Code   RO         1893    i.__scatterload_null  mc_w.l(handlers.o)
    0x08005640   0x08005640   0x0000000e   Code   RO         1894    i.__scatterload_zeroinit  mc_w.l(handlers.o)
    0x0800564e   0x0800564e   0x00000002   PAD
    0x08005650   0x08005650   0x00000184   Code   RO         1763    i._fp_digits        mc_w.l(printfa.o)
    0x080057d4   0x080057d4   0x000006dc   Code   RO         1764    i._printf_core      mc_w.l(printfa.o)
    0x08005eb0   0x08005eb0   0x00000024   Code   RO         1765    i._printf_post_padding  mc_w.l(printfa.o)
    0x08005ed4   0x08005ed4   0x0000002e   Code   RO         1766    i._printf_pre_padding  mc_w.l(printfa.o)
    0x08005f02   0x08005f02   0x0000000a   Code   RO         1768    i._sputc            mc_w.l(printfa.o)
    0x08005f0c   0x08005f0c   0x00000081   Data   RO         1859    .constdata          mc_w.l(ctype_o.o)
    0x08005f8d   0x08005f8d   0x00000003   PAD
    0x08005f90   0x08005f90   0x00000004   Data   RO         1860    .constdata          mc_w.l(ctype_o.o)
    0x08005f94   0x08005f94   0x00000010   Data   RO         1322    .rodata.AHBPrescTable  system_stm32f1xx.o
    0x08005fa4   0x08005fa4   0x00000008   Data   RO         1323    .rodata.APBPrescTable  system_stm32f1xx.o
    0x08005fac   0x08005fac   0x00000228   Data   RO         1419    .rodata.F6x8        oled.o
    0x080061d4   0x080061d4   0x000005f0   Data   RO         1420    .rodata.F8X16       oled.o
    0x080067c4   0x080067c4   0x00000008   Data   RO           31    .rodata.str1.1      main.o
    0x080067cc   0x080067cc   0x000000e6   Data   RO         1482    .rodata.str1.1      onenet.o
    0x080068b2   0x080068b2   0x00000002   PAD
    0x080068b4   0x080068b4   0x00000027   Data   RO         1483    .rodata.str1.4      onenet.o
    0x080068db   0x080068db   0x00000001   PAD
    0x080068dc   0x080068dc   0x00000020   Data   RO         1891    Region$$Table       anon$$obj.o


    Execution Region RW_IRAM1 (Exec base: 0x20000000, Load base: 0x08006900, Size: 0x00001288, Max: 0x00005000, ABSOLUTE, COMPRESSED[0x00000220])

    Exec Addr    Load Addr    Size         Type   Attr      Idx    E Section Name        Object

    0x20000000   COMPRESSED   0x00000004   Data   RW         1831    .data               mc_w.l(errno.o)
    0x20000004   COMPRESSED   0x00000540   Data   RW         1421    .data.Hzk           oled.o
    0x20000544   COMPRESSED   0x00000004   Data   RW         1321    .data.SystemCoreClock  system_stm32f1xx.o
    0x20000548   COMPRESSED   0x00000004   Data   RW           21    .data.animals_flag  main.o
    0x2000054c   COMPRESSED   0x00000001   Data   RW          342    .data.uwTickFreq    stm32f1xx_hal.o
    0x2000054d   COMPRESSED   0x00000003   PAD
    0x20000550   COMPRESSED   0x00000004   Data   RW          341    .data.uwTickPrio    stm32f1xx_hal.o
    0x20000554   COMPRESSED   0x00000004   PAD
    0x20000558        -       0x00000004   Zero   RW           24    .bss.Cat_First_weight  main.o
    0x2000055c        -       0x00000004   Zero   RW           25    .bss.Cat_weight     main.o
    0x20000560        -       0x00000005   Zero   RW         1364    .bss.Data           dht11.o
    0x20000565   COMPRESSED   0x00000003   PAD
    0x20000568        -       0x00000004   Zero   RW           26    .bss.Dog_First_weight  main.o
    0x2000056c        -       0x00000004   Zero   RW           27    .bss.Dog_weight     main.o
    0x20000570        -       0x00000001   Zero   RW         1476    .bss.Error_Num      onenet.o
    0x20000571   COMPRESSED   0x00000003   PAD
    0x20000574        -       0x00000190   Zero   RW         1480    .bss.Get_Pack       onenet.o
    0x20000704        -       0x00000004   Zero   RW         1501    .bss.HX711_Buffer   hx711.o
    0x20000708        -       0x00000004   Zero   RW           30    .bss.LED_flag       main.o
    0x2000070c        -       0x00000001   Zero   RW         1344    .bss.MOTOR_CONTROL.step  bujin.o
    0x2000070d   COMPRESSED   0x00000003   PAD
    0x20000710        -       0x000000c8   Zero   RW         1479    .bss.Recv_APP_Buf   onenet.o
    0x200007d8        -       0x00000190   Zero   RW         1478    .bss.Recv_AT_Data   onenet.o
    0x20000968        -       0x00000190   Zero   RW         1477    .bss.Send_AT_Data   onenet.o
    0x20000af8        -       0x00000001   Zero   RW           22    .bss.Send_Time      main.o
    0x20000af9   COMPRESSED   0x00000003   PAD
    0x20000afc        -       0x00000004   Zero   RW         1503    .bss.Weight         hx711.o
    0x20000b00        -       0x00000024   Zero   RW         1481    .bss.app_data       onenet.o
    0x20000b24        -       0x00000001   Zero   RW           29    .bss.feed_flag      main.o
    0x20000b25   COMPRESSED   0x00000003   PAD
    0x20000b28        -       0x00000004   Zero   RW           28    .bss.feed_time      main.o
    0x20000b2c        -       0x00000030   Zero   RW           57    .bss.hadc2          adc.o
    0x20000b5c        -       0x00000044   Zero   RW          130    .bss.hdma_usart3_rx  usart.o
    0x20000ba0        -       0x00000054   Zero   RW           81    .bss.hi2c1          i2c.o
    0x20000bf4        -       0x00000048   Zero   RW          102    .bss.htim1          tim.o
    0x20000c3c        -       0x00000048   Zero   RW          103    .bss.htim3          tim.o
    0x20000c84        -       0x00000048   Zero   RW          104    .bss.htim4          tim.o
    0x20000ccc        -       0x00000048   Zero   RW          127    .bss.huart1         usart.o
    0x20000d14        -       0x00000048   Zero   RW          128    .bss.huart2         usart.o
    0x20000d5c        -       0x00000048   Zero   RW          129    .bss.huart3         usart.o
    0x20000da4        -       0x0000000a   Zero   RW           32    .bss.k210_str       main.o
    0x20000dae        -       0x00000001   Zero   RW         1345    .bss.r_MOTOR_CONTROL.step  bujin.o
    0x20000daf        -       0x00000064   Zero   RW         1432    .bss.str2           show.o
    0x20000e13        -       0x00000064   Zero   RW         1433    .bss.str3           show.o
    0x20000e77   COMPRESSED   0x00000001   PAD
    0x20000e78        -       0x00000004   Zero   RW          343    .bss.uwTick         stm32f1xx_hal.o
    0x20000e7c        -       0x00000004   Zero   RW         1500    .bss.val            hx711.o
    0x20000e80        -       0x00000004   Zero   RW           23    .bss.water_data     main.o
    0x20000e84   COMPRESSED   0x00000004   PAD
    0x20000e88        -       0x00000400   Zero   RW            1    STACK               startup_stm32f103xb.o


==============================================================================

Image component sizes


      Code (inc. data)   RO Data    RW Data    ZI Data      Debug   Object Name

       196          0          0          0         48       3991   adc.o
       612         16          0          0          2       2464   bujin.o
       480          0          0          0          5       3417   dht11.o
        50          0          0          0          0       2003   dma.o
       230          0          0          0          0       1608   gpio.o
       430          0          0          0         12       1733   hx711.o
       166          0          0          0         84       4334   i2c.o
      1296         92          8          4         40       6308   main.o
       886          0       2072       1344          0       7964   oled.o
      2890        300        269          0       1437       6167   onenet.o
       264         28          0          0        200        995   show.o
        36          8        236          0       1024        752   startup_stm32f103xb.o
       196          0          0          5          4       5731   stm32f1xx_hal.o
      1010          0          0          0          0      11161   stm32f1xx_hal_adc.o
       258          0          0          0          0       8706   stm32f1xx_hal_cortex.o
       910          0          0          0          0       7473   stm32f1xx_hal_dma.o
       526         20          0          0          0       4680   stm32f1xx_hal_gpio.o
      1454          0          0          0          0      40037   stm32f1xx_hal_i2c.o
        66          0          0          0          0       1191   stm32f1xx_hal_msp.o
      1372         20          0          0          0       7043   stm32f1xx_hal_rcc.o
       262          0          0          0          0       3549   stm32f1xx_hal_rcc_ex.o
      1672          4          0          0          0      44078   stm32f1xx_hal_tim.o
       118          0          0          0          0      18577   stm32f1xx_hal_tim_ex.o
      2408          0          0          0          0      24371   stm32f1xx_hal_uart.o
        92          0          0          0          0       1962   stm32f1xx_it.o
         2          0         24          4          0       1617   system_stm32f1xx.o
       854          0          0          0        216       6340   tim.o
       590          0          0          0        284       6731   usart.o

    ----------------------------------------------------------------------
     19504        488       2644       1360       3380     234983   Object Totals
         0          0         32          0          0          0   (incl. Generated)
       178          0          3          3         24          0   (incl. Padding)

    ----------------------------------------------------------------------

      Code (inc. data)   RO Data    RW Data    ZI Data      Debug   Library Member Name

        58          0          0          0          0          0   __dczerorl.o
        28          0          0          0          0         68   _chval.o
       158          0          0          0          0         92   _strtoul.o
        26          0          0          0          0         80   atoi.o
         8          4        133          0          0         68   ctype_o.o
         0          0          0          0          0          0   entry.o
         0          0          0          0          0          0   entry10a.o
         0          0          0          0          0          0   entry11a.o
         8          4          0          0          0          0   entry2.o
         4          0          0          0          0          0   entry5.o
         0          0          0          0          0          0   entry7b.o
         0          0          0          0          0          0   entry8b.o
         8          4          0          0          0          0   entry9a.o
         8          4          0          4          0         68   errno.o
        30          0          0          0          0          0   handlers.o
        36          8          0          0          0         68   init.o
         0          0          0          0          0          0   iusefp.o
        30          0          0          0          0         68   llshl.o
        36          0          0          0          0         68   llsshr.o
        32          0          0          0          0         68   llushr.o
        36          0          0          0          0        108   memseta.o
      2276         86          0          0          0        520   printfa.o
        24          0          0          0          0         68   strcat.o
        20          0          0          0          0         68   strchr.o
        14          0          0          0          0         68   strlen.o
        36          0          0          0          0         80   strstr.o
       112          0          0          0          0         88   strtol.o
        44          0          0          0          0         80   uidiv.o
        98          0          0          0          0         92   uldiv.o
        48          0          0          0          0         68   cdrcmple.o
        56          0          0          0          0         88   d2f.o
       334          0          0          0          0        148   dadd.o
       222          0          0          0          0        100   ddiv.o
       186          0          0          0          0        176   depilogue.o
        48          0          0          0          0         68   dfixul.o
        34          0          0          0          0         76   dflti.o
       228          0          0          0          0         96   dmul.o
       124          0          0          0          0         88   fdiv.o
       110          0          0          0          0        168   fepilogue.o
        50          0          0          0          0         68   ffixi.o
        18          0          0          0          0         68   fflti.o

    ----------------------------------------------------------------------
      4592        110        136          4          0       3032   Library Totals
         4          0          3          0          0          0   (incl. Padding)

    ----------------------------------------------------------------------

      Code (inc. data)   RO Data    RW Data    ZI Data      Debug   Library Name

      3130        110        133          4          0       1820   mc_w.l
      1458          0          0          0          0       1212   mf_w.l

    ----------------------------------------------------------------------
      4592        110        136          4          0       3032   Library Totals

    ----------------------------------------------------------------------

==============================================================================


      Code (inc. data)   RO Data    RW Data    ZI Data      Debug   

     24096        598       2780       1364       3380     236115   Grand Totals
     24096        598       2780        544       3380     236115   ELF Image Totals (compressed)
     24096        598       2780        544          0          0   ROM Totals

==============================================================================

    Total RO  Size (Code + RO Data)                26876 (  26.25kB)
    Total RW  Size (RW Data + ZI Data)              4744 (   4.63kB)
    Total ROM Size (Code + RO Data + RW Data)      27420 (  26.78kB)

==============================================================================

