Component: ARM Compiler 6.16 Tool: armlink [5dfeaa00]

==============================================================================

Section Cross References

    startup_stm32l431xx.o(RESET) refers to startup_stm32l431xx.o(STACK) for __initial_sp
    startup_stm32l431xx.o(RESET) refers to startup_stm32l431xx.o(.text) for Reset_Handler
    startup_stm32l431xx.o(RESET) refers to stm32l4xx_it.o(.text.NMI_Handler) for NMI_Handler
    startup_stm32l431xx.o(RESET) refers to stm32l4xx_it.o(.text.HardFault_Handler) for HardFault_Handler
    startup_stm32l431xx.o(RESET) refers to stm32l4xx_it.o(.text.MemManage_Handler) for MemManage_Handler
    startup_stm32l431xx.o(RESET) refers to stm32l4xx_it.o(.text.BusFault_Handler) for BusFault_Handler
    startup_stm32l431xx.o(RESET) refers to stm32l4xx_it.o(.text.UsageFault_Handler) for UsageFault_Handler
    startup_stm32l431xx.o(RESET) refers to stm32l4xx_it.o(.text.SVC_Handler) for SVC_Handler
    startup_stm32l431xx.o(RESET) refers to stm32l4xx_it.o(.text.DebugMon_Handler) for DebugMon_Handler
    startup_stm32l431xx.o(RESET) refers to stm32l4xx_it.o(.text.PendSV_Handler) for PendSV_Handler
    startup_stm32l431xx.o(RESET) refers to stm32l4xx_it.o(.text.SysTick_Handler) for SysTick_Handler
    startup_stm32l431xx.o(RESET) refers to stm32l4xx_it.o(.text.DMA1_Channel3_IRQHandler) for DMA1_Channel3_IRQHandler
    startup_stm32l431xx.o(RESET) refers to stm32l4xx_it.o(.text.DMA1_Channel5_IRQHandler) for DMA1_Channel5_IRQHandler
    startup_stm32l431xx.o(RESET) refers to stm32l4xx_it.o(.text.DMA1_Channel6_IRQHandler) for DMA1_Channel6_IRQHandler
    startup_stm32l431xx.o(RESET) refers to stm32l4xx_it.o(.text.TIM1_UP_TIM16_IRQHandler) for TIM1_UP_TIM16_IRQHandler
    startup_stm32l431xx.o(RESET) refers to stm32l4xx_it.o(.text.USART1_IRQHandler) for USART1_IRQHandler
    startup_stm32l431xx.o(RESET) refers to stm32l4xx_it.o(.text.USART2_IRQHandler) for USART2_IRQHandler
    startup_stm32l431xx.o(RESET) refers to stm32l4xx_it.o(.text.USART3_IRQHandler) for USART3_IRQHandler
    startup_stm32l431xx.o(RESET) refers to stm32l4xx_it.o(.text.EXTI15_10_IRQHandler) for EXTI15_10_IRQHandler
    startup_stm32l431xx.o(.text) refers to system_stm32l4xx.o(.text.SystemInit) for SystemInit
    startup_stm32l431xx.o(.text) refers to entry.o(.ARM.Collect$$$$00000000) for __main
    main.o(.text.printf_sdcard_info) refers to sdmmc.o(.bss.hsd1) for hsd1
    main.o(.text.printf_sdcard_info) refers to stm32l4xx_hal_sd.o(.text.HAL_SD_GetCardCID) for HAL_SD_GetCardCID
    main.o(.text.printf_sdcard_info) refers to main.o(.bss.SDCardInfo) for SDCardInfo
    main.o(.text.printf_sdcard_info) refers to stm32l4xx_hal_sd.o(.text.HAL_SD_GetCardInfo) for HAL_SD_GetCardInfo
    main.o(.text.printf_sdcard_info) refers to puts.o(i.puts) for puts
    main.o(.text.printf_sdcard_info) refers to main.o(.rodata.str1.1) for .L.str.3
    main.o(.text.printf_sdcard_info) refers to printfa.o(i.__0printf) for __2printf
    main.o(.ARM.exidx.text.printf_sdcard_info) refers to main.o(.text.printf_sdcard_info) for [Anonymous Symbol]
    main.o(.text.main) refers to stm32l4xx_hal.o(.text.HAL_Init) for HAL_Init
    main.o(.text.main) refers to main.o(.text.SystemClock_Config) for SystemClock_Config
    main.o(.text.main) refers to gpio.o(.text.MX_GPIO_Init) for MX_GPIO_Init
    main.o(.text.main) refers to dma.o(.text.MX_DMA_Init) for MX_DMA_Init
    main.o(.text.main) refers to spi.o(.text.MX_SPI1_Init) for MX_SPI1_Init
    main.o(.text.main) refers to usart.o(.text.MX_USART1_UART_Init) for MX_USART1_UART_Init
    main.o(.text.main) refers to sdmmc.o(.text.MX_SDMMC1_SD_Init) for MX_SDMMC1_SD_Init
    main.o(.text.main) refers to fatfs.o(.text.MX_FATFS_Init) for MX_FATFS_Init
    main.o(.text.main) refers to usart.o(.text.MX_USART3_UART_Init) for MX_USART3_UART_Init
    main.o(.text.main) refers to usart.o(.text.MX_USART2_UART_Init) for MX_USART2_UART_Init
    main.o(.text.main) refers to tim.o(.text.MX_TIM1_Init) for MX_TIM1_Init
    main.o(.text.main) refers to main.o(.text.MX_NVIC_Init) for MX_NVIC_Init
    main.o(.text.main) refers to sd_diskio.o(.rodata.SD_Driver) for SD_Driver
    main.o(.text.main) refers to main.o(.text.printf_sdcard_info) for printf_sdcard_info
    main.o(.text.main) refers to printfa.o(i.__0printf) for __2printf
    main.o(.text.main) refers to main.o(.data.lcd_desc) for lcd_desc
    main.o(.text.main) refers to lcd_core.o(.text.lcd_init_dev) for lcd_init_dev
    main.o(.text.main) refers to usart.o(.bss.huart1) for huart1
    main.o(.text.main) refers to main.o(.bss.uart1_uart_receive_buff) for uart1_uart_receive_buff
    main.o(.text.main) refers to stm32l4xx_hal_uart.o(.text.HAL_UART_Receive_DMA) for HAL_UART_Receive_DMA
    main.o(.text.main) refers to usart.o(.bss.huart3) for huart3
    main.o(.text.main) refers to main.o(.bss.uart3_uart_receive_buff) for uart3_uart_receive_buff
    main.o(.text.main) refers to malloc.o(i.malloc) for malloc
[...]
    i._printf_pre_padding                    0x08006d02   Section        0  printfa.o(i._printf_pre_padding)
    _snputc                                  0x08006d31   Thumb Code    22  printfa.o(i._snputc)
    i._snputc                                0x08006d30   Section        0  printfa.o(i._snputc)
    i.malloc                                 0x08006d48   Section        0  malloc.o(i.malloc)
    i.puts                                   0x08006db4   Section        0  puts.o(i.puts)
    .L.str.5                                 0x0800a268   Data          27  main.o(.rodata.str1.1)
    [Anonymous Symbol]                       0x0800a268   Section        0  main.o(.rodata.str1.1)
    .L.str.4                                 0x0800a283   Data          27  main.o(.rodata.str1.1)
    .L.str.7                                 0x0800a29e   Data          27  main.o(.rodata.str1.1)
    .L.str.8                                 0x0800a2b9   Data          27  main.o(.rodata.str1.1)
    .L.str.3                                 0x0800a2d4   Data          27  main.o(.rodata.str1.1)
    .L.str.6                                 0x0800a2ef   Data          27  main.o(.rodata.str1.1)
    [Anonymous Symbol]                       0x0800a30a   Section        0  lcd_core.o(.rodata.str1.1)
    .data                                    0x20000000   Section        4  stdout.o(.data)
    .data                                    0x20000004   Section        4  mvars.o(.data)
    .data                                    0x20000008   Section        4  mvars.o(.data)
    Stat                                     0x2000000c   Data           1  sd_diskio.o(.data.Stat)
    [Anonymous Symbol]                       0x2000000c   Section        0  sd_diskio.o(.data.Stat)
    line_buffer                              0x200004dc   Data         640  main.o(.bss.line_buffer)
    [Anonymous Symbol]                       0x200004dc   Section        0  main.o(.bss.line_buffer)
    HEAP                                     0x20000968   Section      512  startup_stm32l431xx.o(HEAP)
    STACK                                    0x20000b68   Section     1024  startup_stm32l431xx.o(STACK)

    Global Symbols

    Symbol Name                              Value     Ov Type        Size  Object(Section)

    BuildAttributes$$THM_ISAv4$E$P$D$K$B$S$7EM$VFPi3$EXTD16$VFPS$VFMA$PE$A:L22UL41UL21$X:L11$S22US41US21$IEEE1$IW$~IW$USESV6$~STKCKD$USESV7$~SHL$OTIME$ROPI$EBA8$MICROLIB$REQ8$PRES8$EABIv2 0x00000000   Number         0  anon$$obj.o ABSOLUTE
    _printf_a                                0x00000000   Number         0  printfstubs.o ABSOLUTE
    _printf_c                                0x00000000   Number         0  printfstubs.o ABSOLUTE
    _printf_charcount                        0x00000000   Number         0  printfstubs.o ABSOLUTE
    _printf_d                                0x00000000   Number         0  printfstubs.o ABSOLUTE
    _printf_e                                0x00000000   Number         0  printfstubs.o ABSOLUTE
    _printf_f                                0x00000000   Number         0  printfstubs.o ABSOLUTE
    _printf_flags                            0x00000000   Number         0  printfstubs.o ABSOLUTE
    _printf_fp_dec                           0x00000000   Number         0  printfstubs.o ABSOLUTE
    _printf_fp_hex                           0x00000000   Number         0  printfstubs.o ABSOLUTE
    _printf_g                                0x00000000   Number         0  printfstubs.o ABSOLUTE
    _printf_i                                0x00000000   Number         0  printfstubs.o ABSOLUTE
    _printf_int_dec                          0x00000000   Number         0  printfstubs.o ABSOLUTE
    _printf_l                                0x00000000   Number         0  printfstubs.o ABSOLUTE
    _printf_lc                               0x00000000   Number         0  printfstubs.o ABSOLUTE
    _printf_ll                               0x00000000   Number         0  printfstubs.o ABSOLUTE
    _printf_lld                              0x00000000   Number         0  printfstubs.o ABSOLUTE
    _printf_lli                              0x00000000   Number         0  printfstubs.o ABSOLUTE
    _printf_llo                              0x00000000   Number         0  printfstubs.o ABSOLUTE
    _printf_llu                              0x00000000   Number         0  printfstubs.o ABSOLUTE
    _printf_llx                              0x00000000   Number         0  printfstubs.o ABSOLUTE
    _printf_longlong_dec                     0x00000000   Number         0  printfstubs.o ABSOLUTE
    _printf_longlong_hex                     0x00000000   Number         0  printfstubs.o ABSOLUTE
    _printf_longlong_oct                     0x00000000   Number         0  printfstubs.o ABSOLUTE
    _printf_ls                               0x00000000   Number         0  printfstubs.o ABSOLUTE
    _printf_mbtowc                           0x00000000   Number         0  printfstubs.o ABSOLUTE
    _printf_n                                0x00000000   Number         0  printfstubs.o ABSOLUTE
    _printf_o                                0x00000000   Number         0  printfstubs.o ABSOLUTE
    _printf_p                                0x00000000   Number         0  printfstubs.o ABSOLUTE
    _printf_percent                          0x00000000   Number         0  printfstubs.o ABSOLUTE
    _printf_pre_padding                      0x00000000   Number         0  printfstubs.o ABSOLUTE
    _printf_return_value                     0x00000000   Number         0  printfstubs.o ABSOLUTE
    _printf_s                                0x00000000   Number         0  printfstubs.o ABSOLUTE
    _printf_sizespec                         0x00000000   Number         0  printfstubs.o ABSOLUTE
    _printf_str                              0x00000000   Number         0  printfstubs.o ABSOLUTE
    _printf_truncate_signed                  0x00000000   Number         0  printfstubs.o ABSOLUTE
    _printf_truncate_unsigned                0x00000000   Number         0  printfstubs.o ABSOLUTE
    _printf_u                                0x00000000   Number         0  printfstubs.o ABSOLUTE
    _printf_wc                               0x00000000   Number         0  printfstubs.o ABSOLUTE
    _printf_wctomb                           0x00000000   Number         0  printfstubs.o ABSOLUTE
    _printf_widthprec                        0x00000000   Number         0  printfstubs.o ABSOLUTE
    _printf_x                                0x00000000   Number         0  printfstubs.o ABSOLUTE
    __cpp_initialize__aeabi_                  - Undefined Weak Reference
    __cxa_finalize                            - Undefined Weak Reference
    __decompress                              - Undefined Weak Reference
    _clock_init                               - Undefined Weak Reference
    _microlib_exit                            - Undefined Weak Reference
    __Vectors_Size                           0x0000018c   Number         0  startup_stm32l431xx.o ABSOLUTE
    __Vectors                                0x08000000   Data           4  startup_stm32l431xx.o(RESET)
    __Vectors_End                            0x0800018c   Data           0  startup_stm32l431xx.o(RESET)
    __main                                   0x0800018d   Thumb Code     0  entry.o(.ARM.Collect$$$$00000000)
    _main_stk                                0x0800018d   Thumb Code     0  entry2.o(.ARM.Collect$$$$00000001)
    _main_scatterload                        0x08000191   Thumb Code     0  entry5.o(.ARM.Collect$$$$00000004)
    __main_after_scatterload                 0x08000195   Thumb Code     0  entry5.o(.ARM.Collect$$$$00000004)
    _main_clock                              0x08000195   Thumb Code     0  entry7b.o(.ARM.Collect$$$$00000008)
    _main_cpp_init                           0x08000195   Thumb Code     0  entry8b.o(.ARM.Collect$$$$0000000A)
    _main_init                               0x08000195   Thumb Code     0  entry9a.o(.ARM.Collect$$$$0000000B)
    __rt_final_cpp                           0x0800019d   Thumb Code     0  entry10a.o(.ARM.Collect$$$$0000000D)
    __rt_final_exit                          0x0800019d   Thumb Code     0  entry11a.o(.ARM.Collect$$$$0000000F)
    Reset_Handler                            0x080001a1   Thumb Code     8  startup_stm32l431xx.o(.text)
    ADC1_IRQHandler                          0x080001bb   Thumb Code     0  startup_stm32l431xx.o(.text)
    CAN1_RX0_IRQHandler                      0x080001bb   Thumb Code     0  startup_stm32l431xx.o(.text)
    CAN1_RX1_IRQHandler                      0x080001bb   Thumb Code     0  startup_stm32l431xx.o(.text)
    CAN1_SCE_IRQHandler                      0x080001bb   Thumb Code     0  startup_stm32l431xx.o(.text)
    CAN1_TX_IRQHandler                       0x080001bb   Thumb Code     0  startup_stm32l431xx.o(.text)
    COMP_IRQHandler                          0x080001bb   Thumb Code     0  startup_stm32l431xx.o(.text)
    CRS_IRQHandler                           0x080001bb   Thumb Code     0  startup_stm32l431xx.o(.text)
    DMA1_Channel1_IRQHandler                 0x080001bb   Thumb Code     0  startup_stm32l431xx.o(.text)
    DMA1_Channel2_IRQHandler                 0x080001bb   Thumb Code     0  startup_stm32l431xx.o(.text)
    DMA1_Channel4_IRQHandler                 0x080001bb   Thumb Code     0  startup_stm32l431xx.o(.text)
    DMA1_Channel7_IRQHandler                 0x080001bb   Thumb Code     0  startup_stm32l431xx.o(.text)
    DMA2_Channel1_IRQHandler                 0x080001bb   Thumb Code     0  startup_stm32l431xx.o(.text)
    DMA2_Channel2_IRQHandler                 0x080001bb   Thumb Code     0  startup_stm32l431xx.o(.text)
    DMA2_Channel3_IRQHandler                 0x080001bb   Thumb Code     0  startup_stm32l431xx.o(.text)
    DMA2_Channel4_IRQHandler                 0x080001bb   Thumb Code     0  startup_stm32l431xx.o(.text)
    DMA2_Channel5_IRQHandler                 0x080001bb   Thumb Code     0  startup_stm32l431xx.o(.text)
    DMA2_Channel6_IRQHandler                 0x080001bb   Thumb Code     0  startup_stm32l431xx.o(.text)
    DMA2_Channel7_IRQHandler                 0x080001bb   Thumb Code     0  startup_stm32l431xx.o(.text)
    EXTI0_IRQHandler                         0x080001bb   Thumb Code     0  startup_stm32l431xx.o(.text)
    EXTI1_IRQHandler                         0x080001bb   Thumb Code     0  startup_stm32l431xx.o(.text)
    EXTI2_IRQHandler                         0x080001bb   Thumb Code     0  startup_stm32l431xx.o(.text)
    EXTI3_IRQHandler                         0x080001bb   Thumb Code     0  startup_stm32l431xx.o(.text)
    EXTI4_IRQHandler                         0x080001bb   Thumb Code     0  startup_stm32l431xx.o(.text)
    EXTI9_5_IRQHandler                       0x080001bb   Thumb Code     0  startup_stm32l431xx.o(.text)
    FLASH_IRQHandler                         0x080001bb   Thumb Code     0  startup_stm32l431xx.o(.text)
    FPU_IRQHandler                           0x080001bb   Thumb Code     0  startup_stm32l431xx.o(.text)
    I2C1_ER_IRQHandler                       0x080001bb   Thumb Code     0  startup_stm32l431xx.o(.text)
    I2C1_EV_IRQHandler                       0x080001bb   Thumb Code     0  startup_stm32l431xx.o(.text)
    I2C2_ER_IRQHandler                       0x080001bb   Thumb Code     0  startup_stm32l431xx.o(.text)
    I2C2_EV_IRQHandler                       0x080001bb   Thumb Code     0  startup_stm32l431xx.o(.text)
    I2C3_ER_IRQHandler                       0x080001bb   Thumb Code     0  startup_stm32l431xx.o(.text)
    I2C3_EV_IRQHandler                       0x080001bb   Thumb Code     0  startup_stm32l431xx.o(.text)
    LPTIM1_IRQHandler                        0x080001bb   Thumb Code     0  startup_stm32l431xx.o(.text)
    LPTIM2_IRQHandler                        0x080001bb   Thumb Code     0  startup_stm32l431xx.o(.text)
    LPUART1_IRQHandler                       0x080001bb   Thumb Code     0  startup_stm32l431xx.o(.text)
    PVD_PVM_IRQHandler                       0x080001bb   Thumb Code     0  startup_stm32l431xx.o(.text)
    QUADSPI_IRQHandler                       0x080001bb   Thumb Code     0  startup_stm32l431xx.o(.text)
    RCC_IRQHandler                           0x080001bb   Thumb Code     0  startup_stm32l431xx.o(.text)
    RNG_IRQHandler                           0x080001bb   Thumb Code     0  startup_stm32l431xx.o(.text)
    RTC_Alarm_IRQHandler                     0x080001bb   Thumb Code     0  startup_stm32l431xx.o(.text)
    RTC_WKUP_IRQHandler                      0x080001bb   Thumb Code     0  startup_stm32l431xx.o(.text)
    SAI1_IRQHandler                          0x080001bb   Thumb Code     0  startup_stm32l431xx.o(.text)
    SDMMC1_IRQHandler                        0x080001bb   Thumb Code     0  startup_stm32l431xx.o(.text)
    SPI1_IRQHandler                          0x080001bb   Thumb Code     0  startup_stm32l431xx.o(.text)
    SPI2_IRQHandler                          0x080001bb   Thumb Code     0  startup_stm32l431xx.o(.text)
    SPI3_IRQHandler                          0x080001bb   Thumb Code     0  startup_stm32l431xx.o(.text)
    SWPMI1_IRQHandler                        0x080001bb   Thumb Code     0  startup_stm32l431xx.o(.text)
    TAMP_STAMP_IRQHandler                    0x080001bb   Thumb Code     0  startup_stm32l431xx.o(.text)
    TIM1_BRK_TIM15_IRQHandler                0x080001bb   Thumb Code     0  startup_stm32l431xx.o(.text)
    TIM1_CC_IRQHandler                       0x080001bb   Thumb Code     0  startup_stm32l431xx.o(.text)
    TIM1_TRG_COM_IRQHandler                  0x080001bb   Thumb Code     0  startup_stm32l431xx.o(.text)
    TIM2_IRQHandler                          0x080001bb   Thumb Code     0  startup_stm32l431xx.o(.text)
    TIM6_DAC_IRQHandler                      0x080001bb   Thumb Code     0  startup_stm32l431xx.o(.text)
    TIM7_IRQHandler                          0x080001bb   Thumb Code     0  startup_stm32l431xx.o(.text)
    TSC_IRQHandler                           0x080001bb   Thumb Code     0  startup_stm32l431xx.o(.text)
    WWDG_IRQHandler                          0x080001bb   Thumb Code     0  startup_stm32l431xx.o(.text)
    __aeabi_uldivmod                         0x080001c5   Thumb Code    98  uldiv.o(.text)
    __aeabi_memset                           0x0800022d   Thumb Code    14  memseta.o(.text)
    __aeabi_memset4                          0x0800022d   Thumb Code     0  memseta.o(.text)
    __aeabi_memset8                          0x0800022d   Thumb Code     0  memseta.o(.text)
    __aeabi_memclr                           0x0800023b   Thumb Code     4  memseta.o(.text)
    __aeabi_memclr4                          0x0800023b   Thumb Code     0  memseta.o(.text)
    __aeabi_memclr8                          0x0800023b   Thumb Code     0  memseta.o(.text)
    _memset$wrapper                          0x0800023f   Thumb Code    18  memseta.o(.text)
    strlen                                   0x08000251   Thumb Code    14  strlen.o(.text)
    __aeabi_uidiv                            0x0800025f   Thumb Code     0  uidiv.o(.text)
    __aeabi_uidivmod                         0x0800025f   Thumb Code    44  uidiv.o(.text)
    __aeabi_llsl                             0x0800028b   Thumb Code    30  llshl.o(.text)
    _ll_shift_l                              0x0800028b   Thumb Code     0  llshl.o(.text)
    __aeabi_llsr                             0x080002a9   Thumb Code    32  llushr.o(.text)
    _ll_ushift_r                             0x080002a9   Thumb Code     0  llushr.o(.text)
    __I$use$fp                               0x080002c9   Thumb Code     0  iusefp.o(.text)
    __aeabi_dadd                             0x080002c9   Thumb Code   322  dadd.o(.text)
    __aeabi_dsub                             0x0800040b   Thumb Code     6  dadd.o(.text)
    __aeabi_drsub                            0x08000411   Thumb Code     6  dadd.o(.text)
    __aeabi_dmul                             0x08000427   Thumb Code   228  dmul.o(.text)
    __aeabi_ddiv                             0x08000511   Thumb Code   222  ddiv.o(.text)
    __aeabi_d2ulz                            0x080005ef   Thumb Code    48  dfixul.o(.text)
    __aeabi_cdrcmple                         0x08000621   Thumb Code    48  cdrcmple.o(.text)
    __scatterload                            0x08000651   Thumb Code    28  init.o(.text)
    __scatterload_rt2                        0x08000651   Thumb Code     0  init.o(.text)
    __aeabi_lasr                             0x08000675   Thumb Code    36  llsshr.o(.text)
    _ll_sshift_r                             0x08000675   Thumb Code     0  llsshr.o(.text)
    _double_round                            0x08000699   Thumb Code    30  depilogue.o(.text)
    _double_epilogue                         0x080006b7   Thumb Code   156  depilogue.o(.text)
    BSP_SD_GetCardInfo                       0x08000755   Thumb Code    18  bsp_driver_sd.o(.text.BSP_SD_GetCardInfo)
    BSP_SD_GetCardState                      0x08000769   Thumb Code    22  bsp_driver_sd.o(.text.BSP_SD_GetCardState)
    BSP_SD_Init                              0x08000781   Thumb Code    60  bsp_driver_sd.o(.text.BSP_SD_Init)
    BSP_SD_IsDetected                        0x080007bd   Thumb Code    16  bsp_driver_sd.o(.text.BSP_SD_IsDetected)
    BSP_SD_ReadBlocks                        0x080007cd   Thumb Code    38  bsp_driver_sd.o(.text.BSP_SD_ReadBlocks)
    BSP_SD_WriteBlocks                       0x080007f5   Thumb Code    38  bsp_driver_sd.o(.text.BSP_SD_WriteBlocks)
    BusFault_Handler                         0x0800081d   Thumb Code     2  stm32l4xx_it.o(.text.BusFault_Handler)
    DMA1_Channel3_IRQHandler                 0x08000821   Thumb Code    16  stm32l4xx_it.o(.text.DMA1_Channel3_IRQHandler)
    DMA1_Channel5_IRQHandler                 0x08000831   Thumb Code    16  stm32l4xx_it.o(.text.DMA1_Channel5_IRQHandler)
    DMA1_Channel6_IRQHandler                 0x08000841   Thumb Code    16  stm32l4xx_it.o(.text.DMA1_Channel6_IRQHandler)
    DebugMon_Handler                         0x08000885   Thumb Code     2  stm32l4xx_it.o(.text.DebugMon_Handler)
    EXTI15_10_IRQHandler                     0x08000889   Thumb Code    52  stm32l4xx_it.o(.text.EXTI15_10_IRQHandler)
    Error_Handler                            0x080008bd   Thumb Code    10  main.o(.text.Error_Handler)
    FATFS_LinkDriver                         0x080008c9   Thumb Code    10  ff_gen_drv.o(.text.FATFS_LinkDriver)
    FATFS_LinkDriverEx                       0x080008d5   Thumb Code    80  ff_gen_drv.o(.text.FATFS_LinkDriverEx)
    HAL_DMA_Abort                            0x08000925   Thumb Code    68  stm32l4xx_hal_dma.o(.text.HAL_DMA_Abort)
    HAL_DMA_Abort_IT                         0x08000969   Thumb Code    88  stm32l4xx_hal_dma.o(.text.HAL_DMA_Abort_IT)
    HAL_DMA_GetError                         0x080009c1   Thumb Code     4  stm32l4xx_hal_dma.o(.text.HAL_DMA_GetError)
    HAL_DMA_IRQHandler                       0x080009c5   Thumb Code   170  stm32l4xx_hal_dma.o(.text.HAL_DMA_IRQHandler)
    HAL_DMA_Init                             0x08000a71   Thumb Code   204  stm32l4xx_hal_dma.o(.text.HAL_DMA_Init)
    HAL_DMA_Start_IT                         0x08000b3d   Thumb Code   110  stm32l4xx_hal_dma.o(.text.HAL_DMA_Start_IT)
    HAL_Delay                                0x08000bad   Thumb Code    40  stm32l4xx_hal.o(.text.HAL_Delay)
    HAL_GPIO_EXTI_Callback                   0x08000bd5   Thumb Code    34  main.o(.text.HAL_GPIO_EXTI_Callback)
    HAL_GPIO_EXTI_IRQHandler                 0x08000bf9   Thumb Code    26  stm32l4xx_hal_gpio.o(.text.HAL_GPIO_EXTI_IRQHandler)
    HAL_GPIO_Init                            0x08000c15   Thumb Code   414  stm32l4xx_hal_gpio.o(.text.HAL_GPIO_Init)
    HAL_GPIO_ReadPin                         0x08000db9   Thumb Code    10  stm32l4xx_hal_gpio.o(.text.HAL_GPIO_ReadPin)
    HAL_GPIO_TogglePin                       0x08000dc5   Thumb Code    16  stm32l4xx_hal_gpio.o(.text.HAL_GPIO_TogglePin)
    HAL_GPIO_WritePin                        0x08000dd5   Thumb Code    12  stm32l4xx_hal_gpio.o(.text.HAL_GPIO_WritePin)
    HAL_GetTick                              0x08000de1   Thumb Code    12  stm32l4xx_hal.o(.text.HAL_GetTick)
    HAL_IncTick                              0x08000ded   Thumb Code    26  stm32l4xx_hal.o(.text.HAL_IncTick)
    HAL_Init                                 0x08000e09   Thumb Code    30  stm32l4xx_hal.o(.text.HAL_Init)
    HAL_InitTick                             0x08000e29   Thumb Code    86  stm32l4xx_hal.o(.text.HAL_InitTick)
    HAL_MspInit                              0x08000e81   Thumb Code    50  stm32l4xx_hal_msp.o(.text.HAL_MspInit)
    HAL_NVIC_EnableIRQ                       0x08000eb5   Thumb Code     8  stm32l4xx_hal_cortex.o(.text.HAL_NVIC_EnableIRQ)
    HAL_NVIC_SetPriority                     0x08000ebd   Thumb Code    30  stm32l4xx_hal_cortex.o(.text.HAL_NVIC_SetPriority)
    HAL_NVIC_SetPriorityGrouping             0x08000edd   Thumb Code     8  stm32l4xx_hal_cortex.o(.text.HAL_NVIC_SetPriorityGrouping)
    HAL_PWREx_ControlVoltageScaling          0x08000ee5   Thumb Code   118  stm32l4xx_hal_pwr_ex.o(.text.HAL_PWREx_ControlVoltageScaling)
    HAL_PWREx_GetVoltageRange                0x08000f5d   Thumb Code    16  stm32l4xx_hal_pwr_ex.o(.text.HAL_PWREx_GetVoltageRange)
    HAL_PWR_EnableBkUpAccess                 0x08000f6d   Thumb Code    18  stm32l4xx_hal_pwr.o(.text.HAL_PWR_EnableBkUpAccess)
    HAL_RCCEx_EnableMSIPLLMode               0x08000f81   Thumb Code    18  stm32l4xx_hal_rcc_ex.o(.text.HAL_RCCEx_EnableMSIPLLMode)
    HAL_RCCEx_GetPeriphCLKFreq               0x08000f95   Thumb Code   828  stm32l4xx_hal_rcc_ex.o(.text.HAL_RCCEx_GetPeriphCLKFreq)
    HAL_RCCEx_PeriphCLKConfig                0x080012d1   Thumb Code   700  stm32l4xx_hal_rcc_ex.o(.text.HAL_RCCEx_PeriphCLKConfig)
    HAL_RCC_ClockConfig                      0x0800158d   Thumb Code   400  stm32l4xx_hal_rcc.o(.text.HAL_RCC_ClockConfig)
    HAL_RCC_GetHCLKFreq                      0x0800171d   Thumb Code    12  stm32l4xx_hal_rcc.o(.text.HAL_RCC_GetHCLKFreq)
    HAL_RCC_GetPCLK1Freq                     0x08001729   Thumb Code    38  stm32l4xx_hal_rcc.o(.text.HAL_RCC_GetPCLK1Freq)
    HAL_RCC_GetPCLK2Freq                     0x08001751   Thumb Code    38  stm32l4xx_hal_rcc.o(.text.HAL_RCC_GetPCLK2Freq)
    HAL_RCC_GetSysClockFreq                  0x08001779   Thumb Code   192  stm32l4xx_hal_rcc.o(.text.HAL_RCC_GetSysClockFreq)
    HAL_RCC_OscConfig                        0x08001839   Thumb Code  1504  stm32l4xx_hal_rcc.o(.text.HAL_RCC_OscConfig)
    HAL_SD_ConfigWideBusOperation            0x08001e19   Thumb Code   216  stm32l4xx_hal_sd.o(.text.HAL_SD_ConfigWideBusOperation)
    HAL_SD_GetCardCID                        0x08001ef1   Thumb Code    70  stm32l4xx_hal_sd.o(.text.HAL_SD_GetCardCID)
    HAL_SD_GetCardCSD                        0x08001f39   Thumb Code   376  stm32l4xx_hal_sd.o(.text.HAL_SD_GetCardCSD)
    HAL_SD_GetCardInfo                       0x080020b1   Thumb Code    36  stm32l4xx_hal_sd.o(.text.HAL_SD_GetCardInfo)
    HAL_SD_GetCardState                      0x080020d5   Thumb Code    36  stm32l4xx_hal_sd.o(.text.HAL_SD_GetCardState)
    HAL_SD_Init                              0x080020f9   Thumb Code    72  stm32l4xx_hal_sd.o(.text.HAL_SD_Init)
    HAL_SD_InitCard                          0x08002141   Thumb Code   200  stm32l4xx_hal_sd.o(.text.HAL_SD_InitCard)
    HAL_SD_MspInit                           0x08002209   Thumb Code   234  sdmmc.o(.text.HAL_SD_MspInit)
    HAL_SD_ReadBlocks                        0x080022f5   Thumb Code   478  stm32l4xx_hal_sd.o(.text.HAL_SD_ReadBlocks)
    HAL_SD_WriteBlocks                       0x080024d5   Thumb Code   452  stm32l4xx_hal_sd.o(.text.HAL_SD_WriteBlocks)
    HAL_SPI_Init                             0x080026a1   Thumb Code   218  stm32l4xx_hal_spi.o(.text.HAL_SPI_Init)
    HAL_SPI_MspInit                          0x0800277d   Thumb Code   118  spi.o(.text.HAL_SPI_MspInit)
    HAL_SPI_Transmit                         0x080027f5   Thumb Code   456  stm32l4xx_hal_spi.o(.text.HAL_SPI_Transmit)
    HAL_SYSTICK_Config                       0x080029bd   Thumb Code     8  stm32l4xx_hal_cortex.o(.text.HAL_SYSTICK_Config)
    HAL_TIMEx_Break2Callback                 0x080029c5   Thumb Code     2  stm32l4xx_hal_tim_ex.o(.text.HAL_TIMEx_Break2Callback)
    HAL_TIMEx_BreakCallback                  0x080029c9   Thumb Code     2  stm32l4xx_hal_tim_ex.o(.text.HAL_TIMEx_BreakCallback)
    HAL_TIMEx_CommutCallback                 0x080029cd   Thumb Code     2  stm32l4xx_hal_tim_ex.o(.text.HAL_TIMEx_CommutCallback)
    HAL_TIMEx_MasterConfigSynchronization    0x080029d1   Thumb Code   110  stm32l4xx_hal_tim_ex.o(.text.HAL_TIMEx_MasterConfigSynchronization)
    HAL_TIM_Base_Init                        0x08002a41   Thumb Code    98  stm32l4xx_hal_tim.o(.text.HAL_TIM_Base_Init)
    HAL_TIM_Base_MspInit                     0x08002aa5   Thumb Code    68  tim.o(.text.HAL_TIM_Base_MspInit)
    HAL_TIM_Base_Start_IT                    0x08002ae9   Thumb Code   108  stm32l4xx_hal_tim.o(.text.HAL_TIM_Base_Start_IT)
    HAL_TIM_Base_Stop_IT                     0x08002b55   Thumb Code    50  stm32l4xx_hal_tim.o(.text.HAL_TIM_Base_Stop_IT)
    HAL_TIM_ConfigClockSource                0x08002b89   Thumb Code   224  stm32l4xx_hal_tim.o(.text.HAL_TIM_ConfigClockSource)
    HAL_TIM_IC_CaptureCallback               0x08002c69   Thumb Code     2  stm32l4xx_hal_tim.o(.text.HAL_TIM_IC_CaptureCallback)
    HAL_TIM_IRQHandler                       0x08002c6d   Thumb Code   346  stm32l4xx_hal_tim.o(.text.HAL_TIM_IRQHandler)
    HAL_TIM_OC_DelayElapsedCallback          0x08002dc9   Thumb Code     2  stm32l4xx_hal_tim.o(.text.HAL_TIM_OC_DelayElapsedCallback)
    HAL_TIM_PWM_PulseFinishedCallback        0x08002dcd   Thumb Code     2  stm32l4xx_hal_tim.o(.text.HAL_TIM_PWM_PulseFinishedCallback)
    HAL_TIM_PeriodElapsedCallback            0x08002dd1   Thumb Code   214  main.o(.text.HAL_TIM_PeriodElapsedCallback)
    HAL_TIM_TriggerCallback                  0x08002ea9   Thumb Code     2  stm32l4xx_hal_tim.o(.text.HAL_TIM_TriggerCallback)
    HAL_UARTEx_RxEventCallback               0x08002ead   Thumb Code     2  stm32l4xx_hal_uart.o(.text.HAL_UARTEx_RxEventCallback)
    HAL_UARTEx_WakeupCallback                0x08002eb1   Thumb Code     2  stm32l4xx_hal_uart_ex.o(.text.HAL_UARTEx_WakeupCallback)
    HAL_UART_DMAStop                         0x08002eb5   Thumb Code   152  stm32l4xx_hal_uart.o(.text.HAL_UART_DMAStop)
    HAL_UART_ErrorCallback                   0x08002f4d   Thumb Code     2  stm32l4xx_hal_uart.o(.text.HAL_UART_ErrorCallback)
    HAL_UART_IRQHandler                      0x08002f51   Thumb Code   714  stm32l4xx_hal_uart.o(.text.HAL_UART_IRQHandler)
    HAL_UART_Init                            0x0800321d   Thumb Code    94  stm32l4xx_hal_uart.o(.text.HAL_UART_Init)
    HAL_UART_MspInit                         0x0800327d   Thumb Code   542  usart.o(.text.HAL_UART_MspInit)
    HAL_UART_Receive                         0x0800349d   Thumb Code   234  stm32l4xx_hal_uart.o(.text.HAL_UART_Receive)
    HAL_UART_Receive_DMA                     0x08003589   Thumb Code    94  stm32l4xx_hal_uart.o(.text.HAL_UART_Receive_DMA)
    HAL_UART_Receive_IT                      0x080035e9   Thumb Code    94  stm32l4xx_hal_uart.o(.text.HAL_UART_Receive_IT)
    HAL_UART_RxCpltCallback                  0x08003649   Thumb Code    58  main.o(.text.HAL_UART_RxCpltCallback)
    HAL_UART_RxHalfCpltCallback              0x08003685   Thumb Code     2  stm32l4xx_hal_uart.o(.text.HAL_UART_RxHalfCpltCallback)
    HAL_UART_Transmit                        0x08003689   Thumb Code   190  stm32l4xx_hal_uart.o(.text.HAL_UART_Transmit)
    HAL_UART_TxCpltCallback                  0x08003749   Thumb Code     2  stm32l4xx_hal_uart.o(.text.HAL_UART_TxCpltCallback)
    HardFault_Handler                        0x0800374d   Thumb Code     2  stm32l4xx_it.o(.text.HardFault_Handler)
    MX_DMA_Init                              0x08003751   Thumb Code    82  dma.o(.text.MX_DMA_Init)
    MX_FATFS_Init                            0x080037a5   Thumb Code    34  fatfs.o(.text.MX_FATFS_Init)
    MX_GPIO_Init                             0x080037c9   Thumb Code   288  gpio.o(.text.MX_GPIO_Init)
    MX_SDMMC1_SD_Init                        0x0800391d   Thumb Code    44  sdmmc.o(.text.MX_SDMMC1_SD_Init)
    MX_SPI1_Init                             0x08003949   Thumb Code    82  spi.o(.text.MX_SPI1_Init)
    MX_TIM1_Init                             0x0800399d   Thumb Code   132  tim.o(.text.MX_TIM1_Init)
    MX_USART1_UART_Init                      0x08003a21   Thumb Code    60  usart.o(.text.MX_USART1_UART_Init)
    MX_USART2_UART_Init                      0x08003a5d   Thumb Code    60  usart.o(.text.MX_USART2_UART_Init)
    MX_USART3_UART_Init                      0x08003a99   Thumb Code    60  usart.o(.text.MX_USART3_UART_Init)
    MemManage_Handler                        0x08003ad5   Thumb Code     2  stm32l4xx_it.o(.text.MemManage_Handler)
    NMI_Handler                              0x08003ad9   Thumb Code     2  stm32l4xx_it.o(.text.NMI_Handler)
    PendSV_Handler                           0x08003b09   Thumb Code     2  stm32l4xx_it.o(.text.PendSV_Handler)
    SDMMC_CmdAppCommand                      0x08003e01   Thumb Code    50  stm32l4xx_ll_sdmmc.o(.text.SDMMC_CmdAppCommand)
    SDMMC_CmdAppOperCommand                  0x08003e35   Thumb Code    52  stm32l4xx_ll_sdmmc.o(.text.SDMMC_CmdAppOperCommand)
    SDMMC_CmdBlockLength                     0x08003e69   Thumb Code    50  stm32l4xx_ll_sdmmc.o(.text.SDMMC_CmdBlockLength)
    SDMMC_CmdBusWidth                        0x08003e9d   Thumb Code    50  stm32l4xx_ll_sdmmc.o(.text.SDMMC_CmdBusWidth)
    SDMMC_CmdGoIdleState                     0x08003ed1   Thumb Code    40  stm32l4xx_ll_sdmmc.o(.text.SDMMC_CmdGoIdleState)
    SDMMC_CmdOperCond                        0x08003ef9   Thumb Code    48  stm32l4xx_ll_sdmmc.o(.text.SDMMC_CmdOperCond)
    SDMMC_CmdReadMultiBlock                  0x08003f29   Thumb Code    50  stm32l4xx_ll_sdmmc.o(.text.SDMMC_CmdReadMultiBlock)
    SDMMC_CmdReadSingleBlock                 0x08003f5d   Thumb Code    50  stm32l4xx_ll_sdmmc.o(.text.SDMMC_CmdReadSingleBlock)
    SDMMC_CmdSelDesel                        0x08003f91   Thumb Code    50  stm32l4xx_ll_sdmmc.o(.text.SDMMC_CmdSelDesel)
    SDMMC_CmdSendCID                         0x08003fc5   Thumb Code    44  stm32l4xx_ll_sdmmc.o(.text.SDMMC_CmdSendCID)
    SDMMC_CmdSendCSD                         0x08003ff1   Thumb Code    44  stm32l4xx_ll_sdmmc.o(.text.SDMMC_CmdSendCSD)
    SDMMC_CmdSendSCR                         0x0800401d   Thumb Code    50  stm32l4xx_ll_sdmmc.o(.text.SDMMC_CmdSendSCR)
    SDMMC_CmdSendStatus                      0x08004051   Thumb Code    50  stm32l4xx_ll_sdmmc.o(.text.SDMMC_CmdSendStatus)
    SDMMC_CmdSetRelAdd                       0x08004085   Thumb Code    50  stm32l4xx_ll_sdmmc.o(.text.SDMMC_CmdSetRelAdd)
    SDMMC_CmdStopTransfer                    0x080040b9   Thumb Code    54  stm32l4xx_ll_sdmmc.o(.text.SDMMC_CmdStopTransfer)
    SDMMC_CmdWriteMultiBlock                 0x080040f1   Thumb Code    50  stm32l4xx_ll_sdmmc.o(.text.SDMMC_CmdWriteMultiBlock)
    SDMMC_CmdWriteSingleBlock                0x08004125   Thumb Code    50  stm32l4xx_ll_sdmmc.o(.text.SDMMC_CmdWriteSingleBlock)
    SDMMC_ConfigData                         0x08004159   Thumb Code    38  stm32l4xx_ll_sdmmc.o(.text.SDMMC_ConfigData)
    SDMMC_GetCmdResp1                        0x080041b9   Thumb Code   306  stm32l4xx_ll_sdmmc.o(.text.SDMMC_GetCmdResp1)
    SDMMC_GetCmdResp2                        0x080042ed   Thumb Code    88  stm32l4xx_ll_sdmmc.o(.text.SDMMC_GetCmdResp2)
    SDMMC_GetCmdResp3                        0x08004345   Thumb Code    74  stm32l4xx_ll_sdmmc.o(.text.SDMMC_GetCmdResp3)
    SDMMC_GetCmdResp6                        0x08004391   Thumb Code   166  stm32l4xx_ll_sdmmc.o(.text.SDMMC_GetCmdResp6)
    SDMMC_GetCmdResp7                        0x08004439   Thumb Code    98  stm32l4xx_ll_sdmmc.o(.text.SDMMC_GetCmdResp7)
    SDMMC_GetCommandResponse                 0x0800449d   Thumb Code     6  stm32l4xx_ll_sdmmc.o(.text.SDMMC_GetCommandResponse)
    SDMMC_GetPowerState                      0x080044a5   Thumb Code     8  stm32l4xx_ll_sdmmc.o(.text.SDMMC_GetPowerState)
    SDMMC_GetResponse                        0x080044ad   Thumb Code     6  stm32l4xx_ll_sdmmc.o(.text.SDMMC_GetResponse)
    SDMMC_Init                               0x080044b5   Thumb Code    44  stm32l4xx_ll_sdmmc.o(.text.SDMMC_Init)
    SDMMC_PowerState_ON                      0x080044e1   Thumb Code    16  stm32l4xx_ll_sdmmc.o(.text.SDMMC_PowerState_ON)
    SDMMC_ReadFIFO                           0x080044f1   Thumb Code     6  stm32l4xx_ll_sdmmc.o(.text.SDMMC_ReadFIFO)
    SDMMC_SendCommand                        0x080044f9   Thumb Code    42  stm32l4xx_ll_sdmmc.o(.text.SDMMC_SendCommand)
    SDMMC_WriteFIFO                          0x08004525   Thumb Code    12  stm32l4xx_ll_sdmmc.o(.text.SDMMC_WriteFIFO)
    SD_initialize                            0x080048b1   Thumb Code    34  sd_diskio.o(.text.SD_initialize)
    SD_ioctl                                 0x080048d5   Thumb Code    86  sd_diskio.o(.text.SD_ioctl)
    SD_read                                  0x0800492d   Thumb Code    36  sd_diskio.o(.text.SD_read)
    SD_status                                0x08004951   Thumb Code     8  sd_diskio.o(.text.SD_status)
    SD_write                                 0x08004959   Thumb Code    36  sd_diskio.o(.text.SD_write)
    SVC_Handler                              0x08004b65   Thumb Code     2  stm32l4xx_it.o(.text.SVC_Handler)
    SysTick_Handler                          0x08004b99   Thumb Code     8  stm32l4xx_it.o(.text.SysTick_Handler)
    SystemClock_Config                       0x08004ba1   Thumb Code   134  main.o(.text.SystemClock_Config)
    SystemInit                               0x08004c29   Thumb Code    18  system_stm32l4xx.o(.text.SystemInit)
    TIM1_UP_TIM16_IRQHandler                 0x08004c3d   Thumb Code    16  stm32l4xx_it.o(.text.TIM1_UP_TIM16_IRQHandler)
    TIM_Base_SetConfig                       0x08004c4d   Thumb Code   152  stm32l4xx_hal_tim.o(.text.TIM_Base_SetConfig)
    TIM_ETR_SetConfig                        0x08004ce5   Thumb Code    22  stm32l4xx_hal_tim.o(.text.TIM_ETR_SetConfig)
    UART_AdvFeatureConfig                    0x08004d55   Thumb Code   230  stm32l4xx_hal_uart.o(.text.UART_AdvFeatureConfig)
    UART_CheckIdleState                      0x08004e3d   Thumb Code   186  stm32l4xx_hal_uart.o(.text.UART_CheckIdleState)
    UART_SetConfig                           0x08005251   Thumb Code   544  stm32l4xx_hal_uart.o(.text.UART_SetConfig)
    UART_Start_Receive_DMA                   0x08005491   Thumb Code   160  stm32l4xx_hal_uart.o(.text.UART_Start_Receive_DMA)
    UART_Start_Receive_IT                    0x08005531   Thumb Code   186  stm32l4xx_hal_uart.o(.text.UART_Start_Receive_IT)
    UART_WaitOnFlagUntilTimeout              0x080055ed   Thumb Code   194  stm32l4xx_hal_uart.o(.text.UART_WaitOnFlagUntilTimeout)
    USART1_IRQHandler                        0x080056b1   Thumb Code    24  stm32l4xx_it.o(.text.USART1_IRQHandler)
    USART2_IRQHandler                        0x080056c9   Thumb Code    24  stm32l4xx_it.o(.text.USART2_IRQHandler)
    USART3_IRQHandler                        0x080056e1   Thumb Code    24  stm32l4xx_it.o(.text.USART3_IRQHandler)
    USAR_UART_IDLECallback                   0x080056f9   Thumb Code   174  usart.o(.text.USAR_UART_IDLECallback)
    USER_UART_IRQHandler                     0x080057a9   Thumb Code    58  usart.o(.text.USER_UART_IRQHandler)
    UsageFault_Handler                       0x080057e5   Thumb Code     2  stm32l4xx_it.o(.text.UsageFault_Handler)
    fputc                                    0x0800585d   Thumb Code    32  usart.o(.text.fputc)
    lcd_clear                                0x0800587d   Thumb Code    38  lcd_core.o(.text.lcd_clear)
    lcd_delay                                0x080058a5   Thumb Code     8  lcd_port.o(.text.lcd_delay)
    lcd_draw_point                           0x080058ad   Thumb Code    28  lcd_core.o(.text.lcd_draw_point)
    lcd_fill                                 0x080058c9   Thumb Code   166  lcd_core.o(.text.lcd_fill)
    lcd_init_dev                             0x08005975   Thumb Code    72  lcd_core.o(.text.lcd_init_dev)
    lcd_init_hw                              0x080059bd   Thumb Code   648  lcd_core.o(.text.lcd_init_hw)
    lcd_io_bl                                0x08005c4d   Thumb Code    10  lcd_port.o(.text.lcd_io_bl)
    lcd_io_dc                                0x08005c79   Thumb Code    10  lcd_port.o(.text.lcd_io_dc)
    lcd_io_rst                               0x08005c85   Thumb Code    10  lcd_port.o(.text.lcd_io_rst)
    lcd_print                                0x08005c91   Thumb Code    56  lcd_core.o(.text.lcd_print)
    lcd_set_address                          0x08005cc9   Thumb Code   164  lcd_core.o(.text.lcd_set_address)
    lcd_set_font                             0x08005d6d   Thumb Code    42  lcd_core.o(.text.lcd_set_font)
    lcd_show_char                            0x08005d99   Thumb Code   148  lcd_core.o(.text.lcd_show_char)
    lcd_show_string                          0x08005e2d   Thumb Code    74  lcd_core.o(.text.lcd_show_string)
    lcd_write_bulk                           0x08005ec1   Thumb Code    26  lcd_port.o(.text.lcd_write_bulk)
    lcd_write_byte                           0x08005edd   Thumb Code    32  lcd_port.o(.text.lcd_write_byte)
    lcd_write_halfword                       0x08005efd   Thumb Code    44  lcd_port.o(.text.lcd_write_halfword)
    lcd_write_reg                            0x08005f29   Thumb Code    32  lcd_port.o(.text.lcd_write_reg)
    lcd_write_reg_data                       0x08005f49   Thumb Code    66  lcd_core.o(.text.lcd_write_reg_data)
    list_find_before                         0x08005f8d   Thumb Code    26  list.o(.text.list_find_before)
    list_find_next                           0x08005fa9   Thumb Code    26  list.o(.text.list_find_next)
    list_init                                0x08005fc5   Thumb Code     6  list.o(.text.list_init)
    list_insert_after                        0x08005fcd   Thumb Code    12  list.o(.text.list_insert_after)
    main                                     0x08005fd9   Thumb Code   632  main.o(.text.main)
    printf_sdcard_info                       0x080062a5   Thumb Code   200  main.o(.text.printf_sdcard_info)
    __0printf                                0x080063fd   Thumb Code    22  printfa.o(i.__0printf)
    __1printf                                0x080063fd   Thumb Code     0  printfa.o(i.__0printf)
    __2printf                                0x080063fd   Thumb Code     0  printfa.o(i.__0printf)
    __c89printf                              0x080063fd   Thumb Code     0  printfa.o(i.__0printf)
    printf                                   0x080063fd   Thumb Code     0  printfa.o(i.__0printf)
    __0vsnprintf                             0x0800641d   Thumb Code    46  printfa.o(i.__0vsnprintf)
    __1vsnprintf                             0x0800641d   Thumb Code     0  printfa.o(i.__0vsnprintf)
    __2vsnprintf                             0x0800641d   Thumb Code     0  printfa.o(i.__0vsnprintf)
    __c89vsnprintf                           0x0800641d   Thumb Code     0  printfa.o(i.__0vsnprintf)
    vsnprintf                                0x0800641d   Thumb Code     0  printfa.o(i.__0vsnprintf)
    __scatterload_copy                       0x08006451   Thumb Code    14  handlers.o(i.__scatterload_copy)
    __scatterload_null                       0x0800645f   Thumb Code     2  handlers.o(i.__scatterload_null)
    __scatterload_zeroinit                   0x08006461   Thumb Code    14  handlers.o(i.__scatterload_zeroinit)
    malloc                                   0x08006d49   Thumb Code    92  malloc.o(i.malloc)
    puts                                     0x08006db5   Thumb Code    30  puts.o(i.puts)
    AHBPrescTable                            0x08006dd8   Data          16  system_stm32l4xx.o(.rodata.AHBPrescTable)
    APBPrescTable                            0x08006de8   Data           8  system_stm32l4xx.o(.rodata.APBPrescTable)
    MSIRangeTable                            0x08006df0   Data          48  system_stm32l4xx.o(.rodata.MSIRangeTable)
    SD_Driver                                0x08006e20   Data          20  sd_diskio.o(.rodata.SD_Driver)
    ascii_1206                               0x08006e34   Data        1140  lcd_font.o(.rodata.ascii_1206)
    ascii_1608                               0x080072a8   Data        1520  lcd_font.o(.rodata.ascii_1608)
    ascii_2412                               0x08007898   Data        4560  lcd_font.o(.rodata.ascii_2412)
    ascii_3216                               0x08008a68   Data        6080  lcd_font.o(.rodata.ascii_3216)
    lcd_fonts                                0x0800a228   Data          64  lcd_font.o(.rodata.lcd_fonts)
    Region$$Table$$Base                      0x0800a328   Number         0  anon$$obj.o(Region$$Table)
    Region$$Table$$Limit                     0x0800a348   Number         0  anon$$obj.o(Region$$Table)
    __stdout                                 0x20000000   Data           4  stdout.o(.data)
    __microlib_freelist                      0x20000004   Data           4  mvars.o(.data)
    __microlib_freelist_initialised          0x20000008   Data           4  mvars.o(.data)
    SystemCoreClock                          0x20000010   Data           4  system_stm32l4xx.o(.data.SystemCoreClock)
    lcd_cfg_address                          0x20000014   Data          48  lcd_core.o(.data.lcd_cfg_address)
    lcd_cfg_order                            0x20000044   Data          12  lcd_core.o(.data.lcd_cfg_order)
    lcd_desc                                 0x20000050   Data          44  main.o(.data.lcd_desc)
    lcd_hw_0_96                              0x2000007c   Data          12  lcd_core.o(.data.lcd_hw_0_96)
    lcd_hw_1_14                              0x20000088   Data          12  lcd_core.o(.data.lcd_hw_1_14)
    lcd_hw_1_47                              0x20000094   Data          12  lcd_core.o(.data.lcd_hw_1_47)
    lcd_hw_desc                              0x200000a0   Data          12  lcd_core.o(.data.lcd_hw_desc)
    lcd_io_desc                              0x200000ac   Data          44  main.o(.data.lcd_io_desc)
    uwTickFreq                               0x200000d8   Data           1  stm32l4xx_hal.o(.data.uwTickFreq)
    uwTickPrio                               0x200000dc   Data           4  stm32l4xx_hal.o(.data.uwTickPrio)
    A_MAX                                    0x200000e0   Data           4  main.o(.bss.A_MAX)
    A_MIN                                    0x200000e4   Data           4  main.o(.bss.A_MIN)
    B_MAX                                    0x200000e8   Data           4  main.o(.bss.B_MAX)
    B_MIN                                    0x200000ec   Data           4  main.o(.bss.B_MIN)
    L_MAX                                    0x200000f0   Data           4  main.o(.bss.L_MAX)
    L_MIN                                    0x200000f4   Data           4  main.o(.bss.L_MIN)
    SDCardInfo                               0x200000f8   Data          32  main.o(.bss.SDCardInfo)
    SDPath                                   0x20000118   Data           4  fatfs.o(.bss.SDPath)
    UART_Recv_IT                             0x2000011c   Data           5  main.o(.bss.UART_Recv_IT)
    disk                                     0x20000124   Data          12  ff_gen_drv.o(.bss.disk)
    hdma_usart1_rx                           0x20000130   Data          72  usart.o(.bss.hdma_usart1_rx)
    hdma_usart2_rx                           0x20000178   Data          72  usart.o(.bss.hdma_usart2_rx)
    hdma_usart3_rx                           0x200001c0   Data          72  usart.o(.bss.hdma_usart3_rx)
    hsd1                                     0x20000208   Data         132  sdmmc.o(.bss.hsd1)
    hspi1                                    0x2000028c   Data         100  spi.o(.bss.hspi1)
    htim1                                    0x200002f0   Data          76  tim.o(.bss.htim1)
    huart1                                   0x2000033c   Data         136  usart.o(.bss.huart1)
    huart2                                   0x200003c4   Data         136  usart.o(.bss.huart2)
    huart3                                   0x2000044c   Data         136  usart.o(.bss.huart3)
    key_state                                0x200004d4   Data           1  main.o(.bss.key_state)
    last_list                                0x200004d8   Data           4  list.o(.bss.last_list)
    now_list                                 0x2000075c   Data           4  list.o(.bss.now_list)
    retSD                                    0x20000760   Data           1  fatfs.o(.bss.retSD)
    uart1_uart_receive_buff                  0x20000761   Data         255  main.o(.bss.uart1_uart_receive_buff)
    uart3_uart_receive_buff                  0x20000860   Data         255  main.o(.bss.uart3_uart_receive_buff)
    uwTick                                   0x20000960   Data           4  stm32l4xx_hal.o(.bss.uwTick)
    __heap_base                              0x20000968   Data           0  startup_stm32l431xx.o(HEAP)
    __heap_limit                             0x20000b68   Data           0  startup_stm32l431xx.o(HEAP)
    __initial_sp                             0x20000f68   Data           0  startup_stm32l431xx.o(STACK)



==============================================================================

Memory Map of the image

  Image Entry point : 0x0800018d

  Load Region LR_IROM1 (Base: 0x08000000, Size: 0x0000a428, Max: 0x00040000, ABSOLUTE)

    Execution Region ER_IROM1 (Exec base: 0x08000000, Load base: 0x08000000, Size: 0x0000a348, Max: 0x00040000, ABSOLUTE)

    Exec Addr    Load Addr    Size         Type   Attr      Idx    E Section Name        Object

    0x08000000   0x08000000   0x0000018c   Data   RO            3    RESET               startup_stm32l431xx.o
    0x0800018c   0x0800018c   0x00000000   Code   RO         1959  * .ARM.Collect$$$$00000000  mc_w.l(entry.o)
    0x0800018c   0x0800018c   0x00000004   Code   RO         2261    .ARM.Collect$$$$00000001  mc_w.l(entry2.o)
    0x08000190   0x08000190   0x00000004   Code   RO         2264    .ARM.Collect$$$$00000004  mc_w.l(entry5.o)
    0x08000194   0x08000194   0x00000000   Code   RO         2266    .ARM.Collect$$$$00000008  mc_w.l(entry7b.o)
    0x08000194   0x08000194   0x00000000   Code   RO         2268    .ARM.Collect$$$$0000000A  mc_w.l(entry8b.o)
    0x08000194   0x08000194   0x00000008   Code   RO         2269    .ARM.Collect$$$$0000000B  mc_w.l(entry9a.o)
    0x0800019c   0x0800019c   0x00000000   Code   RO         2271    .ARM.Collect$$$$0000000D  mc_w.l(entry10a.o)
    0x0800019c   0x0800019c   0x00000000   Code   RO         2273    .ARM.Collect$$$$0000000F  mc_w.l(entry11a.o)
    0x0800019c   0x0800019c   0x00000004   Code   RO         2262    .ARM.Collect$$$$00002712  mc_w.l(entry2.o)
    0x080001a0   0x080001a0   0x00000024   Code   RO            4    .text               startup_stm32l431xx.o
    0x080001c4   0x080001c4   0x00000068   Code   RO         1966    .text               mc_w.l(uldiv.o)
    0x0800022c   0x0800022c   0x00000024   Code   RO         1968    .text               mc_w.l(memseta.o)
    0x08000250   0x08000250   0x0000000e   Code   RO         1970    .text               mc_w.l(strlen.o)
    0x0800025e   0x0800025e   0x0000002c   Code   RO         2285    .text               mc_w.l(uidiv.o)
    0x0800028a   0x0800028a   0x0000001e   Code   RO         2287    .text               mc_w.l(llshl.o)
    0x080002a8   0x080002a8   0x00000020   Code   RO         2289    .text               mc_w.l(llushr.o)
    0x080002c8   0x080002c8   0x00000000   Code   RO         2297    .text               mc_w.l(iusefp.o)
    0x080002c8   0x080002c8   0x0000015e   Code   RO         2298    .text               mf_w.l(dadd.o)
    0x08000426   0x08000426   0x000000ea   Code   RO         2300    .text               mf_w.l(dmul.o)
    0x08000510   0x08000510   0x000000de   Code   RO         2302    .text               mf_w.l(ddiv.o)
    0x080005ee   0x080005ee   0x00000030   Code   RO         2304    .text               mf_w.l(dfixul.o)
    0x0800061e   0x0800061e   0x00000002   PAD
    0x08000620   0x08000620   0x00000030   Code   RO         2306    .text               mf_w.l(cdrcmple.o)
    0x08000650   0x08000650   0x00000024   Code   RO         2308    .text               mc_w.l(init.o)
    0x08000674   0x08000674   0x00000024   Code   RO         2310    .text               mc_w.l(llsshr.o)
    0x08000698   0x08000698   0x000000ba   Code   RO         2312    .text               mf_w.l(depilogue.o)
    0x08000752   0x08000752   0x00000002   PAD
    0x08000754   0x08000754   0x00000012   Code   RO         1705    .text.BSP_SD_GetCardInfo  bsp_driver_sd.o
    0x08000766   0x08000766   0x00000002   PAD
    0x08000768   0x08000768   0x00000016   Code   RO         1703    .text.BSP_SD_GetCardState  bsp_driver_sd.o
    0x0800077e   0x0800077e   0x00000002   PAD
    0x08000780   0x08000780   0x0000003c   Code   RO         1687    .text.BSP_SD_Init   bsp_driver_sd.o
    0x080007bc   0x080007bc   0x00000010   Code   RO         1689    .text.BSP_SD_IsDetected  bsp_driver_sd.o
    0x080007cc   0x080007cc   0x00000026   Code   RO         1693    .text.BSP_SD_ReadBlocks  bsp_driver_sd.o
    0x080007f2   0x080007f2   0x00000002   PAD
    0x080007f4   0x080007f4   0x00000026   Code   RO         1695    .text.BSP_SD_WriteBlocks  bsp_driver_sd.o
    0x0800081a   0x0800081a   0x00000002   PAD
    0x0800081c   0x0800081c   0x00000002   Code   RO          161    .text.BusFault_Handler  stm32l4xx_it.o
    0x0800081e   0x0800081e   0x00000002   PAD
    0x08000820   0x08000820   0x00000010   Code   RO          173    .text.DMA1_Channel3_IRQHandler  stm32l4xx_it.o
    0x08000830   0x08000830   0x00000010   Code   RO          175    .text.DMA1_Channel5_IRQHandler  stm32l4xx_it.o
    0x08000840   0x08000840   0x00000010   Code   RO          177    .text.DMA1_Channel6_IRQHandler  stm32l4xx_it.o
    0x08000850   0x08000850   0x00000034   Code   RO          503    .text.DMA_SetConfig  stm32l4xx_hal_dma.o
    0x08000884   0x08000884   0x00000002   Code   RO          167    .text.DebugMon_Handler  stm32l4xx_it.o
    0x08000886   0x08000886   0x00000002   PAD
    0x08000888   0x08000888   0x00000034   Code   RO          187    .text.EXTI15_10_IRQHandler  stm32l4xx_it.o
    0x080008bc   0x080008bc   0x0000000a   Code   RO           19    .text.Error_Handler  main.o
    0x080008c6   0x080008c6   0x00000002   PAD
    0x080008c8   0x080008c8   0x0000000a   Code   RO         1924    .text.FATFS_LinkDriver  ff_gen_drv.o
    0x080008d2   0x080008d2   0x00000002   PAD
    0x080008d4   0x080008d4   0x00000050   Code   RO         1922    .text.FATFS_LinkDriverEx  ff_gen_drv.o
    0x08000924   0x08000924   0x00000044   Code   RO          507    .text.HAL_DMA_Abort  stm32l4xx_hal_dma.o
    0x08000968   0x08000968   0x00000058   Code   RO          509    .text.HAL_DMA_Abort_IT  stm32l4xx_hal_dma.o
    0x080009c0   0x080009c0   0x00000004   Code   RO          521    .text.HAL_DMA_GetError  stm32l4xx_hal_dma.o
    0x080009c4   0x080009c4   0x000000aa   Code   RO          513    .text.HAL_DMA_IRQHandler  stm32l4xx_hal_dma.o
    0x08000a6e   0x08000a6e   0x00000002   PAD
    0x08000a70   0x08000a70   0x000000cc   Code   RO          497    .text.HAL_DMA_Init  stm32l4xx_hal_dma.o
    0x08000b3c   0x08000b3c   0x0000006e   Code   RO          505    .text.HAL_DMA_Start_IT  stm32l4xx_hal_dma.o
    0x08000baa   0x08000baa   0x00000002   PAD
    0x08000bac   0x08000bac   0x00000028   Code   RO          224    .text.HAL_Delay     stm32l4xx_hal.o
    0x08000bd4   0x08000bd4   0x00000022   Code   RO           23    .text.HAL_GPIO_EXTI_Callback  main.o
    0x08000bf6   0x08000bf6   0x00000002   PAD
    0x08000bf8   0x08000bf8   0x0000001a   Code   RO          483    .text.HAL_GPIO_EXTI_IRQHandler  stm32l4xx_hal_gpio.o
    0x08000c12   0x08000c12   0x00000002   PAD
    0x08000c14   0x08000c14   0x000001a4   Code   RO          471    .text.HAL_GPIO_Init  stm32l4xx_hal_gpio.o
    0x08000db8   0x08000db8   0x0000000a   Code   RO          475    .text.HAL_GPIO_ReadPin  stm32l4xx_hal_gpio.o
    0x08000dc2   0x08000dc2   0x00000002   PAD
    0x08000dc4   0x08000dc4   0x00000010   Code   RO          479    .text.HAL_GPIO_TogglePin  stm32l4xx_hal_gpio.o
    0x08000dd4   0x08000dd4   0x0000000c   Code   RO          477    .text.HAL_GPIO_WritePin  stm32l4xx_hal_gpio.o
    0x08000de0   0x08000de0   0x0000000c   Code   RO          216    .text.HAL_GetTick   stm32l4xx_hal.o
    0x08000dec   0x08000dec   0x0000001a   Code   RO          214    .text.HAL_IncTick   stm32l4xx_hal.o
    0x08000e06   0x08000e06   0x00000002   PAD
    0x08000e08   0x08000e08   0x0000001e   Code   RO          204    .text.HAL_Init      stm32l4xx_hal.o
    0x08000e26   0x08000e26   0x00000002   PAD
    0x08000e28   0x08000e28   0x00000056   Code   RO          206    .text.HAL_InitTick  stm32l4xx_hal.o
    0x08000e7e   0x08000e7e   0x00000002   PAD
    0x08000e80   0x08000e80   0x00000032   Code   RO          196    .text.HAL_MspInit   stm32l4xx_hal_msp.o
    0x08000eb2   0x08000eb2   0x00000002   PAD
    0x08000eb4   0x08000eb4   0x00000008   Code   RO          650    .text.HAL_NVIC_EnableIRQ  stm32l4xx_hal_cortex.o
    0x08000ebc   0x08000ebc   0x0000001e   Code   RO          642    .text.HAL_NVIC_SetPriority  stm32l4xx_hal_cortex.o
    0x08000eda   0x08000eda   0x00000002   PAD
    0x08000edc   0x08000edc   0x00000008   Code   RO          638    .text.HAL_NVIC_SetPriorityGrouping  stm32l4xx_hal_cortex.o
    0x08000ee4   0x08000ee4   0x00000076   Code   RO          574    .text.HAL_PWREx_ControlVoltageScaling  stm32l4xx_hal_pwr_ex.o
    0x08000f5a   0x08000f5a   0x00000002   PAD
    0x08000f5c   0x08000f5c   0x00000010   Code   RO          572    .text.HAL_PWREx_GetVoltageRange  stm32l4xx_hal_pwr_ex.o
    0x08000f6c   0x08000f6c   0x00000012   Code   RO          534    .text.HAL_PWR_EnableBkUpAccess  stm32l4xx_hal_pwr.o
    0x08000f7e   0x08000f7e   0x00000002   PAD
    0x08000f80   0x08000f80   0x00000012   Code   RO          355    .text.HAL_RCCEx_EnableMSIPLLMode  stm32l4xx_hal_rcc_ex.o
    0x08000f92   0x08000f92   0x00000002   PAD
    0x08000f94   0x08000f94   0x0000033c   Code   RO          329    .text.HAL_RCCEx_GetPeriphCLKFreq  stm32l4xx_hal_rcc_ex.o
    0x080012d0   0x080012d0   0x000002bc   Code   RO          323    .text.HAL_RCCEx_PeriphCLKConfig  stm32l4xx_hal_rcc_ex.o
    0x0800158c   0x0800158c   0x00000190   Code   RO          293    .text.HAL_RCC_ClockConfig  stm32l4xx_hal_rcc.o
    0x0800171c   0x0800171c   0x0000000c   Code   RO          297    .text.HAL_RCC_GetHCLKFreq  stm32l4xx_hal_rcc.o
    0x08001728   0x08001728   0x00000026   Code   RO          299    .text.HAL_RCC_GetPCLK1Freq  stm32l4xx_hal_rcc.o
    0x0800174e   0x0800174e   0x00000002   PAD
    0x08001750   0x08001750   0x00000026   Code   RO          301    .text.HAL_RCC_GetPCLK2Freq  stm32l4xx_hal_rcc.o
    0x08001776   0x08001776   0x00000002   PAD
    0x08001778   0x08001778   0x000000c0   Code   RO          291    .text.HAL_RCC_GetSysClockFreq  stm32l4xx_hal_rcc.o
    0x08001838   0x08001838   0x000005e0   Code   RO          287    .text.HAL_RCC_OscConfig  stm32l4xx_hal_rcc.o
    0x08001e18   0x08001e18   0x000000d8   Code   RO          848    .text.HAL_SD_ConfigWideBusOperation  stm32l4xx_hal_sd.o
    0x08001ef0   0x08001ef0   0x00000046   Code   RO          902    .text.HAL_SD_GetCardCID  stm32l4xx_hal_sd.o
    0x08001f36   0x08001f36   0x00000002   PAD
    0x08001f38   0x08001f38   0x00000178   Code   RO          904    .text.HAL_SD_GetCardCSD  stm32l4xx_hal_sd.o
    0x080020b0   0x080020b0   0x00000024   Code   RO          910    .text.HAL_SD_GetCardInfo  stm32l4xx_hal_sd.o
    0x080020d4   0x080020d4   0x00000024   Code   RO          916    .text.HAL_SD_GetCardState  stm32l4xx_hal_sd.o
    0x080020f8   0x080020f8   0x00000048   Code   RO          842    .text.HAL_SD_Init   stm32l4xx_hal_sd.o
    0x08002140   0x08002140   0x000000c8   Code   RO          846    .text.HAL_SD_InitCard  stm32l4xx_hal_sd.o
    0x08002208   0x08002208   0x000000ea   Code   RO           80    .text.HAL_SD_MspInit  sdmmc.o
    0x080022f2   0x080022f2   0x00000002   PAD
    0x080022f4   0x080022f4   0x000001de   Code   RO          860    .text.HAL_SD_ReadBlocks  stm32l4xx_hal_sd.o
    0x080024d2   0x080024d2   0x00000002   PAD
    0x080024d4   0x080024d4   0x000001ca   Code   RO          862    .text.HAL_SD_WriteBlocks  stm32l4xx_hal_sd.o
    0x0800269e   0x0800269e   0x00000002   PAD
    0x080026a0   0x080026a0   0x000000da   Code   RO          937    .text.HAL_SPI_Init  stm32l4xx_hal_spi.o
    0x0800277a   0x0800277a   0x00000002   PAD
    0x0800277c   0x0800277c   0x00000076   Code   RO           95    .text.HAL_SPI_MspInit  spi.o
    0x080027f2   0x080027f2   0x00000002   PAD
    0x080027f4   0x080027f4   0x000001c8   Code   RO          945    .text.HAL_SPI_Transmit  stm32l4xx_hal_spi.o
    0x080029bc   0x080029bc   0x00000008   Code   RO          662    .text.HAL_SYSTICK_Config  stm32l4xx_hal_cortex.o
    0x080029c4   0x080029c4   0x00000002   Code   RO         1400    .text.HAL_TIMEx_Break2Callback  stm32l4xx_hal_tim_ex.o
    0x080029c6   0x080029c6   0x00000002   PAD
    0x080029c8   0x080029c8   0x00000002   Code   RO         1398    .text.HAL_TIMEx_BreakCallback  stm32l4xx_hal_tim_ex.o
    0x080029ca   0x080029ca   0x00000002   PAD
    0x080029cc   0x080029cc   0x00000002   Code   RO         1394    .text.HAL_TIMEx_CommutCallback  stm32l4xx_hal_tim_ex.o
    0x080029ce   0x080029ce   0x00000002   PAD
    0x080029d0   0x080029d0   0x0000006e   Code   RO         1384    .text.HAL_TIMEx_MasterConfigSynchronization  stm32l4xx_hal_tim_ex.o
    0x08002a3e   0x08002a3e   0x00000002   PAD
    0x08002a40   0x08002a40   0x00000062   Code   RO         1066    .text.HAL_TIM_Base_Init  stm32l4xx_hal_tim.o
    0x08002aa2   0x08002aa2   0x00000002   PAD
    0x08002aa4   0x08002aa4   0x00000044   Code   RO          110    .text.HAL_TIM_Base_MspInit  tim.o
    0x08002ae8   0x08002ae8   0x0000006c   Code   RO         1080    .text.HAL_TIM_Base_Start_IT  stm32l4xx_hal_tim.o
    0x08002b54   0x08002b54   0x00000032   Code   RO         1082    .text.HAL_TIM_Base_Stop_IT  stm32l4xx_hal_tim.o
    0x08002b86   0x08002b86   0x00000002   PAD
    0x08002b88   0x08002b88   0x000000e0   Code   RO         1262    .text.HAL_TIM_ConfigClockSource  stm32l4xx_hal_tim.o
    0x08002c68   0x08002c68   0x00000002   Code   RO         1202    .text.HAL_TIM_IC_CaptureCallback  stm32l4xx_hal_tim.o
    0x08002c6a   0x08002c6a   0x00000002   PAD
    0x08002c6c   0x08002c6c   0x0000015a   Code   RO         1200    .text.HAL_TIM_IRQHandler  stm32l4xx_hal_tim.o
    0x08002dc6   0x08002dc6   0x00000002   PAD
    0x08002dc8   0x08002dc8   0x00000002   Code   RO         1204    .text.HAL_TIM_OC_DelayElapsedCallback  stm32l4xx_hal_tim.o
    0x08002dca   0x08002dca   0x00000002   PAD
    0x08002dcc   0x08002dcc   0x00000002   Code   RO         1206    .text.HAL_TIM_PWM_PulseFinishedCallback  stm32l4xx_hal_tim.o
    0x08002dce   0x08002dce   0x00000002   PAD
    0x08002dd0   0x08002dd0   0x000000d6   Code   RO           25    .text.HAL_TIM_PeriodElapsedCallback  main.o
    0x08002ea6   0x08002ea6   0x00000002   PAD
    0x08002ea8   0x08002ea8   0x00000002   Code   RO         1210    .text.HAL_TIM_TriggerCallback  stm32l4xx_hal_tim.o
    0x08002eaa   0x08002eaa   0x00000002   PAD
    0x08002eac   0x08002eac   0x00000002   Code   RO         1504    .text.HAL_UARTEx_RxEventCallback  stm32l4xx_hal_uart.o
    0x08002eae   0x08002eae   0x00000002   PAD
    0x08002eb0   0x08002eb0   0x00000002   Code   RO         1556    .text.HAL_UARTEx_WakeupCallback  stm32l4xx_hal_uart_ex.o
    0x08002eb2   0x08002eb2   0x00000002   PAD
    0x08002eb4   0x08002eb4   0x00000098   Code   RO         1466    .text.HAL_UART_DMAStop  stm32l4xx_hal_uart.o
    0x08002f4c   0x08002f4c   0x00000002   Code   RO         1502    .text.HAL_UART_ErrorCallback  stm32l4xx_hal_uart.o
    0x08002f4e   0x08002f4e   0x00000002   PAD
    0x08002f50   0x08002f50   0x000002ca   Code   RO         1498    .text.HAL_UART_IRQHandler  stm32l4xx_hal_uart.o
    0x0800321a   0x0800321a   0x00000002   PAD
    0x0800321c   0x0800321c   0x0000005e   Code   RO         1414    .text.HAL_UART_Init  stm32l4xx_hal_uart.o
    0x0800327a   0x0800327a   0x00000002   PAD
    0x0800327c   0x0800327c   0x0000021e   Code   RO          129    .text.HAL_UART_MspInit  usart.o
    0x0800349a   0x0800349a   0x00000002   PAD
    0x0800349c   0x0800349c   0x000000ea   Code   RO         1438    .text.HAL_UART_Receive  stm32l4xx_hal_uart.o
    0x08003586   0x08003586   0x00000002   PAD
    0x08003588   0x08003588   0x0000005e   Code   RO         1458    .text.HAL_UART_Receive_DMA  stm32l4xx_hal_uart.o
    0x080035e6   0x080035e6   0x00000002   PAD
    0x080035e8   0x080035e8   0x0000005e   Code   RO         1446    .text.HAL_UART_Receive_IT  stm32l4xx_hal_uart.o
    0x08003646   0x08003646   0x00000002   PAD
    0x08003648   0x08003648   0x0000003a   Code   RO           21    .text.HAL_UART_RxCpltCallback  main.o
    0x08003682   0x08003682   0x00000002   PAD
    0x08003684   0x08003684   0x00000002   Code   RO         1514    .text.HAL_UART_RxHalfCpltCallback  stm32l4xx_hal_uart.o
    0x08003686   0x08003686   0x00000002   PAD
    0x08003688   0x08003688   0x000000be   Code   RO         1434    .text.HAL_UART_Transmit  stm32l4xx_hal_uart.o
    0x08003746   0x08003746   0x00000002   PAD
    0x08003748   0x08003748   0x00000002   Code   RO         1508    .text.HAL_UART_TxCpltCallback  stm32l4xx_hal_uart.o
    0x0800374a   0x0800374a   0x00000002   PAD
    0x0800374c   0x0800374c   0x00000002   Code   RO          157    .text.HardFault_Handler  stm32l4xx_it.o
    0x0800374e   0x0800374e   0x00000002   PAD
    0x08003750   0x08003750   0x00000052   Code   RO           69    .text.MX_DMA_Init   dma.o
    0x080037a2   0x080037a2   0x00000002   PAD
    0x080037a4   0x080037a4   0x00000022   Code   RO         1749    .text.MX_FATFS_Init  fatfs.o
    0x080037c6   0x080037c6   0x00000002   PAD
    0x080037c8   0x080037c8   0x00000120   Code   RO           60    .text.MX_GPIO_Init  gpio.o
    0x080038e8   0x080038e8   0x00000034   Code   RO           17    .text.MX_NVIC_Init  main.o
    0x0800391c   0x0800391c   0x0000002c   Code   RO           78    .text.MX_SDMMC1_SD_Init  sdmmc.o
    0x08003948   0x08003948   0x00000052   Code   RO           93    .text.MX_SPI1_Init  spi.o
    0x0800399a   0x0800399a   0x00000002   PAD
    0x0800399c   0x0800399c   0x00000084   Code   RO          108    .text.MX_TIM1_Init  tim.o
    0x08003a20   0x08003a20   0x0000003c   Code   RO          123    .text.MX_USART1_UART_Init  usart.o
    0x08003a5c   0x08003a5c   0x0000003c   Code   RO          125    .text.MX_USART2_UART_Init  usart.o
    0x08003a98   0x08003a98   0x0000003c   Code   RO          127    .text.MX_USART3_UART_Init  usart.o
    0x08003ad4   0x08003ad4   0x00000002   Code   RO          159    .text.MemManage_Handler  stm32l4xx_it.o
    0x08003ad6   0x08003ad6   0x00000002   PAD
    0x08003ad8   0x08003ad8   0x00000002   Code   RO          155    .text.NMI_Handler   stm32l4xx_it.o
    0x08003ada   0x08003ada   0x00000002   PAD
    0x08003adc   0x08003adc   0x0000002c   Code   RO          648    .text.NVIC_EncodePriority  stm32l4xx_hal_cortex.o
    0x08003b08   0x08003b08   0x00000002   Code   RO          169    .text.PendSV_Handler  stm32l4xx_it.o
    0x08003b0a   0x08003b0a   0x00000002   PAD
    0x08003b0c   0x08003b0c   0x000000da   Code   RO          331    .text.RCCEx_GetSAIxPeriphCLKFreq  stm32l4xx_hal_rcc_ex.o
    0x08003be6   0x08003be6   0x00000002   PAD
    0x08003be8   0x08003be8   0x00000186   Code   RO          325    .text.RCCEx_PLLSAI1_Config  stm32l4xx_hal_rcc_ex.o
    0x08003d6e   0x08003d6e   0x00000002   PAD
    0x08003d70   0x08003d70   0x0000008e   Code   RO          289    .text.RCC_SetFlashLatencyFromMSIRange  stm32l4xx_hal_rcc.o
    0x08003dfe   0x08003dfe   0x00000002   PAD
    0x08003e00   0x08003e00   0x00000032   Code   RO          800    .text.SDMMC_CmdAppCommand  stm32l4xx_ll_sdmmc.o
    0x08003e32   0x08003e32   0x00000002   PAD
    0x08003e34   0x08003e34   0x00000034   Code   RO          802    .text.SDMMC_CmdAppOperCommand  stm32l4xx_ll_sdmmc.o
    0x08003e68   0x08003e68   0x00000032   Code   RO          766    .text.SDMMC_CmdBlockLength  stm32l4xx_ll_sdmmc.o
    0x08003e9a   0x08003e9a   0x00000002   PAD
    0x08003e9c   0x08003e9c   0x00000032   Code   RO          806    .text.SDMMC_CmdBusWidth  stm32l4xx_ll_sdmmc.o
    0x08003ece   0x08003ece   0x00000002   PAD
    0x08003ed0   0x08003ed0   0x00000028   Code   RO          792    .text.SDMMC_CmdGoIdleState  stm32l4xx_ll_sdmmc.o
    0x08003ef8   0x08003ef8   0x00000030   Code   RO          796    .text.SDMMC_CmdOperCond  stm32l4xx_ll_sdmmc.o
    0x08003f28   0x08003f28   0x00000032   Code   RO          772    .text.SDMMC_CmdReadMultiBlock  stm32l4xx_ll_sdmmc.o
    0x08003f5a   0x08003f5a   0x00000002   PAD
    0x08003f5c   0x08003f5c   0x00000032   Code   RO          770    .text.SDMMC_CmdReadSingleBlock  stm32l4xx_ll_sdmmc.o
    0x08003f8e   0x08003f8e   0x00000002   PAD
    0x08003f90   0x08003f90   0x00000032   Code   RO          790    .text.SDMMC_CmdSelDesel  stm32l4xx_ll_sdmmc.o
    0x08003fc2   0x08003fc2   0x00000002   PAD
    0x08003fc4   0x08003fc4   0x0000002c   Code   RO          810    .text.SDMMC_CmdSendCID  stm32l4xx_ll_sdmmc.o
    0x08003ff0   0x08003ff0   0x0000002c   Code   RO          814    .text.SDMMC_CmdSendCSD  stm32l4xx_ll_sdmmc.o
    0x0800401c   0x0800401c   0x00000032   Code   RO          808    .text.SDMMC_CmdSendSCR  stm32l4xx_ll_sdmmc.o
    0x0800404e   0x0800404e   0x00000002   PAD
    0x08004050   0x08004050   0x00000032   Code   RO          824    .text.SDMMC_CmdSendStatus  stm32l4xx_ll_sdmmc.o
    0x08004082   0x08004082   0x00000002   PAD
    0x08004084   0x08004084   0x00000032   Code   RO          816    .text.SDMMC_CmdSetRelAdd  stm32l4xx_ll_sdmmc.o
    0x080040b6   0x080040b6   0x00000002   PAD
    0x080040b8   0x080040b8   0x00000036   Code   RO          788    .text.SDMMC_CmdStopTransfer  stm32l4xx_ll_sdmmc.o
    0x080040ee   0x080040ee   0x00000002   PAD
    0x080040f0   0x080040f0   0x00000032   Code   RO          776    .text.SDMMC_CmdWriteMultiBlock  stm32l4xx_ll_sdmmc.o
    0x08004122   0x08004122   0x00000002   PAD
    0x08004124   0x08004124   0x00000032   Code   RO          774    .text.SDMMC_CmdWriteSingleBlock  stm32l4xx_ll_sdmmc.o
    0x08004156   0x08004156   0x00000002   PAD
    0x08004158   0x08004158   0x00000026   Code   RO          758    .text.SDMMC_ConfigData  stm32l4xx_ll_sdmmc.o
    0x0800417e   0x0800417e   0x00000002   PAD
    0x08004180   0x08004180   0x00000038   Code   RO          794    .text.SDMMC_GetCmdError  stm32l4xx_ll_sdmmc.o
    0x080041b8   0x080041b8   0x00000132   Code   RO          768    .text.SDMMC_GetCmdResp1  stm32l4xx_ll_sdmmc.o
    0x080042ea   0x080042ea   0x00000002   PAD
    0x080042ec   0x080042ec   0x00000058   Code   RO          812    .text.SDMMC_GetCmdResp2  stm32l4xx_ll_sdmmc.o
    0x08004344   0x08004344   0x0000004a   Code   RO          804    .text.SDMMC_GetCmdResp3  stm32l4xx_ll_sdmmc.o
    0x0800438e   0x0800438e   0x00000002   PAD
    0x08004390   0x08004390   0x000000a6   Code   RO          818    .text.SDMMC_GetCmdResp6  stm32l4xx_ll_sdmmc.o
    0x08004436   0x08004436   0x00000002   PAD
    0x08004438   0x08004438   0x00000062   Code   RO          798    .text.SDMMC_GetCmdResp7  stm32l4xx_ll_sdmmc.o
    0x0800449a   0x0800449a   0x00000002   PAD
    0x0800449c   0x0800449c   0x00000006   Code   RO          754    .text.SDMMC_GetCommandResponse  stm32l4xx_ll_sdmmc.o
    0x080044a2   0x080044a2   0x00000002   PAD
    0x080044a4   0x080044a4   0x00000008   Code   RO          750    .text.SDMMC_GetPowerState  stm32l4xx_ll_sdmmc.o
    0x080044ac   0x080044ac   0x00000006   Code   RO          756    .text.SDMMC_GetResponse  stm32l4xx_ll_sdmmc.o
    0x080044b2   0x080044b2   0x00000002   PAD
    0x080044b4   0x080044b4   0x0000002c   Code   RO          740    .text.SDMMC_Init    stm32l4xx_ll_sdmmc.o
    0x080044e0   0x080044e0   0x00000010   Code   RO          746    .text.SDMMC_PowerState_ON  stm32l4xx_ll_sdmmc.o
    0x080044f0   0x080044f0   0x00000006   Code   RO          742    .text.SDMMC_ReadFIFO  stm32l4xx_ll_sdmmc.o
    0x080044f6   0x080044f6   0x00000002   PAD
    0x080044f8   0x080044f8   0x0000002a   Code   RO          752    .text.SDMMC_SendCommand  stm32l4xx_ll_sdmmc.o
    0x08004522   0x08004522   0x00000002   PAD
    0x08004524   0x08004524   0x0000000c   Code   RO          744    .text.SDMMC_WriteFIFO  stm32l4xx_ll_sdmmc.o
    0x08004530   0x08004530   0x00000024   Code   RO         1737    .text.SD_CheckStatus  sd_diskio.o
    0x08004554   0x08004554   0x000000d2   Code   RO          924    .text.SD_FindSCR    stm32l4xx_hal_sd.o
    0x08004626   0x08004626   0x00000002   PAD
    0x08004628   0x08004628   0x000000e6   Code   RO          852    .text.SD_InitCard   stm32l4xx_hal_sd.o
    0x0800470e   0x0800470e   0x00000002   PAD
    0x08004710   0x08004710   0x000000c0   Code   RO          850    .text.SD_PowerON    stm32l4xx_hal_sd.o
    0x080047d0   0x080047d0   0x00000030   Code   RO          918    .text.SD_SendStatus  stm32l4xx_hal_sd.o
    0x08004800   0x08004800   0x00000058   Code   RO          914    .text.SD_WideBus_Disable  stm32l4xx_hal_sd.o
    0x08004858   0x08004858   0x00000058   Code   RO          912    .text.SD_WideBus_Enable  stm32l4xx_hal_sd.o
    0x080048b0   0x080048b0   0x00000022   Code   RO         1727    .text.SD_initialize  sd_diskio.o
    0x080048d2   0x080048d2   0x00000002   PAD
    0x080048d4   0x080048d4   0x00000056   Code   RO         1735    .text.SD_ioctl      sd_diskio.o
    0x0800492a   0x0800492a   0x00000002   PAD
    0x0800492c   0x0800492c   0x00000024   Code   RO         1731    .text.SD_read       sd_diskio.o
    0x08004950   0x08004950   0x00000008   Code   RO         1729    .text.SD_status     sd_diskio.o
    0x08004958   0x08004958   0x00000024   Code   RO         1733    .text.SD_write      sd_diskio.o
    0x0800497c   0x0800497c   0x00000042   Code   RO          947    .text.SPI_EndRxTxTransaction  stm32l4xx_hal_spi.o
    0x080049be   0x080049be   0x00000002   PAD
    0x080049c0   0x080049c0   0x000000ee   Code   RO         1003    .text.SPI_WaitFifoStateUntilTimeout  stm32l4xx_hal_spi.o
    0x08004aae   0x08004aae   0x00000002   PAD
    0x08004ab0   0x08004ab0   0x000000b4   Code   RO         1005    .text.SPI_WaitFlagStateUntilTimeout  stm32l4xx_hal_spi.o
    0x08004b64   0x08004b64   0x00000002   Code   RO          165    .text.SVC_Handler   stm32l4xx_it.o
    0x08004b66   0x08004b66   0x00000002   PAD
    0x08004b68   0x08004b68   0x0000002e   Code   RO          664    .text.SysTick_Config  stm32l4xx_hal_cortex.o
    0x08004b96   0x08004b96   0x00000002   PAD
    0x08004b98   0x08004b98   0x00000008   Code   RO          171    .text.SysTick_Handler  stm32l4xx_it.o
    0x08004ba0   0x08004ba0   0x00000086   Code   RO           15    .text.SystemClock_Config  main.o
    0x08004c26   0x08004c26   0x00000002   PAD
    0x08004c28   0x08004c28   0x00000012   Code   RO         1588    .text.SystemInit    system_stm32l4xx.o
    0x08004c3a   0x08004c3a   0x00000002   PAD
    0x08004c3c   0x08004c3c   0x00000010   Code   RO          179    .text.TIM1_UP_TIM16_IRQHandler  stm32l4xx_it.o
    0x08004c4c   0x08004c4c   0x00000098   Code   RO         1070    .text.TIM_Base_SetConfig  stm32l4xx_hal_tim.o
    0x08004ce4   0x08004ce4   0x00000016   Code   RO         1260    .text.TIM_ETR_SetConfig  stm32l4xx_hal_tim.o
    0x08004cfa   0x08004cfa   0x00000002   PAD
    0x08004cfc   0x08004cfc   0x00000010   Code   RO         1266    .text.TIM_ITRx_SetConfig  stm32l4xx_hal_tim.o
    0x08004d0c   0x08004d0c   0x00000022   Code   RO         1264    .text.TIM_TI1_ConfigInputStage  stm32l4xx_hal_tim.o
    0x08004d2e   0x08004d2e   0x00000002   PAD
    0x08004d30   0x08004d30   0x00000024   Code   RO         1268    .text.TIM_TI2_ConfigInputStage  stm32l4xx_hal_tim.o
    0x08004d54   0x08004d54   0x000000e6   Code   RO         1418    .text.UART_AdvFeatureConfig  stm32l4xx_hal_uart.o
    0x08004e3a   0x08004e3a   0x00000002   PAD
    0x08004e3c   0x08004e3c   0x000000ba   Code   RO         1422    .text.UART_CheckIdleState  stm32l4xx_hal_uart.o
    0x08004ef6   0x08004ef6   0x00000002   PAD
    0x08004ef8   0x08004ef8   0x00000014   Code   RO         1500    .text.UART_DMAAbortOnError  stm32l4xx_hal_uart.o
    0x08004f0c   0x08004f0c   0x00000052   Code   RO         1456    .text.UART_DMAError  stm32l4xx_hal_uart.o
    0x08004f5e   0x08004f5e   0x00000002   PAD
    0x08004f60   0x08004f60   0x0000008a   Code   RO         1542    .text.UART_DMAReceiveCplt  stm32l4xx_hal_uart.o
    0x08004fea   0x08004fea   0x00000002   PAD
    0x08004fec   0x08004fec   0x00000020   Code   RO         1544    .text.UART_DMARxHalfCplt  stm32l4xx_hal_uart.o
    0x0800500c   0x0800500c   0x00000052   Code   RO         1470    .text.UART_EndRxTransfer  stm32l4xx_hal_uart.o
    0x0800505e   0x0800505e   0x00000002   PAD
    0x08005060   0x08005060   0x00000026   Code   RO         1506    .text.UART_EndTransmit_IT  stm32l4xx_hal_uart.o
    0x08005086   0x08005086   0x00000002   PAD
    0x08005088   0x08005088   0x0000001a   Code   RO         1468    .text.UART_EndTxTransfer  stm32l4xx_hal_uart.o
    0x080050a2   0x080050a2   0x00000002   PAD
    0x080050a4   0x080050a4   0x000000d2   Code   RO         1538    .text.UART_RxISR_16BIT  stm32l4xx_hal_uart.o
    0x08005176   0x08005176   0x00000002   PAD
    0x08005178   0x08005178   0x000000d6   Code   RO         1540    .text.UART_RxISR_8BIT  stm32l4xx_hal_uart.o
    0x0800524e   0x0800524e   0x00000002   PAD
    0x08005250   0x08005250   0x00000240   Code   RO         1420    .text.UART_SetConfig  stm32l4xx_hal_uart.o
    0x08005490   0x08005490   0x000000a0   Code   RO         1460    .text.UART_Start_Receive_DMA  stm32l4xx_hal_uart.o
    0x08005530   0x08005530   0x000000ba   Code   RO         1448    .text.UART_Start_Receive_IT  stm32l4xx_hal_uart.o
    0x080055ea   0x080055ea   0x00000002   PAD
    0x080055ec   0x080055ec   0x000000c2   Code   RO         1436    .text.UART_WaitOnFlagUntilTimeout  stm32l4xx_hal_uart.o
    0x080056ae   0x080056ae   0x00000002   PAD
    0x080056b0   0x080056b0   0x00000018   Code   RO          181    .text.USART1_IRQHandler  stm32l4xx_it.o
    0x080056c8   0x080056c8   0x00000018   Code   RO          183    .text.USART2_IRQHandler  stm32l4xx_it.o
    0x080056e0   0x080056e0   0x00000018   Code   RO          185    .text.USART3_IRQHandler  stm32l4xx_it.o
    0x080056f8   0x080056f8   0x000000ae   Code   RO          139    .text.USAR_UART_IDLECallback  usart.o
    0x080057a6   0x080057a6   0x00000002   PAD
    0x080057a8   0x080057a8   0x0000003a   Code   RO          137    .text.USER_UART_IRQHandler  usart.o
    0x080057e2   0x080057e2   0x00000002   PAD
    0x080057e4   0x080057e4   0x00000002   Code   RO          163    .text.UsageFault_Handler  stm32l4xx_it.o
    0x080057e6   0x080057e6   0x00000002   PAD
    0x080057e8   0x080057e8   0x00000020   Code   RO          652    .text.__NVIC_EnableIRQ  stm32l4xx_hal_cortex.o
    0x08005808   0x08005808   0x00000010   Code   RO          644    .text.__NVIC_GetPriorityGrouping  stm32l4xx_hal_cortex.o
    0x08005818   0x08005818   0x00000022   Code   RO          646    .text.__NVIC_SetPriority  stm32l4xx_hal_cortex.o
    0x0800583a   0x0800583a   0x00000002   PAD
    0x0800583c   0x0800583c   0x00000020   Code   RO          640    .text.__NVIC_SetPriorityGrouping  stm32l4xx_hal_cortex.o
    0x0800585c   0x0800585c   0x00000020   Code   RO          133    .text.fputc         usart.o
    0x0800587c   0x0800587c   0x00000026   Code   RO         1614    .text.lcd_clear     lcd_core.o
    0x080058a2   0x080058a2   0x00000002   PAD
    0x080058a4   0x080058a4   0x00000008   Code   RO         1657    .text.lcd_delay     lcd_port.o
    0x080058ac   0x080058ac   0x0000001c   Code   RO         1618    .text.lcd_draw_point  lcd_core.o
    0x080058c8   0x080058c8   0x000000ac   Code   RO         1616    .text.lcd_fill      lcd_core.o
    0x08005974   0x08005974   0x00000048   Code   RO         1610    .text.lcd_init_dev  lcd_core.o
    0x080059bc   0x080059bc   0x0000028e   Code   RO         1608    .text.lcd_init_hw   lcd_core.o
    0x08005c4a   0x08005c4a   0x00000002   PAD
    0x08005c4c   0x08005c4c   0x0000000a   Code   RO         1663    .text.lcd_io_bl     lcd_port.o
    0x08005c56   0x08005c56   0x00000002   PAD
    0x08005c58   0x08005c58   0x0000001e   Code   RO         1661    .text.lcd_io_ctrl   lcd_port.o
    0x08005c76   0x08005c76   0x00000002   PAD
    0x08005c78   0x08005c78   0x0000000a   Code   RO         1667    .text.lcd_io_dc     lcd_port.o
    0x08005c82   0x08005c82   0x00000002   PAD
    0x08005c84   0x08005c84   0x0000000a   Code   RO         1659    .text.lcd_io_rst    lcd_port.o
    0x08005c8e   0x08005c8e   0x00000002   PAD
    0x08005c90   0x08005c90   0x00000038   Code   RO         1628    .text.lcd_print     lcd_core.o
    0x08005cc8   0x08005cc8   0x000000a4   Code   RO         1604    .text.lcd_set_address  lcd_core.o
    0x08005d6c   0x08005d6c   0x0000002a   Code   RO         1612    .text.lcd_set_font  lcd_core.o
    0x08005d96   0x08005d96   0x00000002   PAD
    0x08005d98   0x08005d98   0x00000094   Code   RO         1624    .text.lcd_show_char  lcd_core.o
    0x08005e2c   0x08005e2c   0x0000004a   Code   RO         1626    .text.lcd_show_string  lcd_core.o
    0x08005e76   0x08005e76   0x00000002   PAD
    0x08005e78   0x08005e78   0x00000046   Code   RO         1671    .text.lcd_spi_transmit  lcd_port.o
    0x08005ebe   0x08005ebe   0x00000002   PAD
    0x08005ec0   0x08005ec0   0x0000001a   Code   RO         1675    .text.lcd_write_bulk  lcd_port.o
    0x08005eda   0x08005eda   0x00000002   PAD
    0x08005edc   0x08005edc   0x00000020   Code   RO         1669    .text.lcd_write_byte  lcd_port.o
    0x08005efc   0x08005efc   0x0000002c   Code   RO         1673    .text.lcd_write_halfword  lcd_port.o
    0x08005f28   0x08005f28   0x00000020   Code   RO         1677    .text.lcd_write_reg  lcd_port.o
    0x08005f48   0x08005f48   0x00000042   Code   RO         1606    .text.lcd_write_reg_data  lcd_core.o
    0x08005f8a   0x08005f8a   0x00000002   PAD
    0x08005f8c   0x08005f8c   0x0000001a   Code   RO         1946    .text.list_find_before  list.o
    0x08005fa6   0x08005fa6   0x00000002   PAD
    0x08005fa8   0x08005fa8   0x0000001a   Code   RO         1948    .text.list_find_next  list.o
    0x08005fc2   0x08005fc2   0x00000002   PAD
    0x08005fc4   0x08005fc4   0x00000006   Code   RO         1942    .text.list_init     list.o
    0x08005fca   0x08005fca   0x00000002   PAD
    0x08005fcc   0x08005fcc   0x0000000c   Code   RO         1944    .text.list_insert_after  list.o
    0x08005fd8   0x08005fd8   0x000002cc   Code   RO           13    .text.main          main.o
    0x080062a4   0x080062a4   0x00000158   Code   RO           11    .text.printf_sdcard_info  main.o
    0x080063fc   0x080063fc   0x00000020   Code   RO         2205    i.__0printf         mc_w.l(printfa.o)
    0x0800641c   0x0800641c   0x00000034   Code   RO         2210    i.__0vsnprintf      mc_w.l(printfa.o)
    0x08006450   0x08006450   0x0000000e   Code   RO         2316    i.__scatterload_copy  mc_w.l(handlers.o)
    0x0800645e   0x0800645e   0x00000002   Code   RO         2317    i.__scatterload_null  mc_w.l(handlers.o)
    0x08006460   0x08006460   0x0000000e   Code   RO         2318    i.__scatterload_zeroinit  mc_w.l(handlers.o)
    0x0800646e   0x0800646e   0x00000002   PAD
    0x08006470   0x08006470   0x0000018a   Code   RO         2212    i._fp_digits        mc_w.l(printfa.o)
    0x080065fa   0x080065fa   0x00000002   PAD
    0x080065fc   0x080065fc   0x000006e2   Code   RO         2213    i._printf_core      mc_w.l(printfa.o)
    0x08006cde   0x08006cde   0x00000024   Code   RO         2214    i._printf_post_padding  mc_w.l(printfa.o)
    0x08006d02   0x08006d02   0x0000002e   Code   RO         2215    i._printf_pre_padding  mc_w.l(printfa.o)
    0x08006d30   0x08006d30   0x00000016   Code   RO         2216    i._snputc           mc_w.l(printfa.o)
    0x08006d46   0x08006d46   0x00000002   PAD
    0x08006d48   0x08006d48   0x0000006c   Code   RO         2234    i.malloc            mc_w.l(malloc.o)
    0x08006db4   0x08006db4   0x00000024   Code   RO         1962    i.puts              mc_w.l(puts.o)
    0x08006dd8   0x08006dd8   0x00000010   Data   RO         1593    .rodata.AHBPrescTable  system_stm32l4xx.o
    0x08006de8   0x08006de8   0x00000008   Data   RO         1594    .rodata.APBPrescTable  system_stm32l4xx.o
    0x08006df0   0x08006df0   0x00000030   Data   RO         1595    .rodata.MSIRangeTable  system_stm32l4xx.o
    0x08006e20   0x08006e20   0x00000014   Data   RO         1739    .rodata.SD_Driver   sd_diskio.o
    0x08006e34   0x08006e34   0x00000474   Data   RO         1648    .rodata.ascii_1206  lcd_font.o
    0x080072a8   0x080072a8   0x000005f0   Data   RO         1649    .rodata.ascii_1608  lcd_font.o
    0x08007898   0x08007898   0x000011d0   Data   RO         1650    .rodata.ascii_2412  lcd_font.o
    0x08008a68   0x08008a68   0x000017c0   Data   RO         1651    .rodata.ascii_3216  lcd_font.o
    0x0800a228   0x0800a228   0x00000040   Data   RO         1647    .rodata.lcd_fonts   lcd_font.o
    0x0800a268   0x0800a268   0x000000a2   Data   RO           32    .rodata.str1.1      main.o
    0x0800a30a   0x0800a30a   0x0000001e   Data   RO         1632    .rodata.str1.1      lcd_core.o
    0x0800a328   0x0800a328   0x00000020   Data   RO         2315    Region$$Table       anon$$obj.o


    Execution Region RW_IRAM2 (Exec base: 0x10000000, Load base: 0x0800a428, Size: 0x00000000, Max: 0x00004000, ABSOLUTE)

    **** No section assigned to this execution region ****


    Execution Region RW_IRAM1 (Exec base: 0x20000000, Load base: 0x0800a348, Size: 0x00000f68, Max: 0x0000c000, ABSOLUTE)

    Exec Addr    Load Addr    Size         Type   Attr      Idx    E Section Name        Object

    0x20000000   0x0800a348   0x00000004   Data   RW         2275    .data               mc_w.l(stdout.o)
    0x20000004   0x0800a34c   0x00000004   Data   RW         2295    .data               mc_w.l(mvars.o)
    0x20000008   0x0800a350   0x00000004   Data   RW         2296    .data               mc_w.l(mvars.o)
    0x2000000c   0x0800a354   0x00000001   Data   RW         1740    .data.Stat          sd_diskio.o
    0x2000000d   0x0800a355   0x00000003   PAD
    0x20000010   0x0800a358   0x00000004   Data   RW         1592    .data.SystemCoreClock  system_stm32l4xx.o
    0x20000014   0x0800a35c   0x00000030   Data   RW         1638    .data.lcd_cfg_address  lcd_core.o
    0x20000044   0x0800a38c   0x0000000c   Data   RW         1637    .data.lcd_cfg_order  lcd_core.o
    0x20000050   0x0800a398   0x0000002c   Data   RW           30    .data.lcd_desc      main.o
    0x2000007c   0x0800a3c4   0x0000000c   Data   RW         1633    .data.lcd_hw_0_96   lcd_core.o
    0x20000088   0x0800a3d0   0x0000000c   Data   RW         1634    .data.lcd_hw_1_14   lcd_core.o
    0x20000094   0x0800a3dc   0x0000000c   Data   RW         1635    .data.lcd_hw_1_47   lcd_core.o
    0x200000a0   0x0800a3e8   0x0000000c   Data   RW         1636    .data.lcd_hw_desc   lcd_core.o
    0x200000ac   0x0800a3f4   0x0000002c   Data   RW           28    .data.lcd_io_desc   main.o
    0x200000d8   0x0800a420   0x00000001   Data   RW          275    .data.uwTickFreq    stm32l4xx_hal.o
    0x200000d9   0x0800a421   0x00000003   PAD
    0x200000dc   0x0800a424   0x00000004   Data   RW          274    .data.uwTickPrio    stm32l4xx_hal.o
    0x200000e0        -       0x00000004   Zero   RW           38    .bss.A_MAX          main.o
    0x200000e4        -       0x00000004   Zero   RW           37    .bss.A_MIN          main.o
    0x200000e8        -       0x00000004   Zero   RW           40    .bss.B_MAX          main.o
    0x200000ec        -       0x00000004   Zero   RW           39    .bss.B_MIN          main.o
    0x200000f0        -       0x00000004   Zero   RW           36    .bss.L_MAX          main.o
    0x200000f4        -       0x00000004   Zero   RW           35    .bss.L_MIN          main.o
    0x200000f8        -       0x00000020   Zero   RW           31    .bss.SDCardInfo     main.o
    0x20000118        -       0x00000004   Zero   RW         1753    .bss.SDPath         fatfs.o
    0x2000011c        -       0x00000005   Zero   RW           41    .bss.UART_Recv_IT   main.o
    0x20000121   0x0800a428   0x00000003   PAD
    0x20000124        -       0x0000000c   Zero   RW         1932    .bss.disk           ff_gen_drv.o
    0x20000130        -       0x00000048   Zero   RW          144    .bss.hdma_usart1_rx  usart.o
    0x20000178        -       0x00000048   Zero   RW          145    .bss.hdma_usart2_rx  usart.o
    0x200001c0        -       0x00000048   Zero   RW          146    .bss.hdma_usart3_rx  usart.o
    0x20000208        -       0x00000084   Zero   RW           84    .bss.hsd1           sdmmc.o
    0x2000028c        -       0x00000064   Zero   RW           99    .bss.hspi1          spi.o
    0x200002f0        -       0x0000004c   Zero   RW          114    .bss.htim1          tim.o
    0x2000033c        -       0x00000088   Zero   RW          141    .bss.huart1         usart.o
    0x200003c4        -       0x00000088   Zero   RW          142    .bss.huart2         usart.o
    0x2000044c        -       0x00000088   Zero   RW          143    .bss.huart3         usart.o
    0x200004d4        -       0x00000001   Zero   RW           27    .bss.key_state      main.o
    0x200004d5   0x0800a428   0x00000003   PAD
    0x200004d8        -       0x00000004   Zero   RW         1951    .bss.last_list      list.o
    0x200004dc        -       0x00000280   Zero   RW           29    .bss.line_buffer    main.o
    0x2000075c        -       0x00000004   Zero   RW         1950    .bss.now_list       list.o
    0x20000760        -       0x00000001   Zero   RW         1754    .bss.retSD          fatfs.o
    0x20000761        -       0x000000ff   Zero   RW           33    .bss.uart1_uart_receive_buff  main.o
    0x20000860        -       0x000000ff   Zero   RW           34    .bss.uart3_uart_receive_buff  main.o
    0x2000095f   0x0800a428   0x00000001   PAD
    0x20000960        -       0x00000004   Zero   RW          276    .bss.uwTick         stm32l4xx_hal.o
    0x20000964   0x0800a428   0x00000004   PAD
    0x20000968        -       0x00000200   Zero   RW            2    HEAP                startup_stm32l431xx.o
    0x20000b68        -       0x00000400   Zero   RW            1    STACK               startup_stm32l431xx.o


==============================================================================

Image component sizes


      Code (inc. data)   RO Data    RW Data    ZI Data      Debug   Object Name

       192          0          0          0          0       6636   bsp_driver_sd.o
        82          0          0          0          0       3069   dma.o
        34          0          0          0          5       1906   fatfs.o
        90          0          0          0         12       2648   ff_gen_drv.o
       288          0          0          0          0       3973   gpio.o
      1514          0         30        108          0       8959   lcd_core.o
         0          0      13364          0          0       1100   lcd_font.o
       272          0          0          0          0       4010   lcd_port.o
        70          0          0          0          8       1603   list.o
      1562        232        162         88       1212      13748   main.o
       236          4         20          1          0       3169   sd_diskio.o
       278          0          0          0        132       6161   sdmmc.o
       200          0          0          0        100       4957   spi.o
        36          8        396          0       1536        808   startup_stm32l431xx.o
       194          0          0          5          4       8501   stm32l4xx_hal.o
       258          0          0          0          0      10568   stm32l4xx_hal_cortex.o
       696          0          0          0          0       7232   stm32l4xx_hal_dma.o
       484          0          0          0          0       5334   stm32l4xx_hal_gpio.o
        50          0          0          0          0       1555   stm32l4xx_hal_msp.o
        18          0          0          0          0       5294   stm32l4xx_hal_pwr.o
       134          0          0          0          0       8278   stm32l4xx_hal_pwr_ex.o
      2326          0          0          0          0       9558   stm32l4xx_hal_rcc.o
      2154         64          0          0          0      13636   stm32l4xx_hal_rcc_ex.o
      2798          0          0          0          0      24221   stm32l4xx_hal_sd.o
      1158          0          0          0          0      21843   stm32l4xx_hal_spi.o
      1094          0          0          0          0      47932   stm32l4xx_hal_tim.o
       116          0          0          0          0      20399   stm32l4xx_hal_tim_ex.o
      3954         62          0          0          0      28834   stm32l4xx_hal_uart.o
         2          0          0          0          0       8313   stm32l4xx_hal_uart_ex.o
       212          0          0          0          0       2851   stm32l4xx_it.o
      1798          0          0          0          0      15095   stm32l4xx_ll_sdmmc.o
        18          0         72          4          0       2939   system_stm32l4xx.o
       200          0          0          0         76       6932   tim.o
       986          0          0          0        624       9777   usart.o

    ----------------------------------------------------------------------
     23756        370      14076        212       3720     321839   Object Totals
         0          0         32          0          0          0   (incl. Generated)
       252          0          0          6         11          0   (incl. Padding)

    ----------------------------------------------------------------------

      Code (inc. data)   RO Data    RW Data    ZI Data      Debug   Library Member Name

         0          0          0          0          0          0   entry.o
         0          0          0          0          0          0   entry10a.o
         0          0          0          0          0          0   entry11a.o
         8          4          0          0          0          0   entry2.o
         4          0          0          0          0          0   entry5.o
         0          0          0          0          0          0   entry7b.o
         0          0          0          0          0          0   entry8b.o
         8          4          0          0          0          0   entry9a.o
        30          0          0          0          0          0   handlers.o
        36          8          0          0          0         68   init.o
         0          0          0          0          0          0   iusefp.o
        30          0          0          0          0         68   llshl.o
        36          0          0          0          0         68   llsshr.o
        32          0          0          0          0         68   llushr.o
       108         16          0          0          0         84   malloc.o
        36          0          0          0          0        108   memseta.o
         0          0          0          8          0          0   mvars.o
      2344         96          0          0          0        600   printfa.o
        36          6          0          0          0         80   puts.o
         0          0          0          4          0          0   stdout.o
        14          0          0          0          0         68   strlen.o
        44          0          0          0          0         80   uidiv.o
       104          0          0          0          0         92   uldiv.o
        48          0          0          0          0         68   cdrcmple.o
       350          0          0          0          0        148   dadd.o
       222          0          0          0          0        100   ddiv.o
       186          0          0          0          0        176   depilogue.o
        48          0          0          0          0         68   dfixul.o
       234          0          0          0          0         96   dmul.o

    ----------------------------------------------------------------------
      3968        134          0         12          0       2040   Library Totals
        10          0          0          0          0          0   (incl. Padding)

    ----------------------------------------------------------------------

      Code (inc. data)   RO Data    RW Data    ZI Data      Debug   Library Name

      2870        134          0         12          0       1384   mc_w.l
      1088          0          0          0          0        656   mf_w.l

    ----------------------------------------------------------------------
      3968        134          0         12          0       2040   Library Totals

    ----------------------------------------------------------------------

==============================================================================


      Code (inc. data)   RO Data    RW Data    ZI Data      Debug   

     27724        504      14076        224       3720     322423   Grand Totals
     27724        504      14076        224       3720     322423   ELF Image Totals
     27724        504      14076        224          0          0   ROM Totals

==============================================================================

    Total RO  Size (Code + RO Data)                41800 (  40.82kB)
    Total RW  Size (RW Data + ZI Data)              3944 (   3.85kB)
    Total ROM Size (Code + RO Data + RW Data)      42024 (  41.04kB)

==============================================================================

