<html>
<body>
<pre>
<h1>µVision Build Log</h1>
<h2>Tool Versions:</h2>
IDE-Version: ¦ÌVision V5.36.0.0
Copyright (C) 2021 ARM Ltd and ARM Germany GmbH. All rights reserved.
License Information: 1 shiming, 1, LIC=HN0AE-54KS8-RAJDM-XW5T7-XNR0T-9HA3H
 
Tool Versions:
Toolchain:       MDK-ARM Plus  Version: 5.36.0.0
Toolchain Path:  E:\stm32_KEIL5\ARM\ARMCLANG\Bin
C Compiler:      ArmClang.exe V6.16
Assembler:       Armasm.exe V6.16
Linker/Locator:  ArmLink.exe V6.16
Library Manager: ArmAr.exe V6.16
Hex Converter:   FromElf.exe V6.16
CPU DLL:         SARMCM3.DLL V5.36.0.0
Dialog DLL:      DCM.DLL V1.17.3.0
Target DLL:      STLink\ST-LINKIII-KEIL_SWO.dll V3.0.9.0
Dialog DLL:      TCM.DLL V1.53.0.0
 
<h2>Project:</h2>
E:\Desktop\L4_code\L4_code\MDK-ARM\L4_code.uvprojx
Project File Date:  07/17/2025

<h2>Output:</h2>
*** Using Compiler 'V6.16', folder: 'E:\stm32_KEIL5\ARM\ARMCLANG\Bin'
Build target 'L4_code'
../Core/Src/main.c(193): warning: passing 'char [13]' to parameter of type 'const BYTE *' (aka 'const unsigned char *') converts between pointers to integer types where one is of the unique plain 'char' type and the other is not [-Wpointer-sign]
                sd_datus = SD_Driver.disk_write(0,"SD CARD TEST",20,2);
                                                  ^~~~~~~~~~~~~~
1 warning generated.
compiling main.c...
linking...
Program Size: Code=27724 RO-data=14076 RW-data=224 ZI-data=3720  
FromELF: creating hex file...
"L4_code\L4_code.axf" - 0 Error(s), 1 Warning(s).

<h2>Software Packages used:</h2>

Package Vendor: ARM
                http://www.keil.com/pack/ARM.CMSIS.5.8.0.pack
                ARM.CMSIS.5.8.0
                CMSIS (Common Microcontroller Software Interface Standard)
   * Component: CORE Version: 5.5.0

Package Vendor: Keil
                https://www.keil.com/pack/Keil.STM32L4xx_DFP.3.0.0.pack
                Keil.STM32L4xx_DFP.3.0.0
                STMicroelectronics STM32L4 Series Device Support

<h2>Collection of Component include folders:</h2>
  .\RTE\_L4_code
  E:\stm32_KEIL5\ARM\CMSIS\5.8.0\CMSIS\Core\Include

<h2>Collection of Component Files used:</h2>

   * Component: ARM::CMSIS:CORE:5.5.0
      Include file:  CMSIS\Core\Include\tz_context.h
Build Time Elapsed:  00:00:01
</pre>
</body>
</html>
